<html>
<body>
<pre>
<h1>µVision Build Log</h1>
<h2>Tool Versions:</h2>
IDE-Version: µVision V5.43.1.0
Copyright (C) 2025 ARM Ltd and ARM Germany GmbH. All rights reserved.
License Information: duy admin, duy, LIC=----
 
Tool Versions:
Toolchain:       MDK-Lite  Version: 5.43.0.0
Toolchain Path:  C:\Users\admin\AppData\Local\Keil_v5\ARM\ARMCLANG\Bin
C Compiler:      ArmClang.exe V6.24
Assembler:       Armasm.exe V6.24
Linker/Locator:  ArmLink.exe V6.24
Library Manager: ArmAr.exe V6.24
Hex Converter:   FromElf.exe V6.24
CPU DLL:         SARMCM3.DLL V5.43.0.0
Dialog DLL:      DARMCM1.DLL V1.19.6.0
Target DLL:      STLink\ST-LINKIII-KEIL_SWO.dll V3.3.1.0
Dialog DLL:      TARMCM1.DLL V1.14.6.0
 
<h2>Project:</h2>
C:\Users\admin\Documents\khoa_luan.uvprojx
Project File Date:  03/03/2026

<h2>Output:</h2>
*** Using Compiler 'V6.24', folder: 'C:\Users\admin\AppData\Local\Keil_v5\ARM\ARMCLANG\Bin'
Rebuild target 'Target_1'
assembling startup_stm32l073xx.s...
main.c(140): warning: unused variable 'last_pid_tick' [-Wunused-variable]
  140 |         volatile uint32_t last_pid_tick = 0; 
      |                           ^~~~~~~~~~~~~
main.c(171): warning: comparison of integers of different signs: 'int' and 'unsigned int' [-Wsign-compare]
  171 |             for (int i = 0; i < strlen(text); i++) {
      |                             ~ ^ ~~~~~~~~~~~~
main.c(178): warning: comparison of integers of different signs: 'int' and 'unsigned int' [-Wsign-compare]
  178 |             for (int i = 0; i < strlen(text); i++) {
      |                             ~ ^ ~~~~~~~~~~~~
main.c(183): warning: comparison of integers of different signs: 'int' and 'unsigned int' [-Wsign-compare]
  183 |             for (int j = 0; j < strlen(t); j++) {
      |                             ~ ^ ~~~~~~~~~
4 warnings generated.
compiling main.c...
linking...
Program Size: Code=18152 RO-data=1076 RW-data=28 ZI-data=1752  
".\Objects\khoa_luan.axf" - 0 Error(s), 4 Warning(s).

<h2>Software Packages used:</h2>

Package Vendor: Keil
                https://www.keil.com/pack/Keil.STM32L0xx_DFP.3.1.0.pack
                Keil::STM32L0xx_DFP@3.1.0
                STMicroelectronics STM32L0 Series Device Support

<h2>Collection of Component include folders:</h2>

<h2>Collection of Component Files used:</h2>
Build Time Elapsed:  00:00:01
</pre>
</body>
</html>
