Component: Arm Compiler for Embedded 6.24 Tool: armlink [5f371500]

==============================================================================

Section Cross References

    main.o(.ARM.exidx.text.SystemInit) refers to main.o(.text.SystemInit) for [Anonymous Symbol]
    main.o(.ARM.exidx.text.Encoder_Init) refers to main.o(.text.Encoder_Init) for [Anonymous Symbol]
    main.o(.text.PWM_Init) refers to aeabi_sdiv.o(.text) for __aeabi_uidiv
    main.o(.text.PWM_Init) refers to main.o(.data.SystemCoreClock) for SystemCoreClock
    main.o(.ARM.exidx.text.PWM_Init) refers to main.o(.text.PWM_Init) for [Anonymous Symbol]
    main.o(.text.SysTick_Handler) refers to fflti.o(.text) for __aeabi_i2f
    main.o(.text.SysTick_Handler) refers to fmul.o(x$fpl$fmul) for __aeabi_fmul
    main.o(.text.SysTick_Handler) refers to fdiv.o(.text) for __aeabi_fdiv
    main.o(.text.SysTick_Handler) refers to faddsub.o(x$fpl$fsub) for __aeabi_fsub
    main.o(.text.SysTick_Handler) refers to faddsub.o(x$fpl$fadd) for __aeabi_fadd
    main.o(.text.SysTick_Handler) refers to main.o(.text.Relay_AutoTune) for Relay_AutoTune
    main.o(.text.SysTick_Handler) refers to main.o(.text.Calculate_PID_ZieglerNichols) for Calculate_PID_ZieglerNichols
    main.o(.text.SysTick_Handler) refers to main.o(.text.PID_Velocity_Control) for PID_Velocity_Control
    main.o(.text.SysTick_Handler) refers to main.o(.bss.uwTick) for uwTick
    main.o(.text.SysTick_Handler) refers to main.o(.bss.encoder_count_prev) for encoder_count_prev
    main.o(.text.SysTick_Handler) refers to main.o(.data.alpha_encoder) for alpha_encoder
    main.o(.text.SysTick_Handler) refers to main.o(.bss.Speed) for Speed
    main.o(.text.SysTick_Handler) refers to main.o(.bss.tuning_done) for tuning_done
    main.o(.text.SysTick_Handler) refers to main.o(.bss.is_calculated) for is_calculated
    main.o(.ARM.exidx.text.SysTick_Handler) refers to main.o(.text.SysTick_Handler) for [Anonymous Symbol]
    main.o(.text.main) refers to aeabi_sdiv.o(.text) for __aeabi_uidiv
    main.o(.text.main) refers to main.o(.text.PWM_Init) for PWM_Init
    main.o(.text.main) refers to main.o(.text.Encoder_Init) for Encoder_Init
    main.o(.text.main) refers to atof.o(i.atof) for atof
    main.o(.text.main) refers to d2f.o(.text) for __aeabi_d2f
    main.o(.text.main) refers to fcmp.o(i._fls) for __aeabi_fcmplt
    main.o(.text.main) refers to fcmp.o(i._fgr) for __aeabi_fcmpgt
    main.o(.text.main) refers to f2d.o(.text) for __aeabi_f2d
    main.o(.text.main) refers to sprintf.o(.text) for sprintf
    main.o(.text.main) refers to strlen.o(.text) for strlen
    main.o(.text.main) refers to main.o(.data.SystemCoreClock) for SystemCoreClock
    main.o(.text.main) refers to main.o(.bss.new_setpoint_received) for new_setpoint_received
    main.o(.text.main) refers to main.o(.bss.rx_buffer) for rx_buffer
    main.o(.text.main) refers to main.o(.data.Setpoint) for Setpoint
    main.o(.text.main) refers to main.o(.bss.uwTick) for uwTick
    main.o(.text.main) refers to main.o(.bss.tuning_done) for tuning_done
    main.o(.text.main) refers to main.o(.bss.Speed) for Speed
    main.o(.text.main) refers to main.o(.bss.u) for u
    main.o(.text.main) refers to main.o(.rodata.str1.1) for [Anonymous Symbol]
    main.o(.text.main) refers to main.o(.bss.Kp) for Kp
    main.o(.text.main) refers to main.o(.bss.Ki) for Ki
    main.o(.text.main) refers to main.o(.bss.Kd) for Kd
    main.o(.ARM.exidx.text.main) refers to main.o(.text.main) for [Anonymous Symbol]
    main.o(.text.Relay_AutoTune) refers to faddsub.o(x$fpl$fsub) for __aeabi_fsub
    main.o(.text.Relay_AutoTune) refers to fcmp.o(i._fleq) for __aeabi_fcmple
    main.o(.text.Relay_AutoTune) refers to fcmp.o(i._fgeq) for __aeabi_fcmpge
    main.o(.text.Relay_AutoTune) refers to fcmp.o(i._fgr) for __aeabi_fcmpgt
    main.o(.text.Relay_AutoTune) refers to dflti.o(.text) for __aeabi_ui2d
    main.o(.text.Relay_AutoTune) refers to ddiv.o(.text) for __aeabi_ddiv
    main.o(.text.Relay_AutoTune) refers to d2f.o(.text) for __aeabi_d2f
    main.o(.text.Relay_AutoTune) refers to f2d.o(.text) for __aeabi_f2d
    main.o(.text.Relay_AutoTune) refers to dmul.o(.text) for __aeabi_dmul
    main.o(.text.Relay_AutoTune) refers to dcmp.o(i._dleq) for __aeabi_dcmple
    main.o(.text.Relay_AutoTune) refers to dfixui.o(.text) for __aeabi_d2uiz
    main.o(.text.Relay_AutoTune) refers to main.o(.data.Setpoint) for Setpoint
    main.o(.text.Relay_AutoTune) refers to main.o(.bss.Speed) for Speed
    main.o(.text.Relay_AutoTune) refers to main.o(.data.d) for d
    main.o(.text.Relay_AutoTune) refers to main.o(.bss.u) for u
    main.o(.text.Relay_AutoTune) refers to main.o(.bss.speed_max) for speed_max
    main.o(.text.Relay_AutoTune) refers to main.o(.data.speed_min) for speed_min
    main.o(.text.Relay_AutoTune) refers to main.o(.bss.error_prev) for error_prev
    main.o(.text.Relay_AutoTune) refers to main.o(.bss.crossing_count) for crossing_count
[...]
    __arm_cp.1_7                             0x0800371c   Number         4  main.o(.text.Encoder_Init)
    [Anonymous Symbol]                       0x08003720   Section        0  main.o(.text.PID_Velocity_Control)
    __arm_cp.7_0                             0x08003884   Number         4  main.o(.text.PID_Velocity_Control)
    __arm_cp.7_1                             0x08003888   Number         4  main.o(.text.PID_Velocity_Control)
    __arm_cp.7_2                             0x0800388c   Number         4  main.o(.text.PID_Velocity_Control)
    __arm_cp.7_3                             0x08003890   Number         4  main.o(.text.PID_Velocity_Control)
    __arm_cp.7_4                             0x08003894   Number         4  main.o(.text.PID_Velocity_Control)
    __arm_cp.7_5                             0x08003898   Number         4  main.o(.text.PID_Velocity_Control)
    __arm_cp.7_6                             0x0800389c   Number         4  main.o(.text.PID_Velocity_Control)
    __arm_cp.7_7                             0x080038a0   Number         4  main.o(.text.PID_Velocity_Control)
    __arm_cp.7_8                             0x080038a4   Number         4  main.o(.text.PID_Velocity_Control)
    __arm_cp.7_9                             0x080038a8   Number         4  main.o(.text.PID_Velocity_Control)
    __arm_cp.7_10                            0x080038ac   Number         4  main.o(.text.PID_Velocity_Control)
    __arm_cp.7_11                            0x080038b0   Number         4  main.o(.text.PID_Velocity_Control)
    __arm_cp.7_12                            0x080038b4   Number         4  main.o(.text.PID_Velocity_Control)
    __arm_cp.7_13                            0x080038b8   Number         4  main.o(.text.PID_Velocity_Control)
    __arm_cp.7_14                            0x080038bc   Number         4  main.o(.text.PID_Velocity_Control)
    __arm_cp.7_15                            0x080038c0   Number         4  main.o(.text.PID_Velocity_Control)
    [Anonymous Symbol]                       0x080038c4   Section        0  main.o(.text.PWM_Init)
    __arm_cp.2_0                             0x08003964   Number         4  main.o(.text.PWM_Init)
    __arm_cp.2_1                             0x08003968   Number         4  main.o(.text.PWM_Init)
    __arm_cp.2_2                             0x0800396c   Number         4  main.o(.text.PWM_Init)
    __arm_cp.2_3                             0x08003970   Number         4  main.o(.text.PWM_Init)
    __arm_cp.2_4                             0x08003974   Number         4  main.o(.text.PWM_Init)
    __arm_cp.2_5                             0x08003978   Number         4  main.o(.text.PWM_Init)
    __arm_cp.2_6                             0x0800397c   Number         4  main.o(.text.PWM_Init)
    __arm_cp.2_7                             0x08003980   Number         4  main.o(.text.PWM_Init)
    __arm_cp.2_9                             0x08003984   Number         4  main.o(.text.PWM_Init)
    __arm_cp.2_10                            0x08003988   Number         4  main.o(.text.PWM_Init)
    __arm_cp.2_11                            0x0800398c   Number         4  main.o(.text.PWM_Init)
    __arm_cp.2_12                            0x08003990   Number         4  main.o(.text.PWM_Init)
    [Anonymous Symbol]                       0x08003994   Section        0  main.o(.text.Relay_AutoTune)
    __arm_cp.5_0                             0x08003b20   Number         4  main.o(.text.Relay_AutoTune)
    __arm_cp.5_1                             0x08003b24   Number         4  main.o(.text.Relay_AutoTune)
    __arm_cp.5_3                             0x08003b28   Number         4  main.o(.text.Relay_AutoTune)
    __arm_cp.5_4                             0x08003b2c   Number         4  main.o(.text.Relay_AutoTune)
    __arm_cp.5_11                            0x08003b30   Number         4  main.o(.text.Relay_AutoTune)
    __arm_cp.5_12                            0x08003b34   Number         4  main.o(.text.Relay_AutoTune)
    __arm_cp.5_13                            0x08003b38   Number         4  main.o(.text.Relay_AutoTune)
    __arm_cp.5_14                            0x08003b3c   Number         4  main.o(.text.Relay_AutoTune)
    __arm_cp.5_15                            0x08003b40   Number         4  main.o(.text.Relay_AutoTune)
    __arm_cp.5_17                            0x08003b44   Number         4  main.o(.text.Relay_AutoTune)
    __arm_cp.5_18                            0x08003b48   Number         4  main.o(.text.Relay_AutoTune)
    __arm_cp.5_19                            0x08003b4c   Number         4  main.o(.text.Relay_AutoTune)
    __arm_cp.5_20                            0x08003b50   Number         4  main.o(.text.Relay_AutoTune)
    [Anonymous Symbol]                       0x08003b54   Section        0  main.o(.text.SysTick_Handler)
    __arm_cp.3_0                             0x08003c00   Number         4  main.o(.text.SysTick_Handler)
    __arm_cp.3_1                             0x08003c04   Number         4  main.o(.text.SysTick_Handler)
    __arm_cp.3_2                             0x08003c08   Number         4  main.o(.text.SysTick_Handler)
    __arm_cp.3_3                             0x08003c0c   Number         4  main.o(.text.SysTick_Handler)
    __arm_cp.3_4                             0x08003c10   Number         4  main.o(.text.SysTick_Handler)
    __arm_cp.3_5                             0x08003c14   Number         4  main.o(.text.SysTick_Handler)
    __arm_cp.3_6                             0x08003c18   Number         4  main.o(.text.SysTick_Handler)
    __arm_cp.3_7                             0x08003c1c   Number         4  main.o(.text.SysTick_Handler)
    __arm_cp.3_9                             0x08003c20   Number         4  main.o(.text.SysTick_Handler)
    [Anonymous Symbol]                       0x08003c24   Section        0  main.o(.text.SystemInit)
    [Anonymous Symbol]                       0x08003c28   Section        0  main.o(.text.USART2_IRQHandler)
    __arm_cp.8_1                             0x08003cc8   Number         4  main.o(.text.USART2_IRQHandler)
    __arm_cp.8_2                             0x08003ccc   Number         4  main.o(.text.USART2_IRQHandler)
    __arm_cp.8_5                             0x08003cd0   Number         4  main.o(.text.USART2_IRQHandler)
    __arm_cp.8_6                             0x08003cd4   Number         4  main.o(.text.USART2_IRQHandler)
    __arm_cp.8_7                             0x08003cd8   Number         4  main.o(.text.USART2_IRQHandler)
    __arm_cp.8_8                             0x08003cdc   Number         4  main.o(.text.USART2_IRQHandler)
    __arm_cp.8_9                             0x08003ce0   Number         4  main.o(.text.USART2_IRQHandler)
    __arm_cp.8_10                            0x08003ce4   Number         4  main.o(.text.USART2_IRQHandler)
    __arm_cp.8_11                            0x08003ce8   Number         4  main.o(.text.USART2_IRQHandler)
    __arm_cp.8_12                            0x08003cec   Number         4  main.o(.text.USART2_IRQHandler)
    __arm_cp.8_13                            0x08003cf0   Number         4  main.o(.text.USART2_IRQHandler)
    [Anonymous Symbol]                       0x08003cf4   Section        0  main.o(.text.main)
    __arm_cp.4_0                             0x08003f50   Number         4  main.o(.text.main)
    __arm_cp.4_1                             0x08003f54   Number         4  main.o(.text.main)
    __arm_cp.4_2                             0x08003f58   Number         4  main.o(.text.main)
    __arm_cp.4_3                             0x08003f5c   Number         4  main.o(.text.main)
    __arm_cp.4_4                             0x08003f60   Number         4  main.o(.text.main)
    __arm_cp.4_5                             0x08003f64   Number         4  main.o(.text.main)
    __arm_cp.4_6                             0x08003f68   Number         4  main.o(.text.main)
    __arm_cp.4_7                             0x08003f6c   Number         4  main.o(.text.main)
    __arm_cp.4_8                             0x08003f70   Number         4  main.o(.text.main)
    __arm_cp.4_9                             0x08003f74   Number         4  main.o(.text.main)
    __arm_cp.4_10                            0x08003f78   Number         4  main.o(.text.main)
    __arm_cp.4_11                            0x08003f7c   Number         4  main.o(.text.main)
    __arm_cp.4_12                            0x08003f80   Number         4  main.o(.text.main)
    __arm_cp.4_13                            0x08003f84   Number         4  main.o(.text.main)
    __arm_cp.4_14                            0x08003f88   Number         4  main.o(.text.main)
    __arm_cp.4_15                            0x08003f8c   Number         4  main.o(.text.main)
    __arm_cp.4_16                            0x08003f90   Number         4  main.o(.text.main)
    __arm_cp.4_17                            0x08003f94   Number         4  main.o(.text.main)
    __arm_cp.4_18                            0x08003f98   Number         4  main.o(.text.main)
    __arm_cp.4_19                            0x08003f9c   Number         4  main.o(.text.main)
    __arm_cp.4_20                            0x08003fa0   Number         4  main.o(.text.main)
    __arm_cp.4_21                            0x08003fa4   Number         4  main.o(.text.main)
    __arm_cp.4_22                            0x08003fa8   Number         4  main.o(.text.main)
    __arm_cp.4_23                            0x08003fac   Number         4  main.o(.text.main)
    __arm_cp.4_24                            0x08003fb0   Number         4  main.o(.text.main)
    __arm_cp.4_25                            0x08003fb4   Number         4  main.o(.text.main)
    i.__ARM_common_ll_muluu                  0x08003fb8   Section        0  btod.o(i.__ARM_common_ll_muluu)
    i.__ARM_fpclassify                       0x08003fe8   Section        0  fpclassify.o(i.__ARM_fpclassify)
    i.__mathlib_dbl_overflow                 0x08004014   Section        0  dunder.o(i.__mathlib_dbl_overflow)
    i.__mathlib_dbl_underflow                0x08004028   Section        0  dunder.o(i.__mathlib_dbl_underflow)
    i.__mathlib_narrow                       0x0800403c   Section        0  narrow.o(i.__mathlib_narrow)
    i.__mathlib_tofloat                      0x0800404c   Section        0  narrow.o(i.__mathlib_tofloat)
    i.__support_ldexp                        0x08004114   Section        0  ldexp.o(i.__support_ldexp)
    i._dgeq                                  0x08004128   Section        0  dcmp.o(i._dgeq)
    i._dleq                                  0x0800413e   Section        0  dcmp.o(i._dleq)
    i._fgeq                                  0x08004158   Section        0  fcmp.o(i._fgeq)
    i._fgr                                   0x0800416e   Section        0  fcmp.o(i._fgr)
    i._fleq                                  0x08004184   Section        0  fcmp.o(i._fleq)
    i._fls                                   0x0800419e   Section        0  fcmp.o(i._fls)
    i._is_digit                              0x080041b4   Section        0  __printf_wp.o(i._is_digit)
    i.atof                                   0x080041c2   Section        0  atof.o(i.atof)
    i.frexp                                  0x080041f0   Section        0  frexp.o(i.frexp)
    i.ldexp                                  0x08004248   Section        0  ldexp.o(i.ldexp)
    locale$$code                             0x080042b8   Section       44  lc_numeric_c.o(locale$$code)
    locale$$code                             0x080042e4   Section       44  lc_ctype_c.o(locale$$code)
    x$fpl$deqf                               0x08004310   Section      100  deqf.o(x$fpl$deqf)
    x$fpl$dgeqf                              0x08004374   Section      100  dgef.o(x$fpl$dgeqf)
    x$fpl$dleqf                              0x080043d8   Section      100  dlef.o(x$fpl$dleqf)
    x$fpl$drleqf                             0x0800443c   Section      104  drlef.o(x$fpl$drleqf)
    x$fpl$fadd                               0x080044a4   Section      140  faddsub.o(x$fpl$fadd)
    _fadd1                                   0x080044b1   Thumb Code     0  faddsub.o(x$fpl$fadd)
    x$fpl$fgeqf                              0x08004530   Section       84  fgef.o(x$fpl$fgeqf)
    x$fpl$fleqf                              0x08004584   Section       84  flef.o(x$fpl$fleqf)
    x$fpl$fmul                               0x080045d8   Section      176  fmul.o(x$fpl$fmul)
    x$fpl$fsub                               0x08004688   Section      208  faddsub.o(x$fpl$fsub)
    _fsub1                                   0x08004695   Thumb Code     0  faddsub.o(x$fpl$fsub)
    x$fpl$printf1                            0x08004758   Section       16  printf1.o(x$fpl$printf1)
    x$fpl$printf2                            0x08004768   Section       16  printf2.o(x$fpl$printf2)
    x$fpl$scanf1                             0x08004778   Section       16  scanf1.o(x$fpl$scanf1)
    x$fpl$scanf2                             0x08004788   Section       32  scanf2.o(x$fpl$scanf2)
    ddiv_reciptbl                            0x080047a8   Data         128  ddiv.o(.constdata)
    .constdata                               0x080047a8   Section      128  ddiv.o(.constdata)
    x$fpl$usenofp                            0x080047a8   Section        0  usenofp.o(x$fpl$usenofp)
    fdiv_tab                                 0x08004828   Data          64  fdiv.o(.constdata)
    .constdata                               0x08004828   Section       64  fdiv.o(.constdata)
    initial_mbstate                          0x08004868   Data           8  _printf_wctomb.o(.constdata)
    .constdata                               0x08004868   Section        8  _printf_wctomb.o(.constdata)
    uc_hextab                                0x08004870   Data          20  _printf_hex_int_ll_ptr.o(.constdata)
    .constdata                               0x08004870   Section       40  _printf_hex_int_ll_ptr.o(.constdata)
    lc_hextab                                0x08004884   Data          20  _printf_hex_int_ll_ptr.o(.constdata)
    maptable                                 0x08004898   Data          17  __printf_flags_ss_wp.o(.constdata)
    .constdata                               0x08004898   Section       17  __printf_flags_ss_wp.o(.constdata)
    lc_hextab                                0x080048a9   Data          19  _printf_fp_hex.o(.constdata)
    .constdata                               0x080048a9   Section       38  _printf_fp_hex.o(.constdata)
    uc_hextab                                0x080048bc   Data          19  _printf_fp_hex.o(.constdata)
    tenpwrs_x                                0x080048d0   Data          60  bigflt0.o(.constdata)
    .constdata                               0x080048d0   Section      148  bigflt0.o(.constdata)
    tenpwrs_i                                0x0800490c   Data          64  bigflt0.o(.constdata)
    [Anonymous Symbol]                       0x08004964   Section        0  main.o(.rodata.str1.1)
    c$$dinf                                  0x080049e0   Section        8  fpconst.o(c$$dinf)
    c$$dmax                                  0x080049e8   Section        8  fpconst.o(c$$dmax)
    locale$$data                             0x080049f0   Section       28  lc_numeric_c.o(locale$$data)
    __lcnum_c_name                           0x080049f4   Data           2  lc_numeric_c.o(locale$$data)
    __lcnum_c_start                          0x080049fc   Data           0  lc_numeric_c.o(locale$$data)
    __lcnum_c_point                          0x08004a08   Data           0  lc_numeric_c.o(locale$$data)
    __lcnum_c_thousands                      0x08004a0a   Data           0  lc_numeric_c.o(locale$$data)
    __lcnum_c_grouping                       0x08004a0b   Data           0  lc_numeric_c.o(locale$$data)
    __lcnum_c_end                            0x08004a0c   Data           0  lc_numeric_c.o(locale$$data)
    locale$$data                             0x08004a0c   Section      272  lc_ctype_c.o(locale$$data)
    __lcctype_c_name                         0x08004a10   Data           2  lc_ctype_c.o(locale$$data)
    __lcctype_c_start                        0x08004a18   Data           0  lc_ctype_c.o(locale$$data)
    __lcctype_c_end                          0x08004b1c   Data           0  lc_ctype_c.o(locale$$data)
    .bss                                     0x20000020   Section       96  libspace.o(.bss)
    Heap_Mem                                 0x200000f8   Data         512  startup_stm32l073xx.o(HEAP)
    HEAP                                     0x200000f8   Section      512  startup_stm32l073xx.o(HEAP)
    Stack_Mem                                0x200002f8   Data        1024  startup_stm32l073xx.o(STACK)
    STACK                                    0x200002f8   Section     1024  startup_stm32l073xx.o(STACK)
    __initial_sp                             0x200006f8   Data           0  startup_stm32l073xx.o(STACK)

    Global Symbols

    Symbol Name                              Value     Ov Type        Size  Object(Section)

    BuildAttributes$$THM_ISAv3M$S$PE$A:L22$X:L11$S22$IEEE1$IW$~IW$USESV6$~STKCKD$USESV7$~SHL$OTIME$ROPI$IEEEX$EBA8$UX$STANDARDLIB$REQ8$PRES8$EABIv2 0x00000000   Number         0  anon$$obj.o ABSOLUTE
    _printf_flags                            0x00000000   Number         0  printf_stubs.o ABSOLUTE
    _printf_return_value                     0x00000000   Number         0  printf_stubs.o ABSOLUTE
    _printf_sizespec                         0x00000000   Number         0  printf_stubs.o ABSOLUTE
    _printf_widthprec                        0x00000000   Number         0  printf_stubs.o ABSOLUTE
    __ARM_exceptions_init                     - Undefined Weak Reference
    __alloca_initialize                       - Undefined Weak Reference
    __arm_preinit_                            - Undefined Weak Reference
    __arm_relocate_pie_                       - Undefined Weak Reference
    __cpp_initialize__aeabi_                  - Undefined Weak Reference
    __cxa_finalize                            - Undefined Weak Reference
    __sigvec_lookup                           - Undefined Weak Reference
    _atexit_init                              - Undefined Weak Reference
    _call_atexit_fns                          - Undefined Weak Reference
    _clock_init                               - Undefined Weak Reference
    _fp_trap_init                             - Undefined Weak Reference
    _fp_trap_shutdown                         - Undefined Weak Reference
    _get_lc_collate                           - Undefined Weak Reference
    _get_lc_monetary                          - Undefined Weak Reference
    _get_lc_time                              - Undefined Weak Reference
    _getenv_init                              - Undefined Weak Reference
    _handle_redirection                       - Undefined Weak Reference
    _init_alloc                               - Undefined Weak Reference
    _init_user_alloc                          - Undefined Weak Reference
    _initio                                   - Undefined Weak Reference
    _printf_mbtowc                            - Undefined Weak Reference
    _printf_wc                                - Undefined Weak Reference
    _rand_init                                - Undefined Weak Reference
    _signal_finish                            - Undefined Weak Reference
    _signal_init                              - Undefined Weak Reference
    _terminate_alloc                          - Undefined Weak Reference
    _terminate_user_alloc                     - Undefined Weak Reference
    _terminateio                              - Undefined Weak Reference
    __Vectors_Size                           0x000000c0   Number         0  startup_stm32l073xx.o ABSOLUTE
    __Vectors                                0x08000000   Data           4  startup_stm32l073xx.o(RESET)
    __Vectors_End                            0x080000c0   Data           0  startup_stm32l073xx.o(RESET)
    __main                                   0x080000c1   Thumb Code     8  __main.o(!!!main)
    __scatterload                            0x080000c9   Thumb Code     0  __scatter.o(!!!scatter)
    __scatterload_rt2                        0x080000c9   Thumb Code    74  __scatter.o(!!!scatter)
    __scatterload_rt2_thumb_only             0x080000c9   Thumb Code     0  __scatter.o(!!!scatter)
    __scatterload_loop                       0x080000d3   Thumb Code     0  __scatter.o(!!!scatter)
    __scatterload_copy                       0x0800011d   Thumb Code    26  __scatter_copy.o(!!handler_copy)
    __scatterload_null                       0x08000139   Thumb Code     2  __scatter.o(!!handler_null)
    __scatterload_zeroinit                   0x0800013d   Thumb Code    28  __scatter_zi.o(!!handler_zi)
    _printf_percent                          0x08000159   Thumb Code     0  _printf_percent.o(.ARM.Collect$$_printf_percent$$00000000)
    _printf_n                                0x0800015b   Thumb Code     0  _printf_n.o(.ARM.Collect$$_printf_percent$$00000001)
    _printf_p                                0x08000165   Thumb Code     0  _printf_p.o(.ARM.Collect$$_printf_percent$$00000002)
    _printf_f                                0x0800016f   Thumb Code     0  _printf_f.o(.ARM.Collect$$_printf_percent$$00000003)
    _printf_e                                0x08000179   Thumb Code     0  _printf_e.o(.ARM.Collect$$_printf_percent$$00000004)
    _printf_g                                0x08000183   Thumb Code     0  _printf_g.o(.ARM.Collect$$_printf_percent$$00000005)
    _printf_a                                0x0800018d   Thumb Code     0  _printf_a.o(.ARM.Collect$$_printf_percent$$00000006)
    _printf_ll                               0x08000197   Thumb Code     0  _printf_ll.o(.ARM.Collect$$_printf_percent$$00000007)
    _printf_i                                0x080001a1   Thumb Code     0  _printf_i.o(.ARM.Collect$$_printf_percent$$00000008)
    _printf_d                                0x080001ab   Thumb Code     0  _printf_d.o(.ARM.Collect$$_printf_percent$$00000009)
    _printf_u                                0x080001b5   Thumb Code     0  _printf_u.o(.ARM.Collect$$_printf_percent$$0000000A)
    _printf_o                                0x080001bf   Thumb Code     0  _printf_o.o(.ARM.Collect$$_printf_percent$$0000000B)
    _printf_x                                0x080001c9   Thumb Code     0  _printf_x.o(.ARM.Collect$$_printf_percent$$0000000C)
    _printf_lli                              0x080001d3   Thumb Code     0  _printf_lli.o(.ARM.Collect$$_printf_percent$$0000000D)
    _printf_lld                              0x080001dd   Thumb Code     0  _printf_lld.o(.ARM.Collect$$_printf_percent$$0000000E)
    _printf_llu                              0x080001e7   Thumb Code     0  _printf_llu.o(.ARM.Collect$$_printf_percent$$0000000F)
    _printf_llo                              0x080001f1   Thumb Code     0  _printf_llo.o(.ARM.Collect$$_printf_percent$$00000010)
    _printf_llx                              0x080001fb   Thumb Code     0  _printf_llx.o(.ARM.Collect$$_printf_percent$$00000011)
    _printf_l                                0x08000205   Thumb Code     0  _printf_l.o(.ARM.Collect$$_printf_percent$$00000012)
    _printf_c                                0x0800020f   Thumb Code     0  _printf_c.o(.ARM.Collect$$_printf_percent$$00000013)
    _printf_s                                0x08000219   Thumb Code     0  _printf_s.o(.ARM.Collect$$_printf_percent$$00000014)
    _printf_lc                               0x08000223   Thumb Code     0  _printf_lc.o(.ARM.Collect$$_printf_percent$$00000015)
    _printf_ls                               0x0800022d   Thumb Code     0  _printf_ls.o(.ARM.Collect$$_printf_percent$$00000016)
    _printf_percent_end                      0x08000237   Thumb Code     0  _printf_percent_end.o(.ARM.Collect$$_printf_percent$$00000017)
    __rt_lib_init                            0x0800023b   Thumb Code     0  libinit.o(.ARM.Collect$$libinit$$00000000)
    __rt_lib_init_fp_1                       0x0800023d   Thumb Code     0  libinit2.o(.ARM.Collect$$libinit$$00000002)
    __rt_lib_init_heap_1                     0x0800023d   Thumb Code     0  libinit2.o(.ARM.Collect$$libinit$$0000000C)
    __rt_lib_init_lc_common                  0x0800023d   Thumb Code     0  libinit2.o(.ARM.Collect$$libinit$$00000011)
    __rt_lib_init_preinit_1                  0x0800023d   Thumb Code     0  libinit2.o(.ARM.Collect$$libinit$$00000006)
    __rt_lib_init_rand_1                     0x0800023d   Thumb Code     0  libinit2.o(.ARM.Collect$$libinit$$00000010)
    __rt_lib_init_relocate_pie_1             0x0800023d   Thumb Code     0  libinit2.o(.ARM.Collect$$libinit$$00000004)
    __rt_lib_init_user_alloc_1               0x0800023d   Thumb Code     0  libinit2.o(.ARM.Collect$$libinit$$0000000E)
    __rt_lib_init_lc_collate_1               0x08000243   Thumb Code     0  libinit2.o(.ARM.Collect$$libinit$$00000013)
    __rt_lib_init_lc_ctype_2                 0x08000243   Thumb Code     0  libinit2.o(.ARM.Collect$$libinit$$00000014)
    __rt_lib_init_lc_ctype_1                 0x0800024f   Thumb Code     0  libinit2.o(.ARM.Collect$$libinit$$00000015)
    __rt_lib_init_lc_monetary_1              0x0800024f   Thumb Code     0  libinit2.o(.ARM.Collect$$libinit$$00000017)
    __rt_lib_init_lc_numeric_2               0x0800024f   Thumb Code     0  libinit2.o(.ARM.Collect$$libinit$$00000018)
    __rt_lib_init_alloca_1                   0x08000259   Thumb Code     0  libinit2.o(.ARM.Collect$$libinit$$00000030)
    __rt_lib_init_argv_1                     0x08000259   Thumb Code     0  libinit2.o(.ARM.Collect$$libinit$$0000002E)
    __rt_lib_init_atexit_1                   0x08000259   Thumb Code     0  libinit2.o(.ARM.Collect$$libinit$$0000001D)
    __rt_lib_init_clock_1                    0x08000259   Thumb Code     0  libinit2.o(.ARM.Collect$$libinit$$00000023)
    __rt_lib_init_cpp_1                      0x08000259   Thumb Code     0  libinit2.o(.ARM.Collect$$libinit$$00000034)
    __rt_lib_init_exceptions_1               0x08000259   Thumb Code     0  libinit2.o(.ARM.Collect$$libinit$$00000032)
    __rt_lib_init_fp_trap_1                  0x08000259   Thumb Code     0  libinit2.o(.ARM.Collect$$libinit$$00000021)
    __rt_lib_init_getenv_1                   0x08000259   Thumb Code     0  libinit2.o(.ARM.Collect$$libinit$$00000025)
    __rt_lib_init_lc_numeric_1               0x08000259   Thumb Code     0  libinit2.o(.ARM.Collect$$libinit$$00000019)
    __rt_lib_init_lc_time_1                  0x08000259   Thumb Code     0  libinit2.o(.ARM.Collect$$libinit$$0000001B)
    __rt_lib_init_return                     0x08000259   Thumb Code     0  libinit2.o(.ARM.Collect$$libinit$$00000035)
    __rt_lib_init_signal_1                   0x08000259   Thumb Code     0  libinit2.o(.ARM.Collect$$libinit$$0000001F)
    __rt_lib_init_stdio_1                    0x08000259   Thumb Code     0  libinit2.o(.ARM.Collect$$libinit$$00000027)
    __rt_lib_shutdown                        0x0800025b   Thumb Code     0  libshutdown.o(.ARM.Collect$$libshutdown$$00000000)
    __rt_lib_shutdown_cpp_1                  0x0800025d   Thumb Code     0  libshutdown2.o(.ARM.Collect$$libshutdown$$00000002)
    __rt_lib_shutdown_fp_trap_1              0x0800025d   Thumb Code     0  libshutdown2.o(.ARM.Collect$$libshutdown$$00000007)
    __rt_lib_shutdown_heap_1                 0x0800025d   Thumb Code     0  libshutdown2.o(.ARM.Collect$$libshutdown$$0000000F)
    __rt_lib_shutdown_return                 0x0800025d   Thumb Code     0  libshutdown2.o(.ARM.Collect$$libshutdown$$00000010)
    __rt_lib_shutdown_signal_1               0x0800025d   Thumb Code     0  libshutdown2.o(.ARM.Collect$$libshutdown$$0000000A)
    __rt_lib_shutdown_stdio_1                0x0800025d   Thumb Code     0  libshutdown2.o(.ARM.Collect$$libshutdown$$00000004)
    __rt_lib_shutdown_user_alloc_1           0x0800025d   Thumb Code     0  libshutdown2.o(.ARM.Collect$$libshutdown$$0000000C)
    __rt_entry                               0x0800025f   Thumb Code     0  __rtentry.o(.ARM.Collect$$rtentry$$00000000)
    __rt_entry_presh_1                       0x0800025f   Thumb Code     0  __rtentry2.o(.ARM.Collect$$rtentry$$00000002)
    __rt_entry_sh                            0x0800025f   Thumb Code     0  __rtentry4.o(.ARM.Collect$$rtentry$$00000004)
    __rt_entry_li                            0x08000265   Thumb Code     0  __rtentry2.o(.ARM.Collect$$rtentry$$0000000A)
    __rt_entry_postsh_1                      0x08000265   Thumb Code     0  __rtentry2.o(.ARM.Collect$$rtentry$$00000009)
    __rt_entry_main                          0x08000269   Thumb Code     0  __rtentry2.o(.ARM.Collect$$rtentry$$0000000D)
    __rt_entry_postli_1                      0x08000269   Thumb Code     0  __rtentry2.o(.ARM.Collect$$rtentry$$0000000C)
    __rt_exit                                0x08000271   Thumb Code     0  rtexit.o(.ARM.Collect$$rtexit$$00000000)
    __rt_exit_ls                             0x08000273   Thumb Code     0  rtexit2.o(.ARM.Collect$$rtexit$$00000003)
    __rt_exit_prels_1                        0x08000273   Thumb Code     0  rtexit2.o(.ARM.Collect$$rtexit$$00000002)
    __rt_exit_exit                           0x08000277   Thumb Code     0  rtexit2.o(.ARM.Collect$$rtexit$$00000004)
    Reset_Handler                            0x0800027d   Thumb Code     8  startup_stm32l073xx.o(.text)
    NMI_Handler                              0x08000285   Thumb Code     2  startup_stm32l073xx.o(.text)
    HardFault_Handler                        0x08000287   Thumb Code     2  startup_stm32l073xx.o(.text)
    SVC_Handler                              0x08000289   Thumb Code     2  startup_stm32l073xx.o(.text)
    PendSV_Handler                           0x0800028b   Thumb Code     2  startup_stm32l073xx.o(.text)
    ADC1_COMP_IRQHandler                     0x0800028f   Thumb Code     0  startup_stm32l073xx.o(.text)
    DMA1_Channel1_IRQHandler                 0x0800028f   Thumb Code     0  startup_stm32l073xx.o(.text)
    DMA1_Channel2_3_IRQHandler               0x0800028f   Thumb Code     0  startup_stm32l073xx.o(.text)
    DMA1_Channel4_5_6_7_IRQHandler           0x0800028f   Thumb Code     0  startup_stm32l073xx.o(.text)
    EXTI0_1_IRQHandler                       0x0800028f   Thumb Code     0  startup_stm32l073xx.o(.text)
    EXTI2_3_IRQHandler                       0x0800028f   Thumb Code     0  startup_stm32l073xx.o(.text)
    EXTI4_15_IRQHandler                      0x0800028f   Thumb Code     0  startup_stm32l073xx.o(.text)
    FLASH_IRQHandler                         0x0800028f   Thumb Code     0  startup_stm32l073xx.o(.text)
    I2C1_IRQHandler                          0x0800028f   Thumb Code     0  startup_stm32l073xx.o(.text)
    I2C2_IRQHandler                          0x0800028f   Thumb Code     0  startup_stm32l073xx.o(.text)
    I2C3_IRQHandler                          0x0800028f   Thumb Code     0  startup_stm32l073xx.o(.text)
    LCD_IRQHandler                           0x0800028f   Thumb Code     0  startup_stm32l073xx.o(.text)
    LPTIM1_IRQHandler                        0x0800028f   Thumb Code     0  startup_stm32l073xx.o(.text)
    PVD_IRQHandler                           0x0800028f   Thumb Code     0  startup_stm32l073xx.o(.text)
    RCC_CRS_IRQHandler                       0x0800028f   Thumb Code     0  startup_stm32l073xx.o(.text)
    RNG_LPUART1_IRQHandler                   0x0800028f   Thumb Code     0  startup_stm32l073xx.o(.text)
    RTC_IRQHandler                           0x0800028f   Thumb Code     0  startup_stm32l073xx.o(.text)
    SPI1_IRQHandler                          0x0800028f   Thumb Code     0  startup_stm32l073xx.o(.text)
    SPI2_IRQHandler                          0x0800028f   Thumb Code     0  startup_stm32l073xx.o(.text)
    TIM21_IRQHandler                         0x0800028f   Thumb Code     0  startup_stm32l073xx.o(.text)
    TIM22_IRQHandler                         0x0800028f   Thumb Code     0  startup_stm32l073xx.o(.text)
    TIM2_IRQHandler                          0x0800028f   Thumb Code     0  startup_stm32l073xx.o(.text)
    TIM3_IRQHandler                          0x0800028f   Thumb Code     0  startup_stm32l073xx.o(.text)
    TIM6_DAC_IRQHandler                      0x0800028f   Thumb Code     0  startup_stm32l073xx.o(.text)
    TIM7_IRQHandler                          0x0800028f   Thumb Code     0  startup_stm32l073xx.o(.text)
    TSC_IRQHandler                           0x0800028f   Thumb Code     0  startup_stm32l073xx.o(.text)
    USART1_IRQHandler                        0x0800028f   Thumb Code     0  startup_stm32l073xx.o(.text)
    USART4_5_IRQHandler                      0x0800028f   Thumb Code     0  startup_stm32l073xx.o(.text)
    USB_IRQHandler                           0x0800028f   Thumb Code     0  startup_stm32l073xx.o(.text)
    WWDG_IRQHandler                          0x0800028f   Thumb Code     0  startup_stm32l073xx.o(.text)
    __user_initial_stackheap                 0x08000291   Thumb Code     0  startup_stm32l073xx.o(.text)
    sprintf                                  0x080002b5   Thumb Code    40  sprintf.o(.text)
    strlen                                   0x080002e1   Thumb Code    62  strlen.o(.text)
    __aeabi_uidiv                            0x08000325   Thumb Code     0  aeabi_sdiv.o(.text)
    __aeabi_uidivmod                         0x08000325   Thumb Code    20  aeabi_sdiv.o(.text)
    __aeabi_idiv                             0x08000339   Thumb Code     0  aeabi_sdiv.o(.text)
    __aeabi_idivmod                          0x08000339   Thumb Code   338  aeabi_sdiv.o(.text)
    __use_two_region_memory                  0x08000491   Thumb Code     2  heapauxi.o(.text)
    __rt_heap_escrow$2region                 0x08000493   Thumb Code     2  heapauxi.o(.text)
    __rt_heap_expand$2region                 0x08000495   Thumb Code     2  heapauxi.o(.text)
    __aeabi_d2f                              0x08000499   Thumb Code     0  d2f.o(.text)
    __truncdfsf2                             0x08000499   Thumb Code     0  d2f.o(.text)
    _d2f                                     0x08000499   Thumb Code   120  d2f.o(.text)
    __adddf3                                 0x0800080d   Thumb Code     0  daddsub.o(.text)
    __aeabi_dadd                             0x0800080d   Thumb Code     0  daddsub.o(.text)
    _dadd                                    0x0800080d   Thumb Code    26  daddsub.o(.text)
    __aeabi_dsub                             0x08000827   Thumb Code     0  daddsub.o(.text)
    __subdf3                                 0x08000827   Thumb Code     0  daddsub.o(.text)
    _dsub                                    0x08000827   Thumb Code    22  daddsub.o(.text)
    __aeabi_drsub                            0x0800083d   Thumb Code     0  daddsub.o(.text)
    _drsb                                    0x0800083d   Thumb Code    28  daddsub.o(.text)
    __aeabi_ddiv                             0x0800086d   Thumb Code     0  ddiv.o(.text)
    __divdf3                                 0x0800086d   Thumb Code     0  ddiv.o(.text)
    _ddiv                                    0x0800086d   Thumb Code  1072  ddiv.o(.text)
    _drdiv                                   0x08000c9d   Thumb Code    20  ddiv.o(.text)
    __aeabi_d2uiz                            0x08000cb5   Thumb Code     0  dfixui.o(.text)
    _dfixu                                   0x08000cb5   Thumb Code    68  dfixui.o(.text)
    __aeabi_i2d_normalise                    0x08000cfd   Thumb Code    66  dflti.o(.text)
    __aeabi_i2d                              0x08000d3f   Thumb Code    16  dflti.o(.text)
    _dflt                                    0x08000d3f   Thumb Code     0  dflti.o(.text)
    __aeabi_ui2d                             0x08000d4f   Thumb Code     6  dflti.o(.text)
    _dfltu                                   0x08000d4f   Thumb Code     0  dflti.o(.text)
    __aeabi_dmul                             0x08000d55   Thumb Code     0  dmul.o(.text)
    __muldf3                                 0x08000d55   Thumb Code     0  dmul.o(.text)
    _dmul                                    0x08000d55   Thumb Code   558  dmul.o(.text)
    __aeabi_f2d                              0x08000f9d   Thumb Code     0  f2d.o(.text)
    __extendsfdf2                            0x08000f9d   Thumb Code     0  f2d.o(.text)
    _f2d                                     0x08000f9d   Thumb Code    80  f2d.o(.text)
    __aeabi_fdiv                             0x08000ff1   Thumb Code     0  fdiv.o(.text)
    __divsf3                                 0x08000ff1   Thumb Code     0  fdiv.o(.text)
    _fdiv                                    0x08000ff1   Thumb Code   334  fdiv.o(.text)
    _frdiv                                   0x0800113f   Thumb Code     8  fdiv.o(.text)
    __aeabi_i2f_normalise                    0x08001151   Thumb Code    72  fflti.o(.text)
    __aeabi_i2f                              0x08001199   Thumb Code    16  fflti.o(.text)
    _fflt                                    0x08001199   Thumb Code     0  fflti.o(.text)
    __aeabi_ui2f                             0x080011a9   Thumb Code     6  fflti.o(.text)
    _ffltu                                   0x080011a9   Thumb Code     0  fflti.o(.text)
    __read_errno                             0x080011af   Thumb Code    10  _rserrno.o(.text)
    __set_errno                              0x080011b9   Thumb Code    12  _rserrno.o(.text)
    _printf_pre_padding                      0x080011c5   Thumb Code    44  _printf_pad.o(.text)
    _printf_post_padding                     0x080011f1   Thumb Code    34  _printf_pad.o(.text)
    _printf_truncate_signed                  0x08001213   Thumb Code    18  _printf_truncate.o(.text)
    _printf_truncate_unsigned                0x08001225   Thumb Code    18  _printf_truncate.o(.text)
    _printf_str                              0x08001237   Thumb Code    82  _printf_str.o(.text)
    _printf_int_dec                          0x08001289   Thumb Code    90  _printf_dec.o(.text)
    _printf_charcount                        0x080012f5   Thumb Code    38  _printf_charcount.o(.text)
    _printf_char_common                      0x08001327   Thumb Code    32  _printf_char_common.o(.text)
    _sputc                                   0x0800134d   Thumb Code    10  _sputc.o(.text)
    _printf_wctomb                           0x08001359   Thumb Code   182  _printf_wctomb.o(.text)
    _printf_longlong_dec                     0x08001415   Thumb Code    94  _printf_longlong_dec.o(.text)
    _printf_longlong_oct                     0x08001485   Thumb Code    68  _printf_oct_int_ll.o(.text)
    _printf_int_oct                          0x080014c9   Thumb Code    24  _printf_oct_int_ll.o(.text)
    _printf_ll_oct                           0x080014e1   Thumb Code    10  _printf_oct_int_ll.o(.text)
    _printf_longlong_hex                     0x080014f5   Thumb Code    88  _printf_hex_int_ll_ptr.o(.text)
    _printf_int_hex                          0x0800154d   Thumb Code    28  _printf_hex_int_ll_ptr.o(.text)
    _printf_ll_hex                           0x08001569   Thumb Code    10  _printf_hex_int_ll_ptr.o(.text)
    _printf_hex_ptr                          0x08001573   Thumb Code    22  _printf_hex_int_ll_ptr.o(.text)
    __printf                                 0x0800158d   Thumb Code   386  __printf_flags_ss_wp.o(.text)
    __strtod_int                             0x0800175b   Thumb Code    98  strtod.o(.text)
    __aeabi_errno_addr                       0x080017cd   Thumb Code     8  rt_errno_addr_intlibspace.o(.text)
    __errno$intlibspace                      0x080017cd   Thumb Code     0  rt_errno_addr_intlibspace.o(.text)
    __rt_errno_addr$intlibspace              0x080017cd   Thumb Code     0  rt_errno_addr_intlibspace.o(.text)
    _ll_udiv10                               0x080017d5   Thumb Code   122  lludiv10.o(.text)
    isspace                                  0x0800184f   Thumb Code    18  isspace.o(.text)
    _printf_int_common                       0x08001861   Thumb Code   176  _printf_intcommon.o(.text)
    _printf_fp_dec_real                      0x08001aad   Thumb Code   620  _printf_fp_dec.o(.text)
    _printf_fp_hex_real                      0x08001d25   Thumb Code   718  _printf_fp_hex.o(.text)
    _printf_cs_common                        0x08001ffd   Thumb Code    22  _printf_char.o(.text)
    _printf_char                             0x08002013   Thumb Code    16  _printf_char.o(.text)
    _printf_string                           0x08002023   Thumb Code     8  _printf_char.o(.text)
    _printf_lcs_common                       0x0800202b   Thumb Code    22  _printf_wchar.o(.text)
    _printf_wchar                            0x08002041   Thumb Code    16  _printf_wchar.o(.text)
    _printf_wstring                          0x08002051   Thumb Code     8  _printf_wchar.o(.text)
    _sgetc                                   0x08002059   Thumb Code    32  _sgetc.o(.text)
    _sbackspace                              0x08002079   Thumb Code    36  _sgetc.o(.text)
    _c16rtomb                                0x0800209d   Thumb Code    66  _c16rtomb.o(.text)
    _wcrtomb                                 0x0800209d   Thumb Code     0  _c16rtomb.o(.text)
    __rt_udiv10                              0x080020df   Thumb Code    40  rtudiv10.o(.text)
    __fpl_dcmp_InfNaN                        0x08002109   Thumb Code   154  dcmpin.o(.text)
    __fpl_fcmp_InfNaN                        0x080021a9   Thumb Code    96  fcmpin.o(.text)
    __user_libspace                          0x0800220d   Thumb Code     8  libspace.o(.text)
    __user_perproc_libspace                  0x0800220d   Thumb Code     0  libspace.o(.text)
    __user_perthread_libspace                0x0800220d   Thumb Code     0  libspace.o(.text)
    __user_setup_stackheap                   0x08002215   Thumb Code    62  sys_stackheap_outer.o(.text)
    __rt_ctype_table                         0x08002255   Thumb Code    16  rt_ctype_table.o(.text)
    __rt_locale                              0x08002265   Thumb Code     8  rt_locale_intlibspace.o(.text)
    _printf_fp_infnan                        0x0800226d   Thumb Code   120  _printf_fp_infnan.o(.text)
    _scanf_really_real                       0x0800254f   Thumb Code   710  scanf_fp.o(.text)
    _btod_etento                             0x08002815   Thumb Code   210  bigflt0.o(.text)
    _btod_d2e                                0x080028ed   Thumb Code    64  btod.o(.text)
    _btod_emul                               0x08002d21   Thumb Code    28  btod.o(.text)
    _btod_emuld                              0x08002d3d   Thumb Code   144  btod.o(.text)
    _btod_ediv                               0x08002dcd   Thumb Code    26  btod.o(.text)
    _btod_edivd                              0x08002de7   Thumb Code   124  btod.o(.text)
    exit                                     0x08002e6d   Thumb Code    16  exit.o(.text)
    strcmp                                   0x08002e7d   Thumb Code   132  strcmp.o(.text)
    __fpl_cmpreturn                          0x08002f05   Thumb Code    46  cmpret.o(.text)
    __fpl_dcheck_NaN2                        0x08002f35   Thumb Code    14  dnan2.o(.text)
    __fpl_fcheck_NaN2                        0x08002f49   Thumb Code    10  fnan2.o(.text)
    __aeabi_llsl                             0x08002f59   Thumb Code    32  llshl.o(.text)
    _ll_shift_l                              0x08002f59   Thumb Code     0  llshl.o(.text)
    __aeabi_lmul                             0x08002f79   Thumb Code    48  llmul.o(.text)
    _ll_mul                                  0x08002f79   Thumb Code     0  llmul.o(.text)
    __fpl_return_NaN                         0x08002fa9   Thumb Code    94  retnan.o(.text)
    _sys_exit                                0x08003009   Thumb Code     8  sys_exit.o(.text)
    _scanf_really_hex_real                   0x08003015   Thumb Code   806  scanf_hexfp.o(.text)
    _scanf_really_infnan                     0x08003349   Thumb Code   300  scanf_infnan.o(.text)
    __I$use$semihosting                      0x08003485   Thumb Code     0  use_no_semi.o(.text)
    __use_no_semihosting_swi                 0x08003485   Thumb Code     2  use_no_semi.o(.text)
    __semihosting_library_function           0x08003487   Thumb Code     0  indicate_semi.o(.text)
    _chval                                   0x08003487   Thumb Code    30  _chval.o(.text)
    __ARM_scalbn                             0x080034a5   Thumb Code    84  dscalbn.o(.text)
    Calculate_PID_ZieglerNichols             0x08003505   Thumb Code   340  main.o(.text.Calculate_PID_ZieglerNichols)
    Encoder_Init                             0x0800368d   Thumb Code   128  main.o(.text.Encoder_Init)
    PID_Velocity_Control                     0x08003721   Thumb Code   356  main.o(.text.PID_Velocity_Control)
    PWM_Init                                 0x080038c5   Thumb Code   160  main.o(.text.PWM_Init)
    Relay_AutoTune                           0x08003995   Thumb Code   396  main.o(.text.Relay_AutoTune)
    SysTick_Handler                          0x08003b55   Thumb Code   172  main.o(.text.SysTick_Handler)
    SystemInit                               0x08003c25   Thumb Code     2  main.o(.text.SystemInit)
    USART2_IRQHandler                        0x08003c29   Thumb Code   160  main.o(.text.USART2_IRQHandler)
    main                                     0x08003cf5   Thumb Code   604  main.o(.text.main)
    __ARM_common_ll_muluu                    0x08003fb9   Thumb Code    48  btod.o(i.__ARM_common_ll_muluu)
    __ARM_fpclassify                         0x08003fe9   Thumb Code    40  fpclassify.o(i.__ARM_fpclassify)
    __mathlib_dbl_overflow                   0x08004015   Thumb Code    16  dunder.o(i.__mathlib_dbl_overflow)
    __mathlib_dbl_underflow                  0x08004029   Thumb Code    14  dunder.o(i.__mathlib_dbl_underflow)
    __mathlib_narrow                         0x0800403d   Thumb Code    16  narrow.o(i.__mathlib_narrow)
    __mathlib_tofloat                        0x0800404d   Thumb Code   190  narrow.o(i.__mathlib_tofloat)
    __support_ldexp                          0x08004115   Thumb Code    20  ldexp.o(i.__support_ldexp)
    __aeabi_dcmpge                           0x08004129   Thumb Code     0  dcmp.o(i._dgeq)
    _dgeq                                    0x08004129   Thumb Code    22  dcmp.o(i._dgeq)
    __aeabi_dcmple                           0x0800413f   Thumb Code     0  dcmp.o(i._dleq)
    _dleq                                    0x0800413f   Thumb Code    26  dcmp.o(i._dleq)
    __aeabi_fcmpge                           0x08004159   Thumb Code     0  fcmp.o(i._fgeq)
    _fgeq                                    0x08004159   Thumb Code    22  fcmp.o(i._fgeq)
    __aeabi_fcmpgt                           0x0800416f   Thumb Code     0  fcmp.o(i._fgr)
    _fgr                                     0x0800416f   Thumb Code    22  fcmp.o(i._fgr)
    __aeabi_fcmple                           0x08004185   Thumb Code     0  fcmp.o(i._fleq)
    _fleq                                    0x08004185   Thumb Code    26  fcmp.o(i._fleq)
    __aeabi_fcmplt                           0x0800419f   Thumb Code     0  fcmp.o(i._fls)
    _fls                                     0x0800419f   Thumb Code    22  fcmp.o(i._fls)
    _is_digit                                0x080041b5   Thumb Code    14  __printf_wp.o(i._is_digit)
    atof                                     0x080041c3   Thumb Code    44  atof.o(i.atof)
    frexp                                    0x080041f1   Thumb Code    72  frexp.o(i.frexp)
    ldexp                                    0x08004249   Thumb Code   112  ldexp.o(i.ldexp)
    _get_lc_numeric                          0x080042b9   Thumb Code    44  lc_numeric_c.o(locale$$code)
    _get_lc_ctype                            0x080042e5   Thumb Code    44  lc_ctype_c.o(locale$$code)
    __aeabi_cdcmpeq                          0x08004311   Thumb Code     0  deqf.o(x$fpl$deqf)
    _dcmpeq                                  0x08004311   Thumb Code    94  deqf.o(x$fpl$deqf)
    _dcmpge                                  0x08004375   Thumb Code    94  dgef.o(x$fpl$dgeqf)
    __aeabi_cdcmple                          0x080043d9   Thumb Code     0  dlef.o(x$fpl$dleqf)
    _dcmple                                  0x080043d9   Thumb Code    94  dlef.o(x$fpl$dleqf)
    __aeabi_cdrcmple                         0x0800443d   Thumb Code     0  drlef.o(x$fpl$drleqf)
    _drcmple                                 0x0800443d   Thumb Code   100  drlef.o(x$fpl$drleqf)
    __aeabi_fadd                             0x080044a5   Thumb Code     0  faddsub.o(x$fpl$fadd)
    _fadd                                    0x080044a5   Thumb Code   134  faddsub.o(x$fpl$fadd)
    _fcmpge                                  0x08004531   Thumb Code    78  fgef.o(x$fpl$fgeqf)
    __aeabi_cfcmple                          0x08004585   Thumb Code     0  flef.o(x$fpl$fleqf)
    _fcmple                                  0x08004585   Thumb Code    78  flef.o(x$fpl$fleqf)
    __aeabi_fmul                             0x080045d9   Thumb Code     0  fmul.o(x$fpl$fmul)
    _fmul                                    0x080045d9   Thumb Code   172  fmul.o(x$fpl$fmul)
    __aeabi_fsub                             0x08004689   Thumb Code     0  faddsub.o(x$fpl$fsub)
    _fsub                                    0x08004689   Thumb Code   204  faddsub.o(x$fpl$fsub)
    _printf_fp_dec                           0x08004759   Thumb Code    16  printf1.o(x$fpl$printf1)
    _printf_fp_hex                           0x08004769   Thumb Code    16  printf2.o(x$fpl$printf2)
    _scanf_real                              0x08004779   Thumb Code    16  scanf1.o(x$fpl$scanf1)
    _scanf_hex_real                          0x08004789   Thumb Code    16  scanf2.o(x$fpl$scanf2)
    _scanf_infnan                            0x08004799   Thumb Code    16  scanf2.o(x$fpl$scanf2)
    __I$use$fp                               0x080047a8   Number         0  usenofp.o(x$fpl$usenofp)
    Region$$Table$$Base                      0x080049c0   Number         0  anon$$obj.o(Region$$Table)
    Region$$Table$$Limit                     0x080049e0   Number         0  anon$$obj.o(Region$$Table)
    __aeabi_HUGE_VAL                         0x080049e0   Data           0  fpconst.o(c$$dinf)
    __aeabi_HUGE_VALL                        0x080049e0   Data           0  fpconst.o(c$$dinf)
    __aeabi_INFINITY                         0x080049e0   Data           0  fpconst.o(c$$dinf)
    __dInf                                   0x080049e0   Data           0  fpconst.o(c$$dinf)
    __huge_val                               0x080049e0   Data           0  fpconst.o(c$$dinf)
    __dbl_max                                0x080049e8   Data           0  fpconst.o(c$$dmax)
    __ctype                                  0x08004a19   Data           0  lc_ctype_c.o(locale$$data)
    N_filter                                 0x20000000   Data           4  main.o(.data.N_filter)
    Setpoint                                 0x20000004   Data           4  main.o(.data.Setpoint)
    SystemCoreClock                          0x20000008   Data           4  main.o(.data.SystemCoreClock)
    alpha_encoder                            0x2000000c   Data           4  main.o(.data.alpha_encoder)
    d                                        0x20000010   Data           4  main.o(.data.d)
    h                                        0x20000014   Data           4  main.o(.data.h)
    speed_min                                0x20000018   Data           4  main.o(.data.speed_min)
    __libspace_start                         0x20000020   Data          96  libspace.o(.bss)
    Kd                                       0x20000080   Data           4  main.o(.bss.Kd)
    __temporary_stack_top$libspace           0x20000080   Data           0  libspace.o(.bss)
    Ki                                       0x20000084   Data           4  main.o(.bss.Ki)
    Kp                                       0x20000088   Data           4  main.o(.bss.Kp)
    Speed                                    0x2000008c   Data           4  main.o(.bss.Speed)
    Speed_prev1                              0x20000090   Data           4  main.o(.bss.Speed_prev1)
    Speed_prev2                              0x20000094   Data           4  main.o(.bss.Speed_prev2)
    Td                                       0x20000098   Data           4  main.o(.bss.Td)
    Ti                                       0x2000009c   Data           4  main.o(.bss.Ti)
    Tu                                       0x200000a0   Data           4  main.o(.bss.Tu)
    a                                        0x200000a4   Data           4  main.o(.bss.a)
    ad                                       0x200000a8   Data           4  main.o(.bss.ad)
    bd                                       0x200000ac   Data           4  main.o(.bss.bd)
    crossing_count                           0x200000b0   Data           4  main.o(.bss.crossing_count)
    delta_D_prev                             0x200000b4   Data           4  main.o(.bss.delta_D_prev)
    e0                                       0x200000b8   Data           4  main.o(.bss.e0)
    e1                                       0x200000bc   Data           4  main.o(.bss.e1)
    e2                                       0x200000c0   Data           4  main.o(.bss.e2)
    encoder_count_prev                       0x200000c4   Data           2  main.o(.bss.encoder_count_prev)
    error_prev                               0x200000c8   Data           4  main.o(.bss.error_prev)
    is_calculated                            0x200000cc   Data           1  main.o(.bss.is_calculated)
    new_setpoint_received                    0x200000cd   Data           1  main.o(.bss.new_setpoint_received)
    rx_buffer                                0x200000ce   Data          16  main.o(.bss.rx_buffer)
    rx_index                                 0x200000de   Data           1  main.o(.bss.rx_index)
    speed_max                                0x200000e0   Data           4  main.o(.bss.speed_max)
    t_start                                  0x200000e4   Data           4  main.o(.bss.t_start)
    tuning_done                              0x200000e8   Data           1  main.o(.bss.tuning_done)
    u                                        0x200000ec   Data           4  main.o(.bss.u)
    u_prev                                   0x200000f0   Data           4  main.o(.bss.u_prev)
    uwTick                                   0x200000f4   Data           4  main.o(.bss.uwTick)



==============================================================================

Memory Map of the image

  Image Entry point : 0x0800027d

  Load Region LR_1 (Base: 0x08000000, Size: 0x00004b38, Max: 0xffffffff, ABSOLUTE)

    Execution Region ER_RO (Exec base: 0x08000000, Load base: 0x08000000, Size: 0x00004b1c, Max: 0xffffffff, ABSOLUTE)

    Exec Addr    Load Addr    Size         Type   Attr      Idx    E Section Name        Object

    0x08000000   0x08000000   0x000000c0   Data   RO           69    RESET               startup_stm32l073xx.o
    0x080000c0   0x080000c0   0x00000008   Code   RO           88  * !!!main             c_p.l(__main.o)
    0x080000c8   0x080000c8   0x00000054   Code   RO          601    !!!scatter          c_p.l(__scatter.o)
    0x0800011c   0x0800011c   0x0000001a   Code   RO          605    !!handler_copy      c_p.l(__scatter_copy.o)
    0x08000136   0x08000136   0x00000002   PAD
    0x08000138   0x08000138   0x00000002   Code   RO          602    !!handler_null      c_p.l(__scatter.o)
    0x0800013a   0x0800013a   0x00000002   PAD
    0x0800013c   0x0800013c   0x0000001c   Code   RO          607    !!handler_zi        c_p.l(__scatter_zi.o)
    0x08000158   0x08000158   0x00000002   Code   RO          258    .ARM.Collect$$_printf_percent$$00000000  c_p.l(_printf_percent.o)
    0x0800015a   0x0800015a   0x0000000a   Code   RO          247    .ARM.Collect$$_printf_percent$$00000001  c_p.l(_printf_n.o)
    0x08000164   0x08000164   0x0000000a   Code   RO          249    .ARM.Collect$$_printf_percent$$00000002  c_p.l(_printf_p.o)
    0x0800016e   0x0800016e   0x0000000a   Code   RO          254    .ARM.Collect$$_printf_percent$$00000003  c_p.l(_printf_f.o)
    0x08000178   0x08000178   0x0000000a   Code   RO          255    .ARM.Collect$$_printf_percent$$00000004  c_p.l(_printf_e.o)
    0x08000182   0x08000182   0x0000000a   Code   RO          256    .ARM.Collect$$_printf_percent$$00000005  c_p.l(_printf_g.o)
    0x0800018c   0x0800018c   0x0000000a   Code   RO          257    .ARM.Collect$$_printf_percent$$00000006  c_p.l(_printf_a.o)
    0x08000196   0x08000196   0x0000000a   Code   RO          262    .ARM.Collect$$_printf_percent$$00000007  c_p.l(_printf_ll.o)
    0x080001a0   0x080001a0   0x0000000a   Code   RO          251    .ARM.Collect$$_printf_percent$$00000008  c_p.l(_printf_i.o)
    0x080001aa   0x080001aa   0x0000000a   Code   RO          252    .ARM.Collect$$_printf_percent$$00000009  c_p.l(_printf_d.o)
    0x080001b4   0x080001b4   0x0000000a   Code   RO          253    .ARM.Collect$$_printf_percent$$0000000A  c_p.l(_printf_u.o)
    0x080001be   0x080001be   0x0000000a   Code   RO          250    .ARM.Collect$$_printf_percent$$0000000B  c_p.l(_printf_o.o)
    0x080001c8   0x080001c8   0x0000000a   Code   RO          248    .ARM.Collect$$_printf_percent$$0000000C  c_p.l(_printf_x.o)
    0x080001d2   0x080001d2   0x0000000a   Code   RO          259    .ARM.Collect$$_printf_percent$$0000000D  c_p.l(_printf_lli.o)
    0x080001dc   0x080001dc   0x0000000a   Code   RO          260    .ARM.Collect$$_printf_percent$$0000000E  c_p.l(_printf_lld.o)
    0x080001e6   0x080001e6   0x0000000a   Code   RO          261    .ARM.Collect$$_printf_percent$$0000000F  c_p.l(_printf_llu.o)
    0x080001f0   0x080001f0   0x0000000a   Code   RO          266    .ARM.Collect$$_printf_percent$$00000010  c_p.l(_printf_llo.o)
    0x080001fa   0x080001fa   0x0000000a   Code   RO          267    .ARM.Collect$$_printf_percent$$00000011  c_p.l(_printf_llx.o)
    0x08000204   0x08000204   0x0000000a   Code   RO          263    .ARM.Collect$$_printf_percent$$00000012  c_p.l(_printf_l.o)
    0x0800020e   0x0800020e   0x0000000a   Code   RO          245    .ARM.Collect$$_printf_percent$$00000013  c_p.l(_printf_c.o)
    0x08000218   0x08000218   0x0000000a   Code   RO          246    .ARM.Collect$$_printf_percent$$00000014  c_p.l(_printf_s.o)
    0x08000222   0x08000222   0x0000000a   Code   RO          264    .ARM.Collect$$_printf_percent$$00000015  c_p.l(_printf_lc.o)
    0x0800022c   0x0800022c   0x0000000a   Code   RO          265    .ARM.Collect$$_printf_percent$$00000016  c_p.l(_printf_ls.o)
    0x08000236   0x08000236   0x00000004   Code   RO          332    .ARM.Collect$$_printf_percent$$00000017  c_p.l(_printf_percent_end.o)
    0x0800023a   0x0800023a   0x00000002   Code   RO          389    .ARM.Collect$$libinit$$00000000  c_p.l(libinit.o)
    0x0800023c   0x0800023c   0x00000000   Code   RO          391    .ARM.Collect$$libinit$$00000002  c_p.l(libinit2.o)
    0x0800023c   0x0800023c   0x00000000   Code   RO          393    .ARM.Collect$$libinit$$00000004  c_p.l(libinit2.o)
    0x0800023c   0x0800023c   0x00000000   Code   RO          395    .ARM.Collect$$libinit$$00000006  c_p.l(libinit2.o)
    0x0800023c   0x0800023c   0x00000000   Code   RO          398    .ARM.Collect$$libinit$$0000000C  c_p.l(libinit2.o)
    0x0800023c   0x0800023c   0x00000000   Code   RO          400    .ARM.Collect$$libinit$$0000000E  c_p.l(libinit2.o)
    0x0800023c   0x0800023c   0x00000000   Code   RO          402    .ARM.Collect$$libinit$$00000010  c_p.l(libinit2.o)
    0x0800023c   0x0800023c   0x00000006   Code   RO          403    .ARM.Collect$$libinit$$00000011  c_p.l(libinit2.o)
    0x08000242   0x08000242   0x00000000   Code   RO          405    .ARM.Collect$$libinit$$00000013  c_p.l(libinit2.o)
    0x08000242   0x08000242   0x0000000c   Code   RO          406    .ARM.Collect$$libinit$$00000014  c_p.l(libinit2.o)
    0x0800024e   0x0800024e   0x00000000   Code   RO          407    .ARM.Collect$$libinit$$00000015  c_p.l(libinit2.o)
    0x0800024e   0x0800024e   0x00000000   Code   RO          409    .ARM.Collect$$libinit$$00000017  c_p.l(libinit2.o)
    0x0800024e   0x0800024e   0x0000000a   Code   RO          410    .ARM.Collect$$libinit$$00000018  c_p.l(libinit2.o)
    0x08000258   0x08000258   0x00000000   Code   RO          411    .ARM.Collect$$libinit$$00000019  c_p.l(libinit2.o)
    0x08000258   0x08000258   0x00000000   Code   RO          413    .ARM.Collect$$libinit$$0000001B  c_p.l(libinit2.o)
    0x08000258   0x08000258   0x00000000   Code   RO          415    .ARM.Collect$$libinit$$0000001D  c_p.l(libinit2.o)
    0x08000258   0x08000258   0x00000000   Code   RO          417    .ARM.Collect$$libinit$$0000001F  c_p.l(libinit2.o)
    0x08000258   0x08000258   0x00000000   Code   RO          419    .ARM.Collect$$libinit$$00000021  c_p.l(libinit2.o)
    0x08000258   0x08000258   0x00000000   Code   RO          421    .ARM.Collect$$libinit$$00000023  c_p.l(libinit2.o)
    0x08000258   0x08000258   0x00000000   Code   RO          423    .ARM.Collect$$libinit$$00000025  c_p.l(libinit2.o)
    0x08000258   0x08000258   0x00000000   Code   RO          425    .ARM.Collect$$libinit$$00000027  c_p.l(libinit2.o)
    0x08000258   0x08000258   0x00000000   Code   RO          429    .ARM.Collect$$libinit$$0000002E  c_p.l(libinit2.o)
    0x08000258   0x08000258   0x00000000   Code   RO          431    .ARM.Collect$$libinit$$00000030  c_p.l(libinit2.o)
    0x08000258   0x08000258   0x00000000   Code   RO          433    .ARM.Collect$$libinit$$00000032  c_p.l(libinit2.o)
    0x08000258   0x08000258   0x00000000   Code   RO          435    .ARM.Collect$$libinit$$00000034  c_p.l(libinit2.o)
    0x08000258   0x08000258   0x00000002   Code   RO          436    .ARM.Collect$$libinit$$00000035  c_p.l(libinit2.o)
    0x0800025a   0x0800025a   0x00000002   Code   RO          544    .ARM.Collect$$libshutdown$$00000000  c_p.l(libshutdown.o)
    0x0800025c   0x0800025c   0x00000000   Code   RO          570    .ARM.Collect$$libshutdown$$00000002  c_p.l(libshutdown2.o)
    0x0800025c   0x0800025c   0x00000000   Code   RO          572    .ARM.Collect$$libshutdown$$00000004  c_p.l(libshutdown2.o)
    0x0800025c   0x0800025c   0x00000000   Code   RO          575    .ARM.Collect$$libshutdown$$00000007  c_p.l(libshutdown2.o)
    0x0800025c   0x0800025c   0x00000000   Code   RO          578    .ARM.Collect$$libshutdown$$0000000A  c_p.l(libshutdown2.o)
    0x0800025c   0x0800025c   0x00000000   Code   RO          580    .ARM.Collect$$libshutdown$$0000000C  c_p.l(libshutdown2.o)
    0x0800025c   0x0800025c   0x00000000   Code   RO          583    .ARM.Collect$$libshutdown$$0000000F  c_p.l(libshutdown2.o)
    0x0800025c   0x0800025c   0x00000002   Code   RO          584    .ARM.Collect$$libshutdown$$00000010  c_p.l(libshutdown2.o)
    0x0800025e   0x0800025e   0x00000000   Code   RO          170    .ARM.Collect$$rtentry$$00000000  c_p.l(__rtentry.o)
    0x0800025e   0x0800025e   0x00000000   Code   RO          292    .ARM.Collect$$rtentry$$00000002  c_p.l(__rtentry2.o)
    0x0800025e   0x0800025e   0x00000006   Code   RO          304    .ARM.Collect$$rtentry$$00000004  c_p.l(__rtentry4.o)
    0x08000264   0x08000264   0x00000000   Code   RO          294    .ARM.Collect$$rtentry$$00000009  c_p.l(__rtentry2.o)
    0x08000264   0x08000264   0x00000004   Code   RO          295    .ARM.Collect$$rtentry$$0000000A  c_p.l(__rtentry2.o)
    0x08000268   0x08000268   0x00000000   Code   RO          297    .ARM.Collect$$rtentry$$0000000C  c_p.l(__rtentry2.o)
    0x08000268   0x08000268   0x00000008   Code   RO          298    .ARM.Collect$$rtentry$$0000000D  c_p.l(__rtentry2.o)
    0x08000270   0x08000270   0x00000002   Code   RO          448    .ARM.Collect$$rtexit$$00000000  c_p.l(rtexit.o)
    0x08000272   0x08000272   0x00000000   Code   RO          495    .ARM.Collect$$rtexit$$00000002  c_p.l(rtexit2.o)
    0x08000272   0x08000272   0x00000004   Code   RO          496    .ARM.Collect$$rtexit$$00000003  c_p.l(rtexit2.o)
    0x08000276   0x08000276   0x00000006   Code   RO          497    .ARM.Collect$$rtexit$$00000004  c_p.l(rtexit2.o)
    0x0800027c   0x0800027c   0x00000038   Code   RO           70  * .text               startup_stm32l073xx.o
    0x080002b4   0x080002b4   0x0000002c   Code   RO           78    .text               c_p.l(sprintf.o)
    0x080002e0   0x080002e0   0x00000044   Code   RO           80    .text               c_p.l(strlen.o)
    0x08000324   0x08000324   0x0000016c   Code   RO           82    .text               c_p.l(aeabi_sdiv.o)
    0x08000490   0x08000490   0x00000006   Code   RO           86    .text               c_p.l(heapauxi.o)
    0x08000496   0x08000496   0x00000002   PAD
    0x08000498   0x08000498   0x0000007c   Code   RO           90    .text               fz_ps.l(d2f.o)
    0x08000514   0x08000514   0x00000358   Code   RO           92    .text               fz_ps.l(daddsub.o)
    0x0800086c   0x0800086c   0x00000448   Code   RO          118    .text               fz_ps.l(ddiv.o)
    0x08000cb4   0x08000cb4   0x00000048   Code   RO          121    .text               fz_ps.l(dfixui.o)
    0x08000cfc   0x08000cfc   0x00000058   Code   RO          123    .text               fz_ps.l(dflti.o)
    0x08000d54   0x08000d54   0x00000248   Code   RO          125    .text               fz_ps.l(dmul.o)
    0x08000f9c   0x08000f9c   0x00000054   Code   RO          127    .text               fz_ps.l(f2d.o)
    0x08000ff0   0x08000ff0   0x00000160   Code   RO          159    .text               fz_ps.l(fdiv.o)
    0x08001150   0x08001150   0x0000005e   Code   RO          162    .text               fz_ps.l(fflti.o)
    0x080011ae   0x080011ae   0x00000016   Code   RO          175    .text               c_p.l(_rserrno.o)
    0x080011c4   0x080011c4   0x0000004e   Code   RO          179    .text               c_p.l(_printf_pad.o)
    0x08001212   0x08001212   0x00000024   Code   RO          181    .text               c_p.l(_printf_truncate.o)
    0x08001236   0x08001236   0x00000052   Code   RO          183    .text               c_p.l(_printf_str.o)
    0x08001288   0x08001288   0x0000006c   Code   RO          185    .text               c_p.l(_printf_dec.o)
    0x080012f4   0x080012f4   0x00000026   Code   RO          187    .text               c_p.l(_printf_charcount.o)
    0x0800131a   0x0800131a   0x00000002   PAD
    0x0800131c   0x0800131c   0x00000030   Code   RO          189    .text               c_p.l(_printf_char_common.o)
    0x0800134c   0x0800134c   0x0000000a   Code   RO          191    .text               c_p.l(_sputc.o)
    0x08001356   0x08001356   0x00000002   PAD
    0x08001358   0x08001358   0x000000bc   Code   RO          193    .text               c_p.l(_printf_wctomb.o)
    0x08001414   0x08001414   0x00000070   Code   RO          196    .text               c_p.l(_printf_longlong_dec.o)
    0x08001484   0x08001484   0x00000070   Code   RO          202    .text               c_p.l(_printf_oct_int_ll.o)
    0x080014f4   0x080014f4   0x00000098   Code   RO          222    .text               c_p.l(_printf_hex_int_ll_ptr.o)
    0x0800158c   0x0800158c   0x00000188   Code   RO          242    .text               c_p.l(__printf_flags_ss_wp.o)
    0x08001714   0x08001714   0x000000b8   Code   RO          268    .text               c_p.l(strtod.o)
    0x080017cc   0x080017cc   0x00000008   Code   RO          311    .text               c_p.l(rt_errno_addr_intlibspace.o)
    0x080017d4   0x080017d4   0x0000007a   Code   RO          313    .text               c_p.l(lludiv10.o)
    0x0800184e   0x0800184e   0x00000012   Code   RO          315    .text               c_p.l(isspace.o)
    0x08001860   0x08001860   0x000000b0   Code   RO          317    .text               c_p.l(_printf_intcommon.o)
    0x08001910   0x08001910   0x00000414   Code   RO          319    .text               c_p.l(_printf_fp_dec.o)
    0x08001d24   0x08001d24   0x000002d8   Code   RO          323    .text               c_p.l(_printf_fp_hex.o)
    0x08001ffc   0x08001ffc   0x0000002e   Code   RO          328    .text               c_p.l(_printf_char.o)
    0x0800202a   0x0800202a   0x0000002e   Code   RO          330    .text               c_p.l(_printf_wchar.o)
    0x08002058   0x08002058   0x00000044   Code   RO          333    .text               c_p.l(_sgetc.o)
    0x0800209c   0x0800209c   0x00000042   Code   RO          335    .text               c_p.l(_c16rtomb.o)
    0x080020de   0x080020de   0x00000028   Code   RO          340    .text               c_p.l(rtudiv10.o)
    0x08002106   0x08002106   0x00000002   PAD
    0x08002108   0x08002108   0x000000a0   Code   RO          342    .text               fz_ps.l(dcmpin.o)
    0x080021a8   0x080021a8   0x00000064   Code   RO          344    .text               fz_ps.l(fcmpin.o)
    0x0800220c   0x0800220c   0x00000008   Code   RO          348    .text               c_p.l(libspace.o)
    0x08002214   0x08002214   0x0000003e   Code   RO          351    .text               c_p.l(sys_stackheap_outer.o)
    0x08002252   0x08002252   0x00000002   PAD
    0x08002254   0x08002254   0x00000010   Code   RO          354    .text               c_p.l(rt_ctype_table.o)
    0x08002264   0x08002264   0x00000008   Code   RO          359    .text               c_p.l(rt_locale_intlibspace.o)
    0x0800226c   0x0800226c   0x00000088   Code   RO          361    .text               c_p.l(_printf_fp_infnan.o)
    0x080022f4   0x080022f4   0x00000520   Code   RO          363    .text               c_p.l(scanf_fp.o)
    0x08002814   0x08002814   0x000000d8   Code   RO          367    .text               c_p.l(bigflt0.o)
    0x080028ec   0x080028ec   0x00000580   Code   RO          370    .text               c_p.l(btod.o)
    0x08002e6c   0x08002e6c   0x00000010   Code   RO          376    .text               c_p.l(exit.o)
    0x08002e7c   0x08002e7c   0x00000088   Code   RO          382    .text               c_p.l(strcmp.o)
    0x08002f04   0x08002f04   0x0000002e   Code   RO          437    .text               fz_ps.l(cmpret.o)
    0x08002f32   0x08002f32   0x00000002   PAD
    0x08002f34   0x08002f34   0x00000014   Code   RO          439    .text               fz_ps.l(dnan2.o)
    0x08002f48   0x08002f48   0x00000010   Code   RO          441    .text               fz_ps.l(fnan2.o)
    0x08002f58   0x08002f58   0x00000020   Code   RO          452    .text               c_p.l(llshl.o)
    0x08002f78   0x08002f78   0x00000030   Code   RO          454    .text               c_p.l(llmul.o)
    0x08002fa8   0x08002fa8   0x0000005e   Code   RO          476    .text               fz_ps.l(retnan.o)
    0x08003006   0x08003006   0x00000002   PAD
    0x08003008   0x08003008   0x0000000c   Code   RO          490    .text               c_p.l(sys_exit.o)
    0x08003014   0x08003014   0x00000334   Code   RO          503    .text               c_p.l(scanf_hexfp.o)
    0x08003348   0x08003348   0x0000013c   Code   RO          505    .text               c_p.l(scanf_infnan.o)
    0x08003484   0x08003484   0x00000002   Code   RO          529    .text               c_p.l(use_no_semi.o)
    0x08003486   0x08003486   0x00000000   Code   RO          531    .text               c_p.l(indicate_semi.o)
    0x08003486   0x08003486   0x0000001e   Code   RO          534    .text               c_p.l(_chval.o)
    0x080034a4   0x080034a4   0x00000060   Code   RO          545    .text               fz_ps.l(dscalbn.o)
    0x08003504   0x08003504   0x00000188   Code   RO           14    .text.Calculate_PID_ZieglerNichols  main.o
    0x0800368c   0x0800368c   0x00000094   Code   RO            4    .text.Encoder_Init  main.o
    0x08003720   0x08003720   0x000001a4   Code   RO           16    .text.PID_Velocity_Control  main.o
    0x080038c4   0x080038c4   0x000000d0   Code   RO            6    .text.PWM_Init      main.o
    0x08003994   0x08003994   0x000001c0   Code   RO           12    .text.Relay_AutoTune  main.o
    0x08003b54   0x08003b54   0x000000d0   Code   RO            8    .text.SysTick_Handler  main.o
    0x08003c24   0x08003c24   0x00000002   Code   RO            2    .text.SystemInit    main.o
    0x08003c26   0x08003c26   0x00000002   PAD
    0x08003c28   0x08003c28   0x000000cc   Code   RO           18    .text.USART2_IRQHandler  main.o
    0x08003cf4   0x08003cf4   0x000002c4   Code   RO           10    .text.main          main.o
    0x08003fb8   0x08003fb8   0x00000030   Code   RO          372    i.__ARM_common_ll_muluu  c_p.l(btod.o)
    0x08003fe8   0x08003fe8   0x0000002c   Code   RO          445    i.__ARM_fpclassify  m_ps.l(fpclassify.o)
    0x08004014   0x08004014   0x00000014   Code   RO          589    i.__mathlib_dbl_overflow  m_ps.l(dunder.o)
    0x08004028   0x08004028   0x00000014   Code   RO          591    i.__mathlib_dbl_underflow  m_ps.l(dunder.o)
    0x0800403c   0x0800403c   0x00000010   Code   RO          484    i.__mathlib_narrow  m_ps.l(narrow.o)
    0x0800404c   0x0800404c   0x000000c8   Code   RO          485    i.__mathlib_tofloat  m_ps.l(narrow.o)
    0x08004114   0x08004114   0x00000014   Code   RO          548    i.__support_ldexp   m_ps.l(ldexp.o)
    0x08004128   0x08004128   0x00000016   Code   RO          101    i._dgeq             fz_ps.l(dcmp.o)
    0x0800413e   0x0800413e   0x0000001a   Code   RO          103    i._dleq             fz_ps.l(dcmp.o)
    0x08004158   0x08004158   0x00000016   Code   RO          142    i._fgeq             fz_ps.l(fcmp.o)
    0x0800416e   0x0800416e   0x00000016   Code   RO          143    i._fgr              fz_ps.l(fcmp.o)
    0x08004184   0x08004184   0x0000001a   Code   RO          144    i._fleq             fz_ps.l(fcmp.o)
    0x0800419e   0x0800419e   0x00000016   Code   RO          145    i._fls              fz_ps.l(fcmp.o)
    0x080041b4   0x080041b4   0x0000000e   Code   RO          235    i._is_digit         c_p.l(__printf_wp.o)
    0x080041c2   0x080041c2   0x0000002c   Code   RO          167    i.atof              m_ps.l(atof.o)
    0x080041ee   0x080041ee   0x00000002   PAD
    0x080041f0   0x080041f0   0x00000058   Code   RO          518    i.frexp             m_ps.l(frexp.o)
    0x08004248   0x08004248   0x00000070   Code   RO          549    i.ldexp             m_ps.l(ldexp.o)
    0x080042b8   0x080042b8   0x0000002c   Code   RO          338    locale$$code        c_p.l(lc_numeric_c.o)
    0x080042e4   0x080042e4   0x0000002c   Code   RO          462    locale$$code        c_p.l(lc_ctype_c.o)
    0x08004310   0x08004310   0x00000064   Code   RO          270    x$fpl$deqf          fz_ps.l(deqf.o)
    0x08004374   0x08004374   0x00000064   Code   RO          272    x$fpl$dgeqf         fz_ps.l(dgef.o)
    0x080043d8   0x080043d8   0x00000064   Code   RO          274    x$fpl$dleqf         fz_ps.l(dlef.o)
    0x0800443c   0x0800443c   0x00000068   Code   RO          515    x$fpl$drleqf        fz_ps.l(drlef.o)
    0x080044a4   0x080044a4   0x0000008c   Code   RO          129    x$fpl$fadd          fz_ps.l(faddsub.o)
    0x08004530   0x08004530   0x00000054   Code   RO          278    x$fpl$fgeqf         fz_ps.l(fgef.o)
    0x08004584   0x08004584   0x00000054   Code   RO          280    x$fpl$fleqf         fz_ps.l(flef.o)
    0x080045d8   0x080045d8   0x000000b0   Code   RO          164    x$fpl$fmul          fz_ps.l(fmul.o)
    0x08004688   0x08004688   0x000000d0   Code   RO          131    x$fpl$fsub          fz_ps.l(faddsub.o)
    0x08004758   0x08004758   0x00000010   Code   RO          282    x$fpl$printf1       fz_ps.l(printf1.o)
    0x08004768   0x08004768   0x00000010   Code   RO          284    x$fpl$printf2       fz_ps.l(printf2.o)
    0x08004778   0x08004778   0x00000010   Code   RO          346    x$fpl$scanf1        fz_ps.l(scanf1.o)
    0x08004788   0x08004788   0x00000020   Code   RO          478    x$fpl$scanf2        fz_ps.l(scanf2.o)
    0x080047a8   0x080047a8   0x00000000   Code   RO          290    x$fpl$usenofp       fz_ps.l(usenofp.o)
    0x080047a8   0x080047a8   0x00000080   Data   RO          119    .constdata          fz_ps.l(ddiv.o)
    0x08004828   0x08004828   0x00000040   Data   RO          160    .constdata          fz_ps.l(fdiv.o)
    0x08004868   0x08004868   0x00000008   Data   RO          194    .constdata          c_p.l(_printf_wctomb.o)
    0x08004870   0x08004870   0x00000028   Data   RO          223    .constdata          c_p.l(_printf_hex_int_ll_ptr.o)
    0x08004898   0x08004898   0x00000011   Data   RO          243    .constdata          c_p.l(__printf_flags_ss_wp.o)
    0x080048a9   0x080048a9   0x00000026   Data   RO          324    .constdata          c_p.l(_printf_fp_hex.o)
    0x080048cf   0x080048cf   0x00000001   PAD
    0x080048d0   0x080048d0   0x00000094   Data   RO          368    .constdata          c_p.l(bigflt0.o)
    0x08004964   0x08004964   0x00000059   Data   RO           51    .rodata.str1.1      main.o
    0x080049bd   0x080049bd   0x00000003   PAD
    0x080049c0   0x080049c0   0x00000020   Data   RO          600    Region$$Table       anon$$obj.o
    0x080049e0   0x080049e0   0x00000008   Data   RO          470    c$$dinf             fz_ps.l(fpconst.o)
    0x080049e8   0x080049e8   0x00000008   Data   RO          473    c$$dmax             fz_ps.l(fpconst.o)
    0x080049f0   0x080049f0   0x0000001c   Data   RO          337    locale$$data        c_p.l(lc_numeric_c.o)
    0x08004a0c   0x08004a0c   0x00000110   Data   RO          461    locale$$data        c_p.l(lc_ctype_c.o)


    Execution Region ER_RW (Exec base: 0x20000000, Load base: 0x08004b1c, Size: 0x0000001c, Max: 0xffffffff, ABSOLUTE)

    Exec Addr    Load Addr    Size         Type   Attr      Idx    E Section Name        Object

    0x20000000   0x08004b1c   0x00000004   Data   RW           46    .data.N_filter      main.o
    0x20000004   0x08004b20   0x00000004   Data   RW           21    .data.Setpoint      main.o
    0x20000008   0x08004b24   0x00000004   Data   RW           20    .data.SystemCoreClock  main.o
    0x2000000c   0x08004b28   0x00000004   Data   RW           22    .data.alpha_encoder  main.o
    0x20000010   0x08004b2c   0x00000004   Data   RW           23    .data.d             main.o
    0x20000014   0x08004b30   0x00000004   Data   RW           24    .data.h             main.o
    0x20000018   0x08004b34   0x00000004   Data   RW           37    .data.speed_min     main.o


    Execution Region ER_ZI (Exec base: 0x20000020, Load base: 0x08004b38, Size: 0x000006d8, Max: 0xffffffff, ABSOLUTE)

    Exec Addr    Load Addr    Size         Type   Attr      Idx    E Section Name        Object

    0x20000020        -       0x00000060   Zero   RW          349    .bss                c_p.l(libspace.o)
    0x20000080        -       0x00000004   Zero   RW           54    .bss.Kd             main.o
    0x20000084        -       0x00000004   Zero   RW           53    .bss.Ki             main.o
    0x20000088        -       0x00000004   Zero   RW           52    .bss.Kp             main.o
    0x2000008c        -       0x00000004   Zero   RW           27    .bss.Speed          main.o
    0x20000090        -       0x00000004   Zero   RW           28    .bss.Speed_prev1    main.o
    0x20000094        -       0x00000004   Zero   RW           29    .bss.Speed_prev2    main.o
    0x20000098        -       0x00000004   Zero   RW           56    .bss.Td             main.o
    0x2000009c        -       0x00000004   Zero   RW           55    .bss.Ti             main.o
    0x200000a0        -       0x00000004   Zero   RW           31    .bss.Tu             main.o
    0x200000a4        -       0x00000004   Zero   RW           30    .bss.a              main.o
    0x200000a8        -       0x00000004   Zero   RW           43    .bss.ad             main.o
    0x200000ac        -       0x00000004   Zero   RW           44    .bss.bd             main.o
    0x200000b0        -       0x00000004   Zero   RW           35    .bss.crossing_count  main.o
    0x200000b4        -       0x00000004   Zero   RW           45    .bss.delta_D_prev   main.o
    0x200000b8        -       0x00000004   Zero   RW           38    .bss.e0             main.o
    0x200000bc        -       0x00000004   Zero   RW           39    .bss.e1             main.o
    0x200000c0        -       0x00000004   Zero   RW           40    .bss.e2             main.o
    0x200000c4        -       0x00000002   Zero   RW           26    .bss.encoder_count_prev  main.o
    0x200000c6   0x08004b38   0x00000002   PAD
    0x200000c8        -       0x00000004   Zero   RW           34    .bss.error_prev     main.o
    0x200000cc        -       0x00000001   Zero   RW           42    .bss.is_calculated  main.o
    0x200000cd        -       0x00000001   Zero   RW           48    .bss.new_setpoint_received  main.o
    0x200000ce        -       0x00000010   Zero   RW           50    .bss.rx_buffer      main.o
    0x200000de        -       0x00000001   Zero   RW           47    .bss.rx_index       main.o
    0x200000df   0x08004b38   0x00000001   PAD
    0x200000e0        -       0x00000004   Zero   RW           36    .bss.speed_max      main.o
    0x200000e4        -       0x00000004   Zero   RW           25    .bss.t_start        main.o
    0x200000e8        -       0x00000001   Zero   RW           41    .bss.tuning_done    main.o
    0x200000e9   0x08004b38   0x00000003   PAD
    0x200000ec        -       0x00000004   Zero   RW           32    .bss.u              main.o
    0x200000f0        -       0x00000004   Zero   RW           33    .bss.u_prev         main.o
    0x200000f4        -       0x00000004   Zero   RW           49    .bss.uwTick         main.o
    0x200000f8        -       0x00000200   Zero   RW           68    HEAP                startup_stm32l073xx.o
    0x200002f8        -       0x00000400   Zero   RW           67    STACK               startup_stm32l073xx.o


==============================================================================

Image component sizes


      Code (inc. data)   RO Data    RW Data    ZI Data      Debug   Object Name

      2738        420         89         28        114       7267   main.o
        56         26        192          0       1536        596   startup_stm32l073xx.o

    ----------------------------------------------------------------------
      2796        446        316         28       1656       7863   Object Totals
         0          0         32          0          0          0   (incl. Generated)
         2          0          3          0          6          0   (incl. Padding)

    ----------------------------------------------------------------------

      Code (inc. data)   RO Data    RW Data    ZI Data      Debug   Library Member Name

         8          0          0          0          0         68   __main.o
       392          6         17          0          0         76   __printf_flags_ss_wp.o
        14          0          0          0          0         60   __printf_wp.o
         0          0          0          0          0          0   __rtentry.o
        12          0          0          0          0          0   __rtentry2.o
         6          0          0          0          0          0   __rtentry4.o
        86         10          0          0          0          0   __scatter.o
        26          0          0          0          0          0   __scatter_copy.o
        28          0          0          0          0          0   __scatter_zi.o
        66          0          0          0          0         76   _c16rtomb.o
        30          0          0          0          0         60   _chval.o
        10          0          0          0          0          0   _printf_a.o
        10          0          0          0          0          0   _printf_c.o
        46          0          0          0          0        100   _printf_char.o
        48          6          0          0          0         88   _printf_char_common.o
        38          0          0          0          0         60   _printf_charcount.o
        10          0          0          0          0          0   _printf_d.o
       108         18          0          0          0         76   _printf_dec.o
        10          0          0          0          0          0   _printf_e.o
        10          0          0          0          0          0   _printf_f.o
      1044         12          0          0          0        116   _printf_fp_dec.o
       728         10         38          0          0         84   _printf_fp_hex.o
       136         16          0          0          0         76   _printf_fp_infnan.o
        10          0          0          0          0          0   _printf_g.o
       152          4         40          0          0        148   _printf_hex_int_ll_ptr.o
        10          0          0          0          0          0   _printf_i.o
       176          0          0          0          0         84   _printf_intcommon.o
        10          0          0          0          0          0   _printf_l.o
        10          0          0          0          0          0   _printf_lc.o
        10          0          0          0          0          0   _printf_ll.o
        10          0          0          0          0          0   _printf_lld.o
        10          0          0          0          0          0   _printf_lli.o
        10          0          0          0          0          0   _printf_llo.o
        10          0          0          0          0          0   _printf_llu.o
        10          0          0          0          0          0   _printf_llx.o
       112         18          0          0          0         76   _printf_longlong_dec.o
        10          0          0          0          0          0   _printf_ls.o
        10          0          0          0          0          0   _printf_n.o
        10          0          0          0          0          0   _printf_o.o
       112         10          0          0          0        112   _printf_oct_int_ll.o
        10          0          0          0          0          0   _printf_p.o
        78          0          0          0          0        100   _printf_pad.o
         2          0          0          0          0          0   _printf_percent.o
         4          0          0          0          0          0   _printf_percent_end.o
        10          0          0          0          0          0   _printf_s.o
        82          0          0          0          0         72   _printf_str.o
        36          0          0          0          0         76   _printf_truncate.o
        10          0          0          0          0          0   _printf_u.o
        46          0          0          0          0        100   _printf_wchar.o
       188          6          8          0          0         80   _printf_wctomb.o
        10          0          0          0          0          0   _printf_x.o
        22          0          0          0          0         92   _rserrno.o
        68          0          0          0          0         76   _sgetc.o
        10          0          0          0          0         60   _sputc.o
       364          4          0          0          0         92   aeabi_sdiv.o
       216          6        148          0          0         80   bigflt0.o
      1456         30          0          0          0        336   btod.o
        16          0          0          0          0         68   exit.o
         6          0          0          0          0        136   heapauxi.o
         0          0          0          0          0          0   indicate_semi.o
        18          0          0          0          0         68   isspace.o
        44         10        272          0          0         76   lc_ctype_c.o
        44         10         28          0          0         76   lc_numeric_c.o
         2          0          0          0          0          0   libinit.o
        30          0          0          0          0          0   libinit2.o
         2          0          0          0          0          0   libshutdown.o
         2          0          0          0          0          0   libshutdown2.o
         8          4          0          0         96         68   libspace.o
        48          0          0          0          0         72   llmul.o
        32          0          0          0          0         68   llshl.o
       122          0          0          0          0         72   lludiv10.o
        16          4          0          0          0         76   rt_ctype_table.o
         8          4          0          0          0         68   rt_errno_addr_intlibspace.o
         8          4          0          0          0         68   rt_locale_intlibspace.o
         2          0          0          0          0          0   rtexit.o
        10          0          0          0          0          0   rtexit2.o
        40          0          0          0          0         60   rtudiv10.o
      1312         26          0          0          0        124   scanf_fp.o
       820         14          0          0          0         84   scanf_hexfp.o
       316         16          0          0          0         84   scanf_infnan.o
        44          4          0          0          0         84   sprintf.o
       136          4          0          0          0         72   strcmp.o
        68          6          0          0          0         72   strlen.o
       184         16          0          0          0        120   strtod.o
        12          4          0          0          0         60   sys_exit.o
        62          0          0          0          0         80   sys_stackheap_outer.o
         2          0          0          0          0         68   use_no_semi.o
        46          0          0          0          0         60   cmpret.o
       124          4          0          0          0         72   d2f.o
       856         20          0          0          0        208   daddsub.o
        48          0          0          0          0        136   dcmp.o
       160          6          0          0          0         76   dcmpin.o
      1096         26        128          0          0        112   ddiv.o
       100          4          0          0          0         92   deqf.o
        72          4          0          0          0         68   dfixui.o
        88          0          0          0          0         92   dflti.o
       100          4          0          0          0         92   dgef.o
       100          4          0          0          0         92   dlef.o
       584         26          0          0          0         84   dmul.o
        20          6          0          0          0         68   dnan2.o
       104          4          0          0          0        104   drlef.o
        96         12          0          0          0         72   dscalbn.o
        84          4          0          0          0         60   f2d.o
       348          8          0          0          0        160   faddsub.o
        92          0          0          0          0        272   fcmp.o
       100          4          0          0          0         68   fcmpin.o
       352         10         64          0          0         92   fdiv.o
        94          0          0          0          0         92   fflti.o
        84          4          0          0          0         76   fgef.o
        84          4          0          0          0         76   flef.o
       176          4          0          0          0         80   fmul.o
        16          6          0          0          0         68   fnan2.o
         0          0         16          0          0          0   fpconst.o
        16          4          0          0          0         76   printf1.o
        16          4          0          0          0         76   printf2.o
        94          0          0          0          0         68   retnan.o
        16          4          0          0          0         76   scanf1.o
        32          8          0          0          0        100   scanf2.o
         0          0          0          0          0          0   usenofp.o
        44          0          0          0          0         76   atof.o
        40         10          0          0          0        136   dunder.o
        44          4          0          0          0         60   fpclassify.o
        88         16          0          0          0         72   frexp.o
       132          0          0          0          0        140   ldexp.o
       216         10          0          0          0        144   narrow.o

    ----------------------------------------------------------------------
     15356        506        760          0         96       7844   Library Totals
        20          0          1          0          0          0   (incl. Padding)

    ----------------------------------------------------------------------

      Code (inc. data)   RO Data    RW Data    ZI Data      Debug   Library Name

      9574        282        551          0         96       4348   c_p.l
      5198        184        208          0          0       2868   fz_ps.l
       564         40          0          0          0        628   m_ps.l

    ----------------------------------------------------------------------
     15356        506        760          0         96       7844   Library Totals

    ----------------------------------------------------------------------

==============================================================================


      Code (inc. data)   RO Data    RW Data    ZI Data      Debug   

     18152        952       1076         28       1752      11659   Grand Totals
     18152        952       1076         28       1752      11659   ELF Image Totals
     18152        952       1076         28          0          0   ROM Totals

==============================================================================

    Total RO  Size (Code + RO Data)                19228 (  18.78kB)
    Total RW  Size (RW Data + ZI Data)              1780 (   1.74kB)
    Total ROM Size (Code + RO Data + RW Data)      19256 (  18.80kB)

==============================================================================

