Component: Arm Compiler for Embedded 6.24 Tool: armlink [5f371500]

==============================================================================

Section Cross References

    main.o(.ARM.exidx.text.SystemInit) refers to main.o(.text.SystemInit) for [Anonymous Symbol]
    main.o(.ARM.exidx.text.Encoder_Init) refers to main.o(.text.Encoder_Init) for [Anonymous Symbol]
    main.o(.text.PWM_Init) refers to aeabi_sdiv.o(.text) for __aeabi_uidiv
    main.o(.text.PWM_Init) refers to main.o(.data.SystemCoreClock) for SystemCoreClock
    main.o(.ARM.exidx.text.PWM_Init) refers to main.o(.text.PWM_Init) for [Anonymous Symbol]
    main.o(.text.SysTick_Handler) refers to fflti.o(.text) for __aeabi_i2f
    main.o(.text.SysTick_Handler) refers to fmul.o(x$fpl$fmul) for __aeabi_fmul
    main.o(.text.SysTick_Handler) refers to fdiv.o(.text) for __aeabi_fdiv
    main.o(.text.SysTick_Handler) refers to faddsub.o(x$fpl$fsub) for __aeabi_fsub
    main.o(.text.SysTick_Handler) refers to faddsub.o(x$fpl$fadd) for __aeabi_fadd
    main.o(.text.SysTick_Handler) refers to main.o(.bss.uwTick) for uwTick
    main.o(.text.SysTick_Handler) refers to main.o(.bss.encoder_count_prev) for encoder_count_prev
    main.o(.text.SysTick_Handler) refers to main.o(.data.alpha_encoder) for alpha_encoder
    main.o(.text.SysTick_Handler) refers to main.o(.bss.Speed) for Speed
    main.o(.ARM.exidx.text.SysTick_Handler) refers to main.o(.text.SysTick_Handler) for [Anonymous Symbol]
    main.o(.text.main) refers to aeabi_sdiv.o(.text) for __aeabi_uidiv
    main.o(.text.main) refers to main.o(.text.PWM_Init) for PWM_Init
    main.o(.text.main) refers to main.o(.text.Encoder_Init) for Encoder_Init
    main.o(.text.main) refers to main.o(.text.Relay_AutoTune) for Relay_AutoTune
    main.o(.text.main) refers to main.o(.text.Calculate_PID_ZieglerNichols) for Calculate_PID_ZieglerNichols
    main.o(.text.main) refers to main.o(.text.PID_Velocity_Control) for PID_Velocity_Control
    main.o(.text.main) refers to f2d.o(.text) for __aeabi_f2d
    main.o(.text.main) refers to sprintf.o(.text) for sprintf
    main.o(.text.main) refers to strlen.o(.text) for strlen
    main.o(.text.main) refers to main.o(.data.SystemCoreClock) for SystemCoreClock
    main.o(.text.main) refers to main.o(.bss.tuning_done) for tuning_done
    main.o(.text.main) refers to main.o(.bss.uwTick) for uwTick
    main.o(.text.main) refers to main.o(.bss.Speed) for Speed
    main.o(.text.main) refers to main.o(.bss.u) for u
    main.o(.text.main) refers to main.o(.rodata.str1.1) for [Anonymous Symbol]
    main.o(.text.main) refers to main.o(.bss.Kp) for Kp
    main.o(.text.main) refers to main.o(.bss.Ki) for Ki
    main.o(.text.main) refers to main.o(.bss.Kd) for Kd
    main.o(.ARM.exidx.text.main) refers to main.o(.text.main) for [Anonymous Symbol]
    main.o(.text.Relay_AutoTune) refers to faddsub.o(x$fpl$fsub) for __aeabi_fsub
    main.o(.text.Relay_AutoTune) refers to fcmp.o(i._fleq) for __aeabi_fcmple
    main.o(.text.Relay_AutoTune) refers to fcmp.o(i._fgeq) for __aeabi_fcmpge
    main.o(.text.Relay_AutoTune) refers to fcmp.o(i._fgr) for __aeabi_fcmpgt
    main.o(.text.Relay_AutoTune) refers to dflti.o(.text) for __aeabi_ui2d
    main.o(.text.Relay_AutoTune) refers to ddiv.o(.text) for __aeabi_ddiv
    main.o(.text.Relay_AutoTune) refers to d2f.o(.text) for __aeabi_d2f
    main.o(.text.Relay_AutoTune) refers to f2d.o(.text) for __aeabi_f2d
    main.o(.text.Relay_AutoTune) refers to dmul.o(.text) for __aeabi_dmul
    main.o(.text.Relay_AutoTune) refers to dcmp.o(i._dleq) for __aeabi_dcmple
    main.o(.text.Relay_AutoTune) refers to dfixui.o(.text) for __aeabi_d2uiz
    main.o(.text.Relay_AutoTune) refers to main.o(.data.Setpoint) for Setpoint
    main.o(.text.Relay_AutoTune) refers to main.o(.bss.Speed) for Speed
    main.o(.text.Relay_AutoTune) refers to main.o(.data.d) for d
    main.o(.text.Relay_AutoTune) refers to main.o(.bss.u) for u
    main.o(.text.Relay_AutoTune) refers to main.o(.bss.speed_max) for speed_max
    main.o(.text.Relay_AutoTune) refers to main.o(.data.speed_min) for speed_min
    main.o(.text.Relay_AutoTune) refers to main.o(.bss.error_prev) for error_prev
    main.o(.text.Relay_AutoTune) refers to main.o(.bss.crossing_count) for crossing_count
    main.o(.text.Relay_AutoTune) refers to main.o(.bss.uwTick) for uwTick
    main.o(.text.Relay_AutoTune) refers to main.o(.bss.t_start) for t_start
    main.o(.text.Relay_AutoTune) refers to main.o(.bss.Tu) for Tu
    main.o(.text.Relay_AutoTune) refers to main.o(.bss.a) for a
    main.o(.text.Relay_AutoTune) refers to main.o(.bss.u_prev) for u_prev
    main.o(.text.Relay_AutoTune) refers to main.o(.bss.tuning_done) for tuning_done
    main.o(.text.Relay_AutoTune) refers to main.o(.bss.e1) for e1
    main.o(.text.Relay_AutoTune) refers to main.o(.bss.e2) for e2
    main.o(.ARM.exidx.text.Relay_AutoTune) refers to main.o(.text.Relay_AutoTune) for [Anonymous Symbol]
[...]
    .ARM.Collect$$_printf_percent$$00000015  0x08000222   Section       10  _printf_lc.o(.ARM.Collect$$_printf_percent$$00000015)
    .ARM.Collect$$_printf_percent$$00000016  0x0800022c   Section       10  _printf_ls.o(.ARM.Collect$$_printf_percent$$00000016)
    .ARM.Collect$$_printf_percent$$00000017  0x08000236   Section        4  _printf_percent_end.o(.ARM.Collect$$_printf_percent$$00000017)
    .ARM.Collect$$libinit$$00000000          0x0800023a   Section        2  libinit.o(.ARM.Collect$$libinit$$00000000)
    .ARM.Collect$$libinit$$00000002          0x0800023c   Section        0  libinit2.o(.ARM.Collect$$libinit$$00000002)
    .ARM.Collect$$libinit$$00000004          0x0800023c   Section        0  libinit2.o(.ARM.Collect$$libinit$$00000004)
    .ARM.Collect$$libinit$$00000006          0x0800023c   Section        0  libinit2.o(.ARM.Collect$$libinit$$00000006)
    .ARM.Collect$$libinit$$0000000C          0x0800023c   Section        0  libinit2.o(.ARM.Collect$$libinit$$0000000C)
    .ARM.Collect$$libinit$$0000000E          0x0800023c   Section        0  libinit2.o(.ARM.Collect$$libinit$$0000000E)
    .ARM.Collect$$libinit$$00000010          0x0800023c   Section        0  libinit2.o(.ARM.Collect$$libinit$$00000010)
    .ARM.Collect$$libinit$$00000011          0x0800023c   Section        6  libinit2.o(.ARM.Collect$$libinit$$00000011)
    .ARM.Collect$$libinit$$00000013          0x08000242   Section        0  libinit2.o(.ARM.Collect$$libinit$$00000013)
    .ARM.Collect$$libinit$$00000014          0x08000242   Section       12  libinit2.o(.ARM.Collect$$libinit$$00000014)
    .ARM.Collect$$libinit$$00000015          0x0800024e   Section        0  libinit2.o(.ARM.Collect$$libinit$$00000015)
    .ARM.Collect$$libinit$$00000017          0x0800024e   Section        0  libinit2.o(.ARM.Collect$$libinit$$00000017)
    .ARM.Collect$$libinit$$00000018          0x0800024e   Section       10  libinit2.o(.ARM.Collect$$libinit$$00000018)
    .ARM.Collect$$libinit$$00000019          0x08000258   Section        0  libinit2.o(.ARM.Collect$$libinit$$00000019)
    .ARM.Collect$$libinit$$0000001B          0x08000258   Section        0  libinit2.o(.ARM.Collect$$libinit$$0000001B)
    .ARM.Collect$$libinit$$0000001D          0x08000258   Section        0  libinit2.o(.ARM.Collect$$libinit$$0000001D)
    .ARM.Collect$$libinit$$0000001F          0x08000258   Section        0  libinit2.o(.ARM.Collect$$libinit$$0000001F)
    .ARM.Collect$$libinit$$00000021          0x08000258   Section        0  libinit2.o(.ARM.Collect$$libinit$$00000021)
    .ARM.Collect$$libinit$$00000023          0x08000258   Section        0  libinit2.o(.ARM.Collect$$libinit$$00000023)
    .ARM.Collect$$libinit$$00000025          0x08000258   Section        0  libinit2.o(.ARM.Collect$$libinit$$00000025)
    .ARM.Collect$$libinit$$00000027          0x08000258   Section        0  libinit2.o(.ARM.Collect$$libinit$$00000027)
    .ARM.Collect$$libinit$$0000002E          0x08000258   Section        0  libinit2.o(.ARM.Collect$$libinit$$0000002E)
    .ARM.Collect$$libinit$$00000030          0x08000258   Section        0  libinit2.o(.ARM.Collect$$libinit$$00000030)
    .ARM.Collect$$libinit$$00000032          0x08000258   Section        0  libinit2.o(.ARM.Collect$$libinit$$00000032)
    .ARM.Collect$$libinit$$00000034          0x08000258   Section        0  libinit2.o(.ARM.Collect$$libinit$$00000034)
    .ARM.Collect$$libinit$$00000035          0x08000258   Section        2  libinit2.o(.ARM.Collect$$libinit$$00000035)
    .ARM.Collect$$libshutdown$$00000000      0x0800025a   Section        2  libshutdown.o(.ARM.Collect$$libshutdown$$00000000)
    .ARM.Collect$$libshutdown$$00000002      0x0800025c   Section        0  libshutdown2.o(.ARM.Collect$$libshutdown$$00000002)
    .ARM.Collect$$libshutdown$$00000004      0x0800025c   Section        0  libshutdown2.o(.ARM.Collect$$libshutdown$$00000004)
    .ARM.Collect$$libshutdown$$00000007      0x0800025c   Section        0  libshutdown2.o(.ARM.Collect$$libshutdown$$00000007)
    .ARM.Collect$$libshutdown$$0000000A      0x0800025c   Section        0  libshutdown2.o(.ARM.Collect$$libshutdown$$0000000A)
    .ARM.Collect$$libshutdown$$0000000C      0x0800025c   Section        0  libshutdown2.o(.ARM.Collect$$libshutdown$$0000000C)
    .ARM.Collect$$libshutdown$$0000000F      0x0800025c   Section        0  libshutdown2.o(.ARM.Collect$$libshutdown$$0000000F)
    .ARM.Collect$$libshutdown$$00000010      0x0800025c   Section        2  libshutdown2.o(.ARM.Collect$$libshutdown$$00000010)
    .ARM.Collect$$rtentry$$00000000          0x0800025e   Section        0  __rtentry.o(.ARM.Collect$$rtentry$$00000000)
    .ARM.Collect$$rtentry$$00000002          0x0800025e   Section        0  __rtentry2.o(.ARM.Collect$$rtentry$$00000002)
    .ARM.Collect$$rtentry$$00000004          0x0800025e   Section        6  __rtentry4.o(.ARM.Collect$$rtentry$$00000004)
    .ARM.Collect$$rtentry$$00000009          0x08000264   Section        0  __rtentry2.o(.ARM.Collect$$rtentry$$00000009)
    .ARM.Collect$$rtentry$$0000000A          0x08000264   Section        4  __rtentry2.o(.ARM.Collect$$rtentry$$0000000A)
    .ARM.Collect$$rtentry$$0000000C          0x08000268   Section        0  __rtentry2.o(.ARM.Collect$$rtentry$$0000000C)
    .ARM.Collect$$rtentry$$0000000D          0x08000268   Section        8  __rtentry2.o(.ARM.Collect$$rtentry$$0000000D)
    .ARM.Collect$$rtexit$$00000000           0x08000270   Section        2  rtexit.o(.ARM.Collect$$rtexit$$00000000)
    .ARM.Collect$$rtexit$$00000002           0x08000272   Section        0  rtexit2.o(.ARM.Collect$$rtexit$$00000002)
    .ARM.Collect$$rtexit$$00000003           0x08000272   Section        4  rtexit2.o(.ARM.Collect$$rtexit$$00000003)
    .ARM.Collect$$rtexit$$00000004           0x08000276   Section        6  rtexit2.o(.ARM.Collect$$rtexit$$00000004)
    .text                                    0x0800027c   Section       56  startup_stm32l073xx.o(.text)
    .text                                    0x080002b4   Section        0  sprintf.o(.text)
    .text                                    0x080002e0   Section        0  strlen.o(.text)
    .text                                    0x08000324   Section      364  aeabi_sdiv.o(.text)
    .text                                    0x08000490   Section        0  heapauxi.o(.text)
    .text                                    0x08000498   Section        0  d2f.o(.text)
    _dadd1                                   0x08000515   Thumb Code   290  daddsub.o(.text)
    .text                                    0x08000514   Section        0  daddsub.o(.text)
    _dsub1                                   0x08000637   Thumb Code   470  daddsub.o(.text)
    .text                                    0x0800086c   Section        0  ddiv.o(.text)
    .text                                    0x08000cb4   Section        0  dfixui.o(.text)
    .text                                    0x08000cfc   Section        0  dflti.o(.text)
    .text                                    0x08000d54   Section        0  dmul.o(.text)
    .text                                    0x08000f9c   Section        0  f2d.o(.text)
    .text                                    0x08000ff0   Section        0  fdiv.o(.text)
    .text                                    0x08001150   Section        0  fflti.o(.text)
    .text                                    0x080011ae   Section        0  _printf_pad.o(.text)
    .text                                    0x080011fc   Section        0  _printf_truncate.o(.text)
    .text                                    0x08001220   Section        0  _printf_str.o(.text)
    .text                                    0x08001274   Section        0  _printf_dec.o(.text)
    .text                                    0x080012e0   Section        0  _printf_charcount.o(.text)
    _printf_input_char                       0x08001309   Thumb Code    10  _printf_char_common.o(.text)
    .text                                    0x08001308   Section        0  _printf_char_common.o(.text)
    .text                                    0x08001338   Section        0  _sputc.o(.text)
    .text                                    0x08001344   Section        0  _printf_wctomb.o(.text)
    .text                                    0x08001400   Section        0  _printf_longlong_dec.o(.text)
    _printf_longlong_oct_internal            0x08001471   Thumb Code     0  _printf_oct_int_ll.o(.text)
    .text                                    0x08001470   Section        0  _printf_oct_int_ll.o(.text)
    _printf_hex_common                       0x080014e1   Thumb Code     0  _printf_hex_int_ll_ptr.o(.text)
    .text                                    0x080014e0   Section        0  _printf_hex_int_ll_ptr.o(.text)
    .text                                    0x08001578   Section        0  __printf_flags_ss_wp.o(.text)
    .text                                    0x08001700   Section        0  lludiv10.o(.text)
    .text                                    0x0800177a   Section        0  _printf_intcommon.o(.text)
    _fp_digits                               0x0800182d   Thumb Code   412  _printf_fp_dec.o(.text)
    .text                                    0x0800182c   Section        0  _printf_fp_dec.o(.text)
    .text                                    0x08001c40   Section        0  _printf_fp_hex.o(.text)
    .text                                    0x08001f18   Section        0  _printf_char.o(.text)
    .text                                    0x08001f46   Section        0  _printf_wchar.o(.text)
    .text                                    0x08001f74   Section        0  _c16rtomb.o(.text)
    .text                                    0x08001fb6   Section        0  rtudiv10.o(.text)
    .text                                    0x08001fe0   Section        0  dcmpin.o(.text)
    .text                                    0x08002080   Section        0  fcmpin.o(.text)
    .text                                    0x080020e4   Section       62  sys_stackheap_outer.o(.text)
    .text                                    0x08002124   Section       16  rt_ctype_table.o(.text)
    .text                                    0x08002134   Section        8  rt_locale_intlibspace.o(.text)
    .text                                    0x0800213c   Section        0  _printf_fp_infnan.o(.text)
    .text                                    0x080021c4   Section        0  bigflt0.o(.text)
    .text                                    0x0800229c   Section        0  btod.o(.text)
    btod_internal_mul                        0x080022dd   Thumb Code   492  btod.o(.text)
    btod_internal_div                        0x080024c9   Thumb Code   520  btod.o(.text)
    .text                                    0x0800281c   Section        0  exit.o(.text)
    .text                                    0x0800282c   Section        0  cmpret.o(.text)
    .text                                    0x0800285c   Section        0  dnan2.o(.text)
    .text                                    0x08002870   Section        0  fnan2.o(.text)
    .text                                    0x08002880   Section        8  libspace.o(.text)
    .text                                    0x08002888   Section        0  strcmp.o(.text)
    .text                                    0x08002910   Section        0  retnan.o(.text)
    .text                                    0x08002970   Section        0  sys_exit.o(.text)
    .text                                    0x0800297c   Section        2  use_no_semi.o(.text)
    .text                                    0x0800297e   Section        0  indicate_semi.o(.text)
    [Anonymous Symbol]                       0x08002980   Section        0  main.o(.text.Calculate_PID_ZieglerNichols)
    __arm_cp.6_0                             0x08002ac0   Number         4  main.o(.text.Calculate_PID_ZieglerNichols)
    __arm_cp.6_1                             0x08002ac4   Number         4  main.o(.text.Calculate_PID_ZieglerNichols)
    __arm_cp.6_2                             0x08002ac8   Number         4  main.o(.text.Calculate_PID_ZieglerNichols)
    __arm_cp.6_3                             0x08002acc   Number         4  main.o(.text.Calculate_PID_ZieglerNichols)
    __arm_cp.6_4                             0x08002ad0   Number         4  main.o(.text.Calculate_PID_ZieglerNichols)
    __arm_cp.6_5                             0x08002ad4   Number         4  main.o(.text.Calculate_PID_ZieglerNichols)
    __arm_cp.6_6                             0x08002ad8   Number         4  main.o(.text.Calculate_PID_ZieglerNichols)
    __arm_cp.6_7                             0x08002adc   Number         4  main.o(.text.Calculate_PID_ZieglerNichols)
    __arm_cp.6_8                             0x08002ae0   Number         4  main.o(.text.Calculate_PID_ZieglerNichols)
    __arm_cp.6_9                             0x08002ae4   Number         4  main.o(.text.Calculate_PID_ZieglerNichols)
    __arm_cp.6_10                            0x08002ae8   Number         4  main.o(.text.Calculate_PID_ZieglerNichols)
    __arm_cp.6_11                            0x08002aec   Number         4  main.o(.text.Calculate_PID_ZieglerNichols)
    __arm_cp.6_12                            0x08002af0   Number         4  main.o(.text.Calculate_PID_ZieglerNichols)
    __arm_cp.6_13                            0x08002af4   Number         4  main.o(.text.Calculate_PID_ZieglerNichols)
    __arm_cp.6_14                            0x08002af8   Number         4  main.o(.text.Calculate_PID_ZieglerNichols)
    [Anonymous Symbol]                       0x08002afc   Section        0  main.o(.text.Encoder_Init)
    __arm_cp.1_3                             0x08002b7c   Number         4  main.o(.text.Encoder_Init)
    __arm_cp.1_4                             0x08002b80   Number         4  main.o(.text.Encoder_Init)
    __arm_cp.1_5                             0x08002b84   Number         4  main.o(.text.Encoder_Init)
    __arm_cp.1_6                             0x08002b88   Number         4  main.o(.text.Encoder_Init)
    __arm_cp.1_7                             0x08002b8c   Number         4  main.o(.text.Encoder_Init)
    [Anonymous Symbol]                       0x08002b90   Section        0  main.o(.text.PID_Velocity_Control)
    __arm_cp.7_2                             0x08002c60   Number         4  main.o(.text.PID_Velocity_Control)
    __arm_cp.7_3                             0x08002c64   Number         4  main.o(.text.PID_Velocity_Control)
    __arm_cp.7_4                             0x08002c68   Number         4  main.o(.text.PID_Velocity_Control)
    __arm_cp.7_6                             0x08002c6c   Number         4  main.o(.text.PID_Velocity_Control)
    __arm_cp.7_10                            0x08002c70   Number         4  main.o(.text.PID_Velocity_Control)
    [Anonymous Symbol]                       0x08002c74   Section        0  main.o(.text.PWM_Init)
    __arm_cp.2_0                             0x08002d14   Number         4  main.o(.text.PWM_Init)
    __arm_cp.2_1                             0x08002d18   Number         4  main.o(.text.PWM_Init)
    __arm_cp.2_2                             0x08002d1c   Number         4  main.o(.text.PWM_Init)
    __arm_cp.2_3                             0x08002d20   Number         4  main.o(.text.PWM_Init)
    __arm_cp.2_4                             0x08002d24   Number         4  main.o(.text.PWM_Init)
    __arm_cp.2_5                             0x08002d28   Number         4  main.o(.text.PWM_Init)
    __arm_cp.2_6                             0x08002d2c   Number         4  main.o(.text.PWM_Init)
    __arm_cp.2_7                             0x08002d30   Number         4  main.o(.text.PWM_Init)
    __arm_cp.2_9                             0x08002d34   Number         4  main.o(.text.PWM_Init)
    __arm_cp.2_10                            0x08002d38   Number         4  main.o(.text.PWM_Init)
    __arm_cp.2_11                            0x08002d3c   Number         4  main.o(.text.PWM_Init)
    __arm_cp.2_12                            0x08002d40   Number         4  main.o(.text.PWM_Init)
    [Anonymous Symbol]                       0x08002d44   Section        0  main.o(.text.Relay_AutoTune)
    __arm_cp.5_0                             0x08002ec8   Number         4  main.o(.text.Relay_AutoTune)
    __arm_cp.5_1                             0x08002ecc   Number         4  main.o(.text.Relay_AutoTune)
    __arm_cp.5_2                             0x08002ed0   Number         4  main.o(.text.Relay_AutoTune)
    __arm_cp.5_3                             0x08002ed4   Number         4  main.o(.text.Relay_AutoTune)
    __arm_cp.5_4                             0x08002ed8   Number         4  main.o(.text.Relay_AutoTune)
    __arm_cp.5_5                             0x08002edc   Number         4  main.o(.text.Relay_AutoTune)
    __arm_cp.5_6                             0x08002ee0   Number         4  main.o(.text.Relay_AutoTune)
    __arm_cp.5_7                             0x08002ee4   Number         4  main.o(.text.Relay_AutoTune)
    __arm_cp.5_8                             0x08002ee8   Number         4  main.o(.text.Relay_AutoTune)
    __arm_cp.5_10                            0x08002eec   Number         4  main.o(.text.Relay_AutoTune)
    __arm_cp.5_11                            0x08002ef0   Number         4  main.o(.text.Relay_AutoTune)
    __arm_cp.5_12                            0x08002ef4   Number         4  main.o(.text.Relay_AutoTune)
    __arm_cp.5_13                            0x08002ef8   Number         4  main.o(.text.Relay_AutoTune)
    __arm_cp.5_14                            0x08002efc   Number         4  main.o(.text.Relay_AutoTune)
    __arm_cp.5_15                            0x08002f00   Number         4  main.o(.text.Relay_AutoTune)
    __arm_cp.5_17                            0x08002f04   Number         4  main.o(.text.Relay_AutoTune)
    __arm_cp.5_18                            0x08002f08   Number         4  main.o(.text.Relay_AutoTune)
    __arm_cp.5_19                            0x08002f0c   Number         4  main.o(.text.Relay_AutoTune)
    __arm_cp.5_20                            0x08002f10   Number         4  main.o(.text.Relay_AutoTune)
    [Anonymous Symbol]                       0x08002f14   Section        0  main.o(.text.SysTick_Handler)
    __arm_cp.3_0                             0x08002f88   Number         4  main.o(.text.SysTick_Handler)
    __arm_cp.3_1                             0x08002f8c   Number         4  main.o(.text.SysTick_Handler)
    __arm_cp.3_2                             0x08002f90   Number         4  main.o(.text.SysTick_Handler)
    __arm_cp.3_3                             0x08002f94   Number         4  main.o(.text.SysTick_Handler)
    __arm_cp.3_4                             0x08002f98   Number         4  main.o(.text.SysTick_Handler)
    __arm_cp.3_5                             0x08002f9c   Number         4  main.o(.text.SysTick_Handler)
    __arm_cp.3_6                             0x08002fa0   Number         4  main.o(.text.SysTick_Handler)
    __arm_cp.3_7                             0x08002fa4   Number         4  main.o(.text.SysTick_Handler)
    [Anonymous Symbol]                       0x08002fa8   Section        0  main.o(.text.SystemInit)
    [Anonymous Symbol]                       0x08002fac   Section        0  main.o(.text.main)
    __arm_cp.4_0                             0x080031f8   Number         4  main.o(.text.main)
    __arm_cp.4_1                             0x080031fc   Number         4  main.o(.text.main)
    __arm_cp.4_2                             0x08003200   Number         4  main.o(.text.main)
    __arm_cp.4_3                             0x08003204   Number         4  main.o(.text.main)
    __arm_cp.4_4                             0x08003208   Number         4  main.o(.text.main)
    __arm_cp.4_5                             0x0800320c   Number         4  main.o(.text.main)
    __arm_cp.4_6                             0x08003210   Number         4  main.o(.text.main)
    __arm_cp.4_7                             0x08003214   Number         4  main.o(.text.main)
    __arm_cp.4_8                             0x08003218   Number         4  main.o(.text.main)
    __arm_cp.4_9                             0x0800321c   Number         4  main.o(.text.main)
    __arm_cp.4_10                            0x08003220   Number         4  main.o(.text.main)
    __arm_cp.4_11                            0x08003224   Number         4  main.o(.text.main)
    __arm_cp.4_12                            0x08003228   Number         4  main.o(.text.main)
    __arm_cp.4_13                            0x0800322c   Number         4  main.o(.text.main)
    __arm_cp.4_14                            0x08003230   Number         4  main.o(.text.main)
    __arm_cp.4_15                            0x08003234   Number         4  main.o(.text.main)
    __arm_cp.4_16                            0x08003238   Number         4  main.o(.text.main)
    __arm_cp.4_17                            0x0800323c   Number         4  main.o(.text.main)
    __arm_cp.4_18                            0x08003240   Number         4  main.o(.text.main)
    __arm_cp.4_19                            0x08003244   Number         4  main.o(.text.main)
    __arm_cp.4_20                            0x08003248   Number         4  main.o(.text.main)
    __arm_cp.4_21                            0x0800324c   Number         4  main.o(.text.main)
    i.__ARM_common_ll_muluu                  0x08003250   Section        0  btod.o(i.__ARM_common_ll_muluu)
    i.__ARM_fpclassify                       0x08003280   Section        0  fpclassify.o(i.__ARM_fpclassify)
    i._dgeq                                  0x080032ac   Section        0  dcmp.o(i._dgeq)
    i._dleq                                  0x080032c2   Section        0  dcmp.o(i._dleq)
    i._fgeq                                  0x080032dc   Section        0  fcmp.o(i._fgeq)
    i._fgr                                   0x080032f2   Section        0  fcmp.o(i._fgr)
    i._fleq                                  0x08003308   Section        0  fcmp.o(i._fleq)
    i._is_digit                              0x08003322   Section        0  __printf_wp.o(i._is_digit)
    locale$$code                             0x08003330   Section       44  lc_numeric_c.o(locale$$code)
    locale$$code                             0x0800335c   Section       44  lc_ctype_c.o(locale$$code)
    x$fpl$dgeqf                              0x08003388   Section      100  dgef.o(x$fpl$dgeqf)
    x$fpl$dleqf                              0x080033ec   Section      100  dlef.o(x$fpl$dleqf)
    x$fpl$fadd                               0x08003450   Section      140  faddsub.o(x$fpl$fadd)
    _fadd1                                   0x0800345d   Thumb Code     0  faddsub.o(x$fpl$fadd)
    x$fpl$fgeqf                              0x080034dc   Section       84  fgef.o(x$fpl$fgeqf)
    x$fpl$fleqf                              0x08003530   Section       84  flef.o(x$fpl$fleqf)
    x$fpl$fmul                               0x08003584   Section      176  fmul.o(x$fpl$fmul)
    x$fpl$fsub                               0x08003634   Section      208  faddsub.o(x$fpl$fsub)
    _fsub1                                   0x08003641   Thumb Code     0  faddsub.o(x$fpl$fsub)
    x$fpl$printf1                            0x08003704   Section       16  printf1.o(x$fpl$printf1)
    x$fpl$printf2                            0x08003714   Section       16  printf2.o(x$fpl$printf2)
    ddiv_reciptbl                            0x08003724   Data         128  ddiv.o(.constdata)
    .constdata                               0x08003724   Section      128  ddiv.o(.constdata)
    x$fpl$usenofp                            0x08003724   Section        0  usenofp.o(x$fpl$usenofp)
    fdiv_tab                                 0x080037a4   Data          64  fdiv.o(.constdata)
    .constdata                               0x080037a4   Section       64  fdiv.o(.constdata)
    initial_mbstate                          0x080037e4   Data           8  _printf_wctomb.o(.constdata)
    .constdata                               0x080037e4   Section        8  _printf_wctomb.o(.constdata)
    uc_hextab                                0x080037ec   Data          20  _printf_hex_int_ll_ptr.o(.constdata)
    .constdata                               0x080037ec   Section       40  _printf_hex_int_ll_ptr.o(.constdata)
    lc_hextab                                0x08003800   Data          20  _printf_hex_int_ll_ptr.o(.constdata)
    maptable                                 0x08003814   Data          17  __printf_flags_ss_wp.o(.constdata)
    .constdata                               0x08003814   Section       17  __printf_flags_ss_wp.o(.constdata)
    lc_hextab                                0x08003825   Data          19  _printf_fp_hex.o(.constdata)
    .constdata                               0x08003825   Section       38  _printf_fp_hex.o(.constdata)
    uc_hextab                                0x08003838   Data          19  _printf_fp_hex.o(.constdata)
    tenpwrs_x                                0x0800384c   Data          60  bigflt0.o(.constdata)
    .constdata                               0x0800384c   Section      148  bigflt0.o(.constdata)
    tenpwrs_i                                0x08003888   Data          64  bigflt0.o(.constdata)
    [Anonymous Symbol]                       0x080038e0   Section        0  main.o(.rodata.str1.1)
    locale$$data                             0x0800395c   Section       28  lc_numeric_c.o(locale$$data)
    __lcnum_c_name                           0x08003960   Data           2  lc_numeric_c.o(locale$$data)
    __lcnum_c_start                          0x08003968   Data           0  lc_numeric_c.o(locale$$data)
    __lcnum_c_point                          0x08003974   Data           0  lc_numeric_c.o(locale$$data)
    __lcnum_c_thousands                      0x08003976   Data           0  lc_numeric_c.o(locale$$data)
    __lcnum_c_grouping                       0x08003977   Data           0  lc_numeric_c.o(locale$$data)
    __lcnum_c_end                            0x08003978   Data           0  lc_numeric_c.o(locale$$data)
    locale$$data                             0x08003978   Section      272  lc_ctype_c.o(locale$$data)
    __lcctype_c_name                         0x0800397c   Data           2  lc_ctype_c.o(locale$$data)
    __lcctype_c_start                        0x08003984   Data           0  lc_ctype_c.o(locale$$data)
    __lcctype_c_end                          0x08003a88   Data           0  lc_ctype_c.o(locale$$data)
    .bss                                     0x20000018   Section       96  libspace.o(.bss)
    Heap_Mem                                 0x200000d8   Data         512  startup_stm32l073xx.o(HEAP)
    HEAP                                     0x200000d8   Section      512  startup_stm32l073xx.o(HEAP)
    Stack_Mem                                0x200002d8   Data        1024  startup_stm32l073xx.o(STACK)
    STACK                                    0x200002d8   Section     1024  startup_stm32l073xx.o(STACK)
    __initial_sp                             0x200006d8   Data           0  startup_stm32l073xx.o(STACK)

    Global Symbols

    Symbol Name                              Value     Ov Type        Size  Object(Section)

    BuildAttributes$$THM_ISAv3M$S$PE$A:L22$X:L11$S22$IEEE1$IW$~IW$USESV6$~STKCKD$USESV7$~SHL$OTIME$ROPI$IEEEJ$EBA8$UX$STANDARDLIB$REQ8$PRES8$EABIv2 0x00000000   Number         0  anon$$obj.o ABSOLUTE
    _printf_flags                            0x00000000   Number         0  printf_stubs.o ABSOLUTE
    _printf_return_value                     0x00000000   Number         0  printf_stubs.o ABSOLUTE
    _printf_sizespec                         0x00000000   Number         0  printf_stubs.o ABSOLUTE
    _printf_widthprec                        0x00000000   Number         0  printf_stubs.o ABSOLUTE
    __ARM_exceptions_init                     - Undefined Weak Reference
    __alloca_initialize                       - Undefined Weak Reference
    __arm_preinit_                            - Undefined Weak Reference
    __arm_relocate_pie_                       - Undefined Weak Reference
    __cpp_initialize__aeabi_                  - Undefined Weak Reference
    __cxa_finalize                            - Undefined Weak Reference
    __sigvec_lookup                           - Undefined Weak Reference
    _atexit_init                              - Undefined Weak Reference
    _call_atexit_fns                          - Undefined Weak Reference
    _clock_init                               - Undefined Weak Reference
    _fp_trap_init                             - Undefined Weak Reference
    _fp_trap_shutdown                         - Undefined Weak Reference
    _get_lc_collate                           - Undefined Weak Reference
    _get_lc_monetary                          - Undefined Weak Reference
    _get_lc_time                              - Undefined Weak Reference
    _getenv_init                              - Undefined Weak Reference
    _handle_redirection                       - Undefined Weak Reference
    _init_alloc                               - Undefined Weak Reference
    _init_user_alloc                          - Undefined Weak Reference
    _initio                                   - Undefined Weak Reference
    _printf_mbtowc                            - Undefined Weak Reference
    _printf_wc                                - Undefined Weak Reference
    _rand_init                                - Undefined Weak Reference
    _signal_finish                            - Undefined Weak Reference
    _signal_init                              - Undefined Weak Reference
    _terminate_alloc                          - Undefined Weak Reference
    _terminate_user_alloc                     - Undefined Weak Reference
    _terminateio                              - Undefined Weak Reference
    __Vectors_Size                           0x000000c0   Number         0  startup_stm32l073xx.o ABSOLUTE
    __Vectors                                0x08000000   Data           4  startup_stm32l073xx.o(RESET)
    __Vectors_End                            0x080000c0   Data           0  startup_stm32l073xx.o(RESET)
    __main                                   0x080000c1   Thumb Code     8  __main.o(!!!main)
    __scatterload                            0x080000c9   Thumb Code     0  __scatter.o(!!!scatter)
    __scatterload_rt2                        0x080000c9   Thumb Code    74  __scatter.o(!!!scatter)
    __scatterload_rt2_thumb_only             0x080000c9   Thumb Code     0  __scatter.o(!!!scatter)
    __scatterload_loop                       0x080000d3   Thumb Code     0  __scatter.o(!!!scatter)
    __scatterload_copy                       0x0800011d   Thumb Code    26  __scatter_copy.o(!!handler_copy)
    __scatterload_null                       0x08000139   Thumb Code     2  __scatter.o(!!handler_null)
    __scatterload_zeroinit                   0x0800013d   Thumb Code    28  __scatter_zi.o(!!handler_zi)
    _printf_percent                          0x08000159   Thumb Code     0  _printf_percent.o(.ARM.Collect$$_printf_percent$$00000000)
    _printf_n                                0x0800015b   Thumb Code     0  _printf_n.o(.ARM.Collect$$_printf_percent$$00000001)
    _printf_p                                0x08000165   Thumb Code     0  _printf_p.o(.ARM.Collect$$_printf_percent$$00000002)
    _printf_f                                0x0800016f   Thumb Code     0  _printf_f.o(.ARM.Collect$$_printf_percent$$00000003)
    _printf_e                                0x08000179   Thumb Code     0  _printf_e.o(.ARM.Collect$$_printf_percent$$00000004)
    _printf_g                                0x08000183   Thumb Code     0  _printf_g.o(.ARM.Collect$$_printf_percent$$00000005)
    _printf_a                                0x0800018d   Thumb Code     0  _printf_a.o(.ARM.Collect$$_printf_percent$$00000006)
    _printf_ll                               0x08000197   Thumb Code     0  _printf_ll.o(.ARM.Collect$$_printf_percent$$00000007)
    _printf_i                                0x080001a1   Thumb Code     0  _printf_i.o(.ARM.Collect$$_printf_percent$$00000008)
    _printf_d                                0x080001ab   Thumb Code     0  _printf_d.o(.ARM.Collect$$_printf_percent$$00000009)
    _printf_u                                0x080001b5   Thumb Code     0  _printf_u.o(.ARM.Collect$$_printf_percent$$0000000A)
    _printf_o                                0x080001bf   Thumb Code     0  _printf_o.o(.ARM.Collect$$_printf_percent$$0000000B)
    _printf_x                                0x080001c9   Thumb Code     0  _printf_x.o(.ARM.Collect$$_printf_percent$$0000000C)
    _printf_lli                              0x080001d3   Thumb Code     0  _printf_lli.o(.ARM.Collect$$_printf_percent$$0000000D)
    _printf_lld                              0x080001dd   Thumb Code     0  _printf_lld.o(.ARM.Collect$$_printf_percent$$0000000E)
    _printf_llu                              0x080001e7   Thumb Code     0  _printf_llu.o(.ARM.Collect$$_printf_percent$$0000000F)
    _printf_llo                              0x080001f1   Thumb Code     0  _printf_llo.o(.ARM.Collect$$_printf_percent$$00000010)
    _printf_llx                              0x080001fb   Thumb Code     0  _printf_llx.o(.ARM.Collect$$_printf_percent$$00000011)
    _printf_l                                0x08000205   Thumb Code     0  _printf_l.o(.ARM.Collect$$_printf_percent$$00000012)
    _printf_c                                0x0800020f   Thumb Code     0  _printf_c.o(.ARM.Collect$$_printf_percent$$00000013)
    _printf_s                                0x08000219   Thumb Code     0  _printf_s.o(.ARM.Collect$$_printf_percent$$00000014)
    _printf_lc                               0x08000223   Thumb Code     0  _printf_lc.o(.ARM.Collect$$_printf_percent$$00000015)
    _printf_ls                               0x0800022d   Thumb Code     0  _printf_ls.o(.ARM.Collect$$_printf_percent$$00000016)
    _printf_percent_end                      0x08000237   Thumb Code     0  _printf_percent_end.o(.ARM.Collect$$_printf_percent$$00000017)
    __rt_lib_init                            0x0800023b   Thumb Code     0  libinit.o(.ARM.Collect$$libinit$$00000000)
    __rt_lib_init_fp_1                       0x0800023d   Thumb Code     0  libinit2.o(.ARM.Collect$$libinit$$00000002)
    __rt_lib_init_heap_1                     0x0800023d   Thumb Code     0  libinit2.o(.ARM.Collect$$libinit$$0000000C)
    __rt_lib_init_lc_common                  0x0800023d   Thumb Code     0  libinit2.o(.ARM.Collect$$libinit$$00000011)
    __rt_lib_init_preinit_1                  0x0800023d   Thumb Code     0  libinit2.o(.ARM.Collect$$libinit$$00000006)
    __rt_lib_init_rand_1                     0x0800023d   Thumb Code     0  libinit2.o(.ARM.Collect$$libinit$$00000010)
    __rt_lib_init_relocate_pie_1             0x0800023d   Thumb Code     0  libinit2.o(.ARM.Collect$$libinit$$00000004)
    __rt_lib_init_user_alloc_1               0x0800023d   Thumb Code     0  libinit2.o(.ARM.Collect$$libinit$$0000000E)
    __rt_lib_init_lc_collate_1               0x08000243   Thumb Code     0  libinit2.o(.ARM.Collect$$libinit$$00000013)
    __rt_lib_init_lc_ctype_2                 0x08000243   Thumb Code     0  libinit2.o(.ARM.Collect$$libinit$$00000014)
    __rt_lib_init_lc_ctype_1                 0x0800024f   Thumb Code     0  libinit2.o(.ARM.Collect$$libinit$$00000015)
    __rt_lib_init_lc_monetary_1              0x0800024f   Thumb Code     0  libinit2.o(.ARM.Collect$$libinit$$00000017)
    __rt_lib_init_lc_numeric_2               0x0800024f   Thumb Code     0  libinit2.o(.ARM.Collect$$libinit$$00000018)
    __rt_lib_init_alloca_1                   0x08000259   Thumb Code     0  libinit2.o(.ARM.Collect$$libinit$$00000030)
    __rt_lib_init_argv_1                     0x08000259   Thumb Code     0  libinit2.o(.ARM.Collect$$libinit$$0000002E)
    __rt_lib_init_atexit_1                   0x08000259   Thumb Code     0  libinit2.o(.ARM.Collect$$libinit$$0000001D)
    __rt_lib_init_clock_1                    0x08000259   Thumb Code     0  libinit2.o(.ARM.Collect$$libinit$$00000023)
    __rt_lib_init_cpp_1                      0x08000259   Thumb Code     0  libinit2.o(.ARM.Collect$$libinit$$00000034)
    __rt_lib_init_exceptions_1               0x08000259   Thumb Code     0  libinit2.o(.ARM.Collect$$libinit$$00000032)
    __rt_lib_init_fp_trap_1                  0x08000259   Thumb Code     0  libinit2.o(.ARM.Collect$$libinit$$00000021)
    __rt_lib_init_getenv_1                   0x08000259   Thumb Code     0  libinit2.o(.ARM.Collect$$libinit$$00000025)
    __rt_lib_init_lc_numeric_1               0x08000259   Thumb Code     0  libinit2.o(.ARM.Collect$$libinit$$00000019)
    __rt_lib_init_lc_time_1                  0x08000259   Thumb Code     0  libinit2.o(.ARM.Collect$$libinit$$0000001B)
    __rt_lib_init_return                     0x08000259   Thumb Code     0  libinit2.o(.ARM.Collect$$libinit$$00000035)
    __rt_lib_init_signal_1                   0x08000259   Thumb Code     0  libinit2.o(.ARM.Collect$$libinit$$0000001F)
    __rt_lib_init_stdio_1                    0x08000259   Thumb Code     0  libinit2.o(.ARM.Collect$$libinit$$00000027)
    __rt_lib_shutdown                        0x0800025b   Thumb Code     0  libshutdown.o(.ARM.Collect$$libshutdown$$00000000)
    __rt_lib_shutdown_cpp_1                  0x0800025d   Thumb Code     0  libshutdown2.o(.ARM.Collect$$libshutdown$$00000002)
    __rt_lib_shutdown_fp_trap_1              0x0800025d   Thumb Code     0  libshutdown2.o(.ARM.Collect$$libshutdown$$00000007)
    __rt_lib_shutdown_heap_1                 0x0800025d   Thumb Code     0  libshutdown2.o(.ARM.Collect$$libshutdown$$0000000F)
    __rt_lib_shutdown_return                 0x0800025d   Thumb Code     0  libshutdown2.o(.ARM.Collect$$libshutdown$$00000010)
    __rt_lib_shutdown_signal_1               0x0800025d   Thumb Code     0  libshutdown2.o(.ARM.Collect$$libshutdown$$0000000A)
    __rt_lib_shutdown_stdio_1                0x0800025d   Thumb Code     0  libshutdown2.o(.ARM.Collect$$libshutdown$$00000004)
    __rt_lib_shutdown_user_alloc_1           0x0800025d   Thumb Code     0  libshutdown2.o(.ARM.Collect$$libshutdown$$0000000C)
    __rt_entry                               0x0800025f   Thumb Code     0  __rtentry.o(.ARM.Collect$$rtentry$$00000000)
    __rt_entry_presh_1                       0x0800025f   Thumb Code     0  __rtentry2.o(.ARM.Collect$$rtentry$$00000002)
    __rt_entry_sh                            0x0800025f   Thumb Code     0  __rtentry4.o(.ARM.Collect$$rtentry$$00000004)
    __rt_entry_li                            0x08000265   Thumb Code     0  __rtentry2.o(.ARM.Collect$$rtentry$$0000000A)
    __rt_entry_postsh_1                      0x08000265   Thumb Code     0  __rtentry2.o(.ARM.Collect$$rtentry$$00000009)
    __rt_entry_main                          0x08000269   Thumb Code     0  __rtentry2.o(.ARM.Collect$$rtentry$$0000000D)
    __rt_entry_postli_1                      0x08000269   Thumb Code     0  __rtentry2.o(.ARM.Collect$$rtentry$$0000000C)
    __rt_exit                                0x08000271   Thumb Code     0  rtexit.o(.ARM.Collect$$rtexit$$00000000)
    __rt_exit_ls                             0x08000273   Thumb Code     0  rtexit2.o(.ARM.Collect$$rtexit$$00000003)
    __rt_exit_prels_1                        0x08000273   Thumb Code     0  rtexit2.o(.ARM.Collect$$rtexit$$00000002)
    __rt_exit_exit                           0x08000277   Thumb Code     0  rtexit2.o(.ARM.Collect$$rtexit$$00000004)
    Reset_Handler                            0x0800027d   Thumb Code     8  startup_stm32l073xx.o(.text)
    NMI_Handler                              0x08000285   Thumb Code     2  startup_stm32l073xx.o(.text)
    HardFault_Handler                        0x08000287   Thumb Code     2  startup_stm32l073xx.o(.text)
    SVC_Handler                              0x08000289   Thumb Code     2  startup_stm32l073xx.o(.text)
    PendSV_Handler                           0x0800028b   Thumb Code     2  startup_stm32l073xx.o(.text)
    ADC1_COMP_IRQHandler                     0x0800028f   Thumb Code     0  startup_stm32l073xx.o(.text)
    DMA1_Channel1_IRQHandler                 0x0800028f   Thumb Code     0  startup_stm32l073xx.o(.text)
    DMA1_Channel2_3_IRQHandler               0x0800028f   Thumb Code     0  startup_stm32l073xx.o(.text)
    DMA1_Channel4_5_6_7_IRQHandler           0x0800028f   Thumb Code     0  startup_stm32l073xx.o(.text)
    EXTI0_1_IRQHandler                       0x0800028f   Thumb Code     0  startup_stm32l073xx.o(.text)
    EXTI2_3_IRQHandler                       0x0800028f   Thumb Code     0  startup_stm32l073xx.o(.text)
    EXTI4_15_IRQHandler                      0x0800028f   Thumb Code     0  startup_stm32l073xx.o(.text)
    FLASH_IRQHandler                         0x0800028f   Thumb Code     0  startup_stm32l073xx.o(.text)
    I2C1_IRQHandler                          0x0800028f   Thumb Code     0  startup_stm32l073xx.o(.text)
    I2C2_IRQHandler                          0x0800028f   Thumb Code     0  startup_stm32l073xx.o(.text)
    I2C3_IRQHandler                          0x0800028f   Thumb Code     0  startup_stm32l073xx.o(.text)
    LCD_IRQHandler                           0x0800028f   Thumb Code     0  startup_stm32l073xx.o(.text)
    LPTIM1_IRQHandler                        0x0800028f   Thumb Code     0  startup_stm32l073xx.o(.text)
    PVD_IRQHandler                           0x0800028f   Thumb Code     0  startup_stm32l073xx.o(.text)
    RCC_CRS_IRQHandler                       0x0800028f   Thumb Code     0  startup_stm32l073xx.o(.text)
    RNG_LPUART1_IRQHandler                   0x0800028f   Thumb Code     0  startup_stm32l073xx.o(.text)
    RTC_IRQHandler                           0x0800028f   Thumb Code     0  startup_stm32l073xx.o(.text)
    SPI1_IRQHandler                          0x0800028f   Thumb Code     0  startup_stm32l073xx.o(.text)
    SPI2_IRQHandler                          0x0800028f   Thumb Code     0  startup_stm32l073xx.o(.text)
    TIM21_IRQHandler                         0x0800028f   Thumb Code     0  startup_stm32l073xx.o(.text)
    TIM22_IRQHandler                         0x0800028f   Thumb Code     0  startup_stm32l073xx.o(.text)
    TIM2_IRQHandler                          0x0800028f   Thumb Code     0  startup_stm32l073xx.o(.text)
    TIM3_IRQHandler                          0x0800028f   Thumb Code     0  startup_stm32l073xx.o(.text)
    TIM6_DAC_IRQHandler                      0x0800028f   Thumb Code     0  startup_stm32l073xx.o(.text)
    TIM7_IRQHandler                          0x0800028f   Thumb Code     0  startup_stm32l073xx.o(.text)
    TSC_IRQHandler                           0x0800028f   Thumb Code     0  startup_stm32l073xx.o(.text)
    USART1_IRQHandler                        0x0800028f   Thumb Code     0  startup_stm32l073xx.o(.text)
    USART2_IRQHandler                        0x0800028f   Thumb Code     0  startup_stm32l073xx.o(.text)
    USART4_5_IRQHandler                      0x0800028f   Thumb Code     0  startup_stm32l073xx.o(.text)
    USB_IRQHandler                           0x0800028f   Thumb Code     0  startup_stm32l073xx.o(.text)
    WWDG_IRQHandler                          0x0800028f   Thumb Code     0  startup_stm32l073xx.o(.text)
    __user_initial_stackheap                 0x08000291   Thumb Code     0  startup_stm32l073xx.o(.text)
    sprintf                                  0x080002b5   Thumb Code    40  sprintf.o(.text)
    strlen                                   0x080002e1   Thumb Code    62  strlen.o(.text)
    __aeabi_uidiv                            0x08000325   Thumb Code     0  aeabi_sdiv.o(.text)
    __aeabi_uidivmod                         0x08000325   Thumb Code    20  aeabi_sdiv.o(.text)
    __aeabi_idiv                             0x08000339   Thumb Code     0  aeabi_sdiv.o(.text)
    __aeabi_idivmod                          0x08000339   Thumb Code   338  aeabi_sdiv.o(.text)
    __use_two_region_memory                  0x08000491   Thumb Code     2  heapauxi.o(.text)
    __rt_heap_escrow$2region                 0x08000493   Thumb Code     2  heapauxi.o(.text)
    __rt_heap_expand$2region                 0x08000495   Thumb Code     2  heapauxi.o(.text)
    __aeabi_d2f                              0x08000499   Thumb Code     0  d2f.o(.text)
    __truncdfsf2                             0x08000499   Thumb Code     0  d2f.o(.text)
    _d2f                                     0x08000499   Thumb Code   120  d2f.o(.text)
    __adddf3                                 0x0800080d   Thumb Code     0  daddsub.o(.text)
    __aeabi_dadd                             0x0800080d   Thumb Code     0  daddsub.o(.text)
    _dadd                                    0x0800080d   Thumb Code    26  daddsub.o(.text)
    __aeabi_dsub                             0x08000827   Thumb Code     0  daddsub.o(.text)
    __subdf3                                 0x08000827   Thumb Code     0  daddsub.o(.text)
    _dsub                                    0x08000827   Thumb Code    22  daddsub.o(.text)
    __aeabi_drsub                            0x0800083d   Thumb Code     0  daddsub.o(.text)
    _drsb                                    0x0800083d   Thumb Code    28  daddsub.o(.text)
    __aeabi_ddiv                             0x0800086d   Thumb Code     0  ddiv.o(.text)
    __divdf3                                 0x0800086d   Thumb Code     0  ddiv.o(.text)
    _ddiv                                    0x0800086d   Thumb Code  1072  ddiv.o(.text)
    _drdiv                                   0x08000c9d   Thumb Code    20  ddiv.o(.text)
    __aeabi_d2uiz                            0x08000cb5   Thumb Code     0  dfixui.o(.text)
    _dfixu                                   0x08000cb5   Thumb Code    68  dfixui.o(.text)
    __aeabi_i2d_normalise                    0x08000cfd   Thumb Code    66  dflti.o(.text)
    __aeabi_i2d                              0x08000d3f   Thumb Code    16  dflti.o(.text)
    _dflt                                    0x08000d3f   Thumb Code     0  dflti.o(.text)
    __aeabi_ui2d                             0x08000d4f   Thumb Code     6  dflti.o(.text)
    _dfltu                                   0x08000d4f   Thumb Code     0  dflti.o(.text)
    __aeabi_dmul                             0x08000d55   Thumb Code     0  dmul.o(.text)
    __muldf3                                 0x08000d55   Thumb Code     0  dmul.o(.text)
    _dmul                                    0x08000d55   Thumb Code   558  dmul.o(.text)
    __aeabi_f2d                              0x08000f9d   Thumb Code     0  f2d.o(.text)
    __extendsfdf2                            0x08000f9d   Thumb Code     0  f2d.o(.text)
    _f2d                                     0x08000f9d   Thumb Code    80  f2d.o(.text)
    __aeabi_fdiv                             0x08000ff1   Thumb Code     0  fdiv.o(.text)
    __divsf3                                 0x08000ff1   Thumb Code     0  fdiv.o(.text)
    _fdiv                                    0x08000ff1   Thumb Code   334  fdiv.o(.text)
    _frdiv                                   0x0800113f   Thumb Code     8  fdiv.o(.text)
    __aeabi_i2f_normalise                    0x08001151   Thumb Code    72  fflti.o(.text)
    __aeabi_i2f                              0x08001199   Thumb Code    16  fflti.o(.text)
    _fflt                                    0x08001199   Thumb Code     0  fflti.o(.text)
    __aeabi_ui2f                             0x080011a9   Thumb Code     6  fflti.o(.text)
    _ffltu                                   0x080011a9   Thumb Code     0  fflti.o(.text)
    _printf_pre_padding                      0x080011af   Thumb Code    44  _printf_pad.o(.text)
    _printf_post_padding                     0x080011db   Thumb Code    34  _printf_pad.o(.text)
    _printf_truncate_signed                  0x080011fd   Thumb Code    18  _printf_truncate.o(.text)
    _printf_truncate_unsigned                0x0800120f   Thumb Code    18  _printf_truncate.o(.text)
    _printf_str                              0x08001221   Thumb Code    82  _printf_str.o(.text)
    _printf_int_dec                          0x08001275   Thumb Code    90  _printf_dec.o(.text)
    _printf_charcount                        0x080012e1   Thumb Code    38  _printf_charcount.o(.text)
    _printf_char_common                      0x08001313   Thumb Code    32  _printf_char_common.o(.text)
    _sputc                                   0x08001339   Thumb Code    10  _sputc.o(.text)
    _printf_wctomb                           0x08001345   Thumb Code   182  _printf_wctomb.o(.text)
    _printf_longlong_dec                     0x08001401   Thumb Code    94  _printf_longlong_dec.o(.text)
    _printf_longlong_oct                     0x08001471   Thumb Code    68  _printf_oct_int_ll.o(.text)
    _printf_int_oct                          0x080014b5   Thumb Code    24  _printf_oct_int_ll.o(.text)
    _printf_ll_oct                           0x080014cd   Thumb Code    10  _printf_oct_int_ll.o(.text)
    _printf_longlong_hex                     0x080014e1   Thumb Code    88  _printf_hex_int_ll_ptr.o(.text)
    _printf_int_hex                          0x08001539   Thumb Code    28  _printf_hex_int_ll_ptr.o(.text)
    _printf_ll_hex                           0x08001555   Thumb Code    10  _printf_hex_int_ll_ptr.o(.text)
    _printf_hex_ptr                          0x0800155f   Thumb Code    22  _printf_hex_int_ll_ptr.o(.text)
    __printf                                 0x08001579   Thumb Code   386  __printf_flags_ss_wp.o(.text)
    _ll_udiv10                               0x08001701   Thumb Code   122  lludiv10.o(.text)
    _printf_int_common                       0x0800177b   Thumb Code   176  _printf_intcommon.o(.text)
    _printf_fp_dec_real                      0x080019c9   Thumb Code   620  _printf_fp_dec.o(.text)
    _printf_fp_hex_real                      0x08001c41   Thumb Code   718  _printf_fp_hex.o(.text)
    _printf_cs_common                        0x08001f19   Thumb Code    22  _printf_char.o(.text)
    _printf_char                             0x08001f2f   Thumb Code    16  _printf_char.o(.text)
    _printf_string                           0x08001f3f   Thumb Code     8  _printf_char.o(.text)
    _printf_lcs_common                       0x08001f47   Thumb Code    22  _printf_wchar.o(.text)
    _printf_wchar                            0x08001f5d   Thumb Code    16  _printf_wchar.o(.text)
    _printf_wstring                          0x08001f6d   Thumb Code     8  _printf_wchar.o(.text)
    _c16rtomb                                0x08001f75   Thumb Code    66  _c16rtomb.o(.text)
    _wcrtomb                                 0x08001f75   Thumb Code     0  _c16rtomb.o(.text)
    __rt_udiv10                              0x08001fb7   Thumb Code    40  rtudiv10.o(.text)
    __fpl_dcmp_InfNaN                        0x08001fe1   Thumb Code   154  dcmpin.o(.text)
    __fpl_fcmp_InfNaN                        0x08002081   Thumb Code    96  fcmpin.o(.text)
    __user_setup_stackheap                   0x080020e5   Thumb Code    62  sys_stackheap_outer.o(.text)
    __rt_ctype_table                         0x08002125   Thumb Code    16  rt_ctype_table.o(.text)
    __rt_locale                              0x08002135   Thumb Code     8  rt_locale_intlibspace.o(.text)
    _printf_fp_infnan                        0x0800213d   Thumb Code   120  _printf_fp_infnan.o(.text)
    _btod_etento                             0x080021c5   Thumb Code   210  bigflt0.o(.text)
    _btod_d2e                                0x0800229d   Thumb Code    64  btod.o(.text)
    _btod_emul                               0x080026d1   Thumb Code    28  btod.o(.text)
    _btod_emuld                              0x080026ed   Thumb Code   144  btod.o(.text)
    _btod_ediv                               0x0800277d   Thumb Code    26  btod.o(.text)
    _btod_edivd                              0x08002797   Thumb Code   124  btod.o(.text)
    exit                                     0x0800281d   Thumb Code    16  exit.o(.text)
    __fpl_cmpreturn                          0x0800282d   Thumb Code    46  cmpret.o(.text)
    __fpl_dcheck_NaN2                        0x0800285d   Thumb Code    14  dnan2.o(.text)
    __fpl_fcheck_NaN2                        0x08002871   Thumb Code    10  fnan2.o(.text)
    __user_libspace                          0x08002881   Thumb Code     8  libspace.o(.text)
    __user_perproc_libspace                  0x08002881   Thumb Code     0  libspace.o(.text)
    __user_perthread_libspace                0x08002881   Thumb Code     0  libspace.o(.text)
    strcmp                                   0x08002889   Thumb Code   132  strcmp.o(.text)
    __fpl_return_NaN                         0x08002911   Thumb Code    94  retnan.o(.text)
    _sys_exit                                0x08002971   Thumb Code     8  sys_exit.o(.text)
    __I$use$semihosting                      0x0800297d   Thumb Code     0  use_no_semi.o(.text)
    __use_no_semihosting_swi                 0x0800297d   Thumb Code     2  use_no_semi.o(.text)
    __semihosting_library_function           0x0800297f   Thumb Code     0  indicate_semi.o(.text)
    Calculate_PID_ZieglerNichols             0x08002981   Thumb Code   320  main.o(.text.Calculate_PID_ZieglerNichols)
    Encoder_Init                             0x08002afd   Thumb Code   128  main.o(.text.Encoder_Init)
    PID_Velocity_Control                     0x08002b91   Thumb Code   208  main.o(.text.PID_Velocity_Control)
    PWM_Init                                 0x08002c75   Thumb Code   160  main.o(.text.PWM_Init)
    Relay_AutoTune                           0x08002d45   Thumb Code   388  main.o(.text.Relay_AutoTune)
    SysTick_Handler                          0x08002f15   Thumb Code   116  main.o(.text.SysTick_Handler)
    SystemInit                               0x08002fa9   Thumb Code     2  main.o(.text.SystemInit)
    main                                     0x08002fad   Thumb Code   588  main.o(.text.main)
    __ARM_common_ll_muluu                    0x08003251   Thumb Code    48  btod.o(i.__ARM_common_ll_muluu)
    __ARM_fpclassify                         0x08003281   Thumb Code    40  fpclassify.o(i.__ARM_fpclassify)
    __aeabi_dcmpge                           0x080032ad   Thumb Code     0  dcmp.o(i._dgeq)
    _dgeq                                    0x080032ad   Thumb Code    22  dcmp.o(i._dgeq)
    __aeabi_dcmple                           0x080032c3   Thumb Code     0  dcmp.o(i._dleq)
    _dleq                                    0x080032c3   Thumb Code    26  dcmp.o(i._dleq)
    __aeabi_fcmpge                           0x080032dd   Thumb Code     0  fcmp.o(i._fgeq)
    _fgeq                                    0x080032dd   Thumb Code    22  fcmp.o(i._fgeq)
    __aeabi_fcmpgt                           0x080032f3   Thumb Code     0  fcmp.o(i._fgr)
    _fgr                                     0x080032f3   Thumb Code    22  fcmp.o(i._fgr)
    __aeabi_fcmple                           0x08003309   Thumb Code     0  fcmp.o(i._fleq)
    _fleq                                    0x08003309   Thumb Code    26  fcmp.o(i._fleq)
    _is_digit                                0x08003323   Thumb Code    14  __printf_wp.o(i._is_digit)
    _get_lc_numeric                          0x08003331   Thumb Code    44  lc_numeric_c.o(locale$$code)
    _get_lc_ctype                            0x0800335d   Thumb Code    44  lc_ctype_c.o(locale$$code)
    _dcmpge                                  0x08003389   Thumb Code    94  dgef.o(x$fpl$dgeqf)
    __aeabi_cdcmple                          0x080033ed   Thumb Code     0  dlef.o(x$fpl$dleqf)
    _dcmple                                  0x080033ed   Thumb Code    94  dlef.o(x$fpl$dleqf)
    __aeabi_fadd                             0x08003451   Thumb Code     0  faddsub.o(x$fpl$fadd)
    _fadd                                    0x08003451   Thumb Code   134  faddsub.o(x$fpl$fadd)
    _fcmpge                                  0x080034dd   Thumb Code    78  fgef.o(x$fpl$fgeqf)
    __aeabi_cfcmple                          0x08003531   Thumb Code     0  flef.o(x$fpl$fleqf)
    _fcmple                                  0x08003531   Thumb Code    78  flef.o(x$fpl$fleqf)
    __aeabi_fmul                             0x08003585   Thumb Code     0  fmul.o(x$fpl$fmul)
    _fmul                                    0x08003585   Thumb Code   172  fmul.o(x$fpl$fmul)
    __aeabi_fsub                             0x08003635   Thumb Code     0  faddsub.o(x$fpl$fsub)
    _fsub                                    0x08003635   Thumb Code   204  faddsub.o(x$fpl$fsub)
    _printf_fp_dec                           0x08003705   Thumb Code    16  printf1.o(x$fpl$printf1)
    _printf_fp_hex                           0x08003715   Thumb Code    16  printf2.o(x$fpl$printf2)
    __I$use$fp                               0x08003724   Number         0  usenofp.o(x$fpl$usenofp)
    Region$$Table$$Base                      0x0800393c   Number         0  anon$$obj.o(Region$$Table)
    Region$$Table$$Limit                     0x0800395c   Number         0  anon$$obj.o(Region$$Table)
    __ctype                                  0x08003985   Data           0  lc_ctype_c.o(locale$$data)
    Setpoint                                 0x20000000   Data           4  main.o(.data.Setpoint)
    SystemCoreClock                          0x20000004   Data           4  main.o(.data.SystemCoreClock)
    alpha_encoder                            0x20000008   Data           4  main.o(.data.alpha_encoder)
    d                                        0x2000000c   Data           4  main.o(.data.d)
    speed_min                                0x20000010   Data           4  main.o(.data.speed_min)
    __libspace_start                         0x20000018   Data          96  libspace.o(.bss)
    Kd                                       0x20000078   Data           4  main.o(.bss.Kd)
    __temporary_stack_top$libspace           0x20000078   Data           0  libspace.o(.bss)
    Ki                                       0x2000007c   Data           4  main.o(.bss.Ki)
    Kp                                       0x20000080   Data           4  main.o(.bss.Kp)
    Speed                                    0x20000084   Data           4  main.o(.bss.Speed)
    Td                                       0x20000088   Data           4  main.o(.bss.Td)
    Ti                                       0x2000008c   Data           4  main.o(.bss.Ti)
    Tu                                       0x20000090   Data           4  main.o(.bss.Tu)
    a                                        0x20000094   Data           4  main.o(.bss.a)
    crossing_count                           0x20000098   Data           4  main.o(.bss.crossing_count)
    e0                                       0x2000009c   Data           4  main.o(.bss.e0)
    e1                                       0x200000a0   Data           4  main.o(.bss.e1)
    e2                                       0x200000a4   Data           4  main.o(.bss.e2)
    encoder_count_prev                       0x200000a8   Data           2  main.o(.bss.encoder_count_prev)
    error_prev                               0x200000ac   Data           4  main.o(.bss.error_prev)
    q0                                       0x200000b0   Data           4  main.o(.bss.q0)
    q1                                       0x200000b4   Data           4  main.o(.bss.q1)
    q2                                       0x200000b8   Data           4  main.o(.bss.q2)
    speed_max                                0x200000bc   Data           4  main.o(.bss.speed_max)
    t_start                                  0x200000c0   Data           4  main.o(.bss.t_start)
    tuning_done                              0x200000c4   Data           1  main.o(.bss.tuning_done)
    u                                        0x200000c8   Data           4  main.o(.bss.u)
    u_prev                                   0x200000cc   Data           4  main.o(.bss.u_prev)
    uwTick                                   0x200000d0   Data           4  main.o(.bss.uwTick)



==============================================================================

Memory Map of the image

  Image Entry point : 0x0800027d

  Load Region LR_1 (Base: 0x08000000, Size: 0x00003a9c, Max: 0xffffffff, ABSOLUTE)

    Execution Region ER_RO (Exec base: 0x08000000, Load base: 0x08000000, Size: 0x00003a88, Max: 0xffffffff, ABSOLUTE)

    Exec Addr    Load Addr    Size         Type   Attr      Idx    E Section Name        Object

    0x08000000   0x08000000   0x000000c0   Data   RO           56    RESET               startup_stm32l073xx.o
    0x080000c0   0x080000c0   0x00000008   Code   RO           75  * !!!main             c_p.l(__main.o)
    0x080000c8   0x080000c8   0x00000054   Code   RO          508    !!!scatter          c_p.l(__scatter.o)
    0x0800011c   0x0800011c   0x0000001a   Code   RO          512    !!handler_copy      c_p.l(__scatter_copy.o)
    0x08000136   0x08000136   0x00000002   PAD
    0x08000138   0x08000138   0x00000002   Code   RO          509    !!handler_null      c_p.l(__scatter.o)
    0x0800013a   0x0800013a   0x00000002   PAD
    0x0800013c   0x0800013c   0x0000001c   Code   RO          514    !!handler_zi        c_p.l(__scatter_zi.o)
    0x08000158   0x08000158   0x00000002   Code   RO          239    .ARM.Collect$$_printf_percent$$00000000  c_p.l(_printf_percent.o)
    0x0800015a   0x0800015a   0x0000000a   Code   RO          228    .ARM.Collect$$_printf_percent$$00000001  c_p.l(_printf_n.o)
    0x08000164   0x08000164   0x0000000a   Code   RO          230    .ARM.Collect$$_printf_percent$$00000002  c_p.l(_printf_p.o)
    0x0800016e   0x0800016e   0x0000000a   Code   RO          235    .ARM.Collect$$_printf_percent$$00000003  c_p.l(_printf_f.o)
    0x08000178   0x08000178   0x0000000a   Code   RO          236    .ARM.Collect$$_printf_percent$$00000004  c_p.l(_printf_e.o)
    0x08000182   0x08000182   0x0000000a   Code   RO          237    .ARM.Collect$$_printf_percent$$00000005  c_p.l(_printf_g.o)
    0x0800018c   0x0800018c   0x0000000a   Code   RO          238    .ARM.Collect$$_printf_percent$$00000006  c_p.l(_printf_a.o)
    0x08000196   0x08000196   0x0000000a   Code   RO          243    .ARM.Collect$$_printf_percent$$00000007  c_p.l(_printf_ll.o)
    0x080001a0   0x080001a0   0x0000000a   Code   RO          232    .ARM.Collect$$_printf_percent$$00000008  c_p.l(_printf_i.o)
    0x080001aa   0x080001aa   0x0000000a   Code   RO          233    .ARM.Collect$$_printf_percent$$00000009  c_p.l(_printf_d.o)
    0x080001b4   0x080001b4   0x0000000a   Code   RO          234    .ARM.Collect$$_printf_percent$$0000000A  c_p.l(_printf_u.o)
    0x080001be   0x080001be   0x0000000a   Code   RO          231    .ARM.Collect$$_printf_percent$$0000000B  c_p.l(_printf_o.o)
    0x080001c8   0x080001c8   0x0000000a   Code   RO          229    .ARM.Collect$$_printf_percent$$0000000C  c_p.l(_printf_x.o)
    0x080001d2   0x080001d2   0x0000000a   Code   RO          240    .ARM.Collect$$_printf_percent$$0000000D  c_p.l(_printf_lli.o)
    0x080001dc   0x080001dc   0x0000000a   Code   RO          241    .ARM.Collect$$_printf_percent$$0000000E  c_p.l(_printf_lld.o)
    0x080001e6   0x080001e6   0x0000000a   Code   RO          242    .ARM.Collect$$_printf_percent$$0000000F  c_p.l(_printf_llu.o)
    0x080001f0   0x080001f0   0x0000000a   Code   RO          247    .ARM.Collect$$_printf_percent$$00000010  c_p.l(_printf_llo.o)
    0x080001fa   0x080001fa   0x0000000a   Code   RO          248    .ARM.Collect$$_printf_percent$$00000011  c_p.l(_printf_llx.o)
    0x08000204   0x08000204   0x0000000a   Code   RO          244    .ARM.Collect$$_printf_percent$$00000012  c_p.l(_printf_l.o)
    0x0800020e   0x0800020e   0x0000000a   Code   RO          226    .ARM.Collect$$_printf_percent$$00000013  c_p.l(_printf_c.o)
    0x08000218   0x08000218   0x0000000a   Code   RO          227    .ARM.Collect$$_printf_percent$$00000014  c_p.l(_printf_s.o)
    0x08000222   0x08000222   0x0000000a   Code   RO          245    .ARM.Collect$$_printf_percent$$00000015  c_p.l(_printf_lc.o)
    0x0800022c   0x0800022c   0x0000000a   Code   RO          246    .ARM.Collect$$_printf_percent$$00000016  c_p.l(_printf_ls.o)
    0x08000236   0x08000236   0x00000004   Code   RO          304    .ARM.Collect$$_printf_percent$$00000017  c_p.l(_printf_percent_end.o)
    0x0800023a   0x0800023a   0x00000002   Code   RO          348    .ARM.Collect$$libinit$$00000000  c_p.l(libinit.o)
    0x0800023c   0x0800023c   0x00000000   Code   RO          379    .ARM.Collect$$libinit$$00000002  c_p.l(libinit2.o)
    0x0800023c   0x0800023c   0x00000000   Code   RO          381    .ARM.Collect$$libinit$$00000004  c_p.l(libinit2.o)
    0x0800023c   0x0800023c   0x00000000   Code   RO          383    .ARM.Collect$$libinit$$00000006  c_p.l(libinit2.o)
    0x0800023c   0x0800023c   0x00000000   Code   RO          386    .ARM.Collect$$libinit$$0000000C  c_p.l(libinit2.o)
    0x0800023c   0x0800023c   0x00000000   Code   RO          388    .ARM.Collect$$libinit$$0000000E  c_p.l(libinit2.o)
    0x0800023c   0x0800023c   0x00000000   Code   RO          390    .ARM.Collect$$libinit$$00000010  c_p.l(libinit2.o)
    0x0800023c   0x0800023c   0x00000006   Code   RO          391    .ARM.Collect$$libinit$$00000011  c_p.l(libinit2.o)
    0x08000242   0x08000242   0x00000000   Code   RO          393    .ARM.Collect$$libinit$$00000013  c_p.l(libinit2.o)
    0x08000242   0x08000242   0x0000000c   Code   RO          394    .ARM.Collect$$libinit$$00000014  c_p.l(libinit2.o)
    0x0800024e   0x0800024e   0x00000000   Code   RO          395    .ARM.Collect$$libinit$$00000015  c_p.l(libinit2.o)
    0x0800024e   0x0800024e   0x00000000   Code   RO          397    .ARM.Collect$$libinit$$00000017  c_p.l(libinit2.o)
    0x0800024e   0x0800024e   0x0000000a   Code   RO          398    .ARM.Collect$$libinit$$00000018  c_p.l(libinit2.o)
    0x08000258   0x08000258   0x00000000   Code   RO          399    .ARM.Collect$$libinit$$00000019  c_p.l(libinit2.o)
    0x08000258   0x08000258   0x00000000   Code   RO          401    .ARM.Collect$$libinit$$0000001B  c_p.l(libinit2.o)
    0x08000258   0x08000258   0x00000000   Code   RO          403    .ARM.Collect$$libinit$$0000001D  c_p.l(libinit2.o)
    0x08000258   0x08000258   0x00000000   Code   RO          405    .ARM.Collect$$libinit$$0000001F  c_p.l(libinit2.o)
    0x08000258   0x08000258   0x00000000   Code   RO          407    .ARM.Collect$$libinit$$00000021  c_p.l(libinit2.o)
    0x08000258   0x08000258   0x00000000   Code   RO          409    .ARM.Collect$$libinit$$00000023  c_p.l(libinit2.o)
    0x08000258   0x08000258   0x00000000   Code   RO          411    .ARM.Collect$$libinit$$00000025  c_p.l(libinit2.o)
    0x08000258   0x08000258   0x00000000   Code   RO          413    .ARM.Collect$$libinit$$00000027  c_p.l(libinit2.o)
    0x08000258   0x08000258   0x00000000   Code   RO          417    .ARM.Collect$$libinit$$0000002E  c_p.l(libinit2.o)
    0x08000258   0x08000258   0x00000000   Code   RO          419    .ARM.Collect$$libinit$$00000030  c_p.l(libinit2.o)
    0x08000258   0x08000258   0x00000000   Code   RO          421    .ARM.Collect$$libinit$$00000032  c_p.l(libinit2.o)
    0x08000258   0x08000258   0x00000000   Code   RO          423    .ARM.Collect$$libinit$$00000034  c_p.l(libinit2.o)
    0x08000258   0x08000258   0x00000002   Code   RO          424    .ARM.Collect$$libinit$$00000035  c_p.l(libinit2.o)
    0x0800025a   0x0800025a   0x00000002   Code   RO          463    .ARM.Collect$$libshutdown$$00000000  c_p.l(libshutdown.o)
    0x0800025c   0x0800025c   0x00000000   Code   RO          491    .ARM.Collect$$libshutdown$$00000002  c_p.l(libshutdown2.o)
    0x0800025c   0x0800025c   0x00000000   Code   RO          493    .ARM.Collect$$libshutdown$$00000004  c_p.l(libshutdown2.o)
    0x0800025c   0x0800025c   0x00000000   Code   RO          496    .ARM.Collect$$libshutdown$$00000007  c_p.l(libshutdown2.o)
    0x0800025c   0x0800025c   0x00000000   Code   RO          499    .ARM.Collect$$libshutdown$$0000000A  c_p.l(libshutdown2.o)
    0x0800025c   0x0800025c   0x00000000   Code   RO          501    .ARM.Collect$$libshutdown$$0000000C  c_p.l(libshutdown2.o)
    0x0800025c   0x0800025c   0x00000000   Code   RO          504    .ARM.Collect$$libshutdown$$0000000F  c_p.l(libshutdown2.o)
    0x0800025c   0x0800025c   0x00000002   Code   RO          505    .ARM.Collect$$libshutdown$$00000010  c_p.l(libshutdown2.o)
    0x0800025e   0x0800025e   0x00000000   Code   RO          153    .ARM.Collect$$rtentry$$00000000  c_p.l(__rtentry.o)
    0x0800025e   0x0800025e   0x00000000   Code   RO          271    .ARM.Collect$$rtentry$$00000002  c_p.l(__rtentry2.o)
    0x0800025e   0x0800025e   0x00000006   Code   RO          283    .ARM.Collect$$rtentry$$00000004  c_p.l(__rtentry4.o)
    0x08000264   0x08000264   0x00000000   Code   RO          273    .ARM.Collect$$rtentry$$00000009  c_p.l(__rtentry2.o)
    0x08000264   0x08000264   0x00000004   Code   RO          274    .ARM.Collect$$rtentry$$0000000A  c_p.l(__rtentry2.o)
    0x08000268   0x08000268   0x00000000   Code   RO          276    .ARM.Collect$$rtentry$$0000000C  c_p.l(__rtentry2.o)
    0x08000268   0x08000268   0x00000008   Code   RO          277    .ARM.Collect$$rtentry$$0000000D  c_p.l(__rtentry2.o)
    0x08000270   0x08000270   0x00000002   Code   RO          363    .ARM.Collect$$rtexit$$00000000  c_p.l(rtexit.o)
    0x08000272   0x08000272   0x00000000   Code   RO          432    .ARM.Collect$$rtexit$$00000002  c_p.l(rtexit2.o)
    0x08000272   0x08000272   0x00000004   Code   RO          433    .ARM.Collect$$rtexit$$00000003  c_p.l(rtexit2.o)
    0x08000276   0x08000276   0x00000006   Code   RO          434    .ARM.Collect$$rtexit$$00000004  c_p.l(rtexit2.o)
    0x0800027c   0x0800027c   0x00000038   Code   RO           57  * .text               startup_stm32l073xx.o
    0x080002b4   0x080002b4   0x0000002c   Code   RO           65    .text               c_p.l(sprintf.o)
    0x080002e0   0x080002e0   0x00000044   Code   RO           67    .text               c_p.l(strlen.o)
    0x08000324   0x08000324   0x0000016c   Code   RO           69    .text               c_p.l(aeabi_sdiv.o)
    0x08000490   0x08000490   0x00000006   Code   RO           73    .text               c_p.l(heapauxi.o)
    0x08000496   0x08000496   0x00000002   PAD
    0x08000498   0x08000498   0x0000007c   Code   RO           77    .text               fz_ps.l(d2f.o)
    0x08000514   0x08000514   0x00000358   Code   RO           79    .text               fz_ps.l(daddsub.o)
    0x0800086c   0x0800086c   0x00000448   Code   RO          105    .text               fz_ps.l(ddiv.o)
    0x08000cb4   0x08000cb4   0x00000048   Code   RO          108    .text               fz_ps.l(dfixui.o)
    0x08000cfc   0x08000cfc   0x00000058   Code   RO          110    .text               fz_ps.l(dflti.o)
    0x08000d54   0x08000d54   0x00000248   Code   RO          112    .text               fz_ps.l(dmul.o)
    0x08000f9c   0x08000f9c   0x00000054   Code   RO          114    .text               fz_ps.l(f2d.o)
    0x08000ff0   0x08000ff0   0x00000160   Code   RO          146    .text               fz_ps.l(fdiv.o)
    0x08001150   0x08001150   0x0000005e   Code   RO          149    .text               fz_ps.l(fflti.o)
    0x080011ae   0x080011ae   0x0000004e   Code   RO          160    .text               c_p.l(_printf_pad.o)
    0x080011fc   0x080011fc   0x00000024   Code   RO          162    .text               c_p.l(_printf_truncate.o)
    0x08001220   0x08001220   0x00000052   Code   RO          164    .text               c_p.l(_printf_str.o)
    0x08001272   0x08001272   0x00000002   PAD
    0x08001274   0x08001274   0x0000006c   Code   RO          166    .text               c_p.l(_printf_dec.o)
    0x080012e0   0x080012e0   0x00000026   Code   RO          168    .text               c_p.l(_printf_charcount.o)
    0x08001306   0x08001306   0x00000002   PAD
    0x08001308   0x08001308   0x00000030   Code   RO          170    .text               c_p.l(_printf_char_common.o)
    0x08001338   0x08001338   0x0000000a   Code   RO          172    .text               c_p.l(_sputc.o)
    0x08001342   0x08001342   0x00000002   PAD
    0x08001344   0x08001344   0x000000bc   Code   RO          174    .text               c_p.l(_printf_wctomb.o)
    0x08001400   0x08001400   0x00000070   Code   RO          177    .text               c_p.l(_printf_longlong_dec.o)
    0x08001470   0x08001470   0x00000070   Code   RO          183    .text               c_p.l(_printf_oct_int_ll.o)
    0x080014e0   0x080014e0   0x00000098   Code   RO          203    .text               c_p.l(_printf_hex_int_ll_ptr.o)
    0x08001578   0x08001578   0x00000188   Code   RO          223    .text               c_p.l(__printf_flags_ss_wp.o)
    0x08001700   0x08001700   0x0000007a   Code   RO          287    .text               c_p.l(lludiv10.o)
    0x0800177a   0x0800177a   0x000000b0   Code   RO          289    .text               c_p.l(_printf_intcommon.o)
    0x0800182a   0x0800182a   0x00000002   PAD
    0x0800182c   0x0800182c   0x00000414   Code   RO          291    .text               c_p.l(_printf_fp_dec.o)
    0x08001c40   0x08001c40   0x000002d8   Code   RO          295    .text               c_p.l(_printf_fp_hex.o)
    0x08001f18   0x08001f18   0x0000002e   Code   RO          300    .text               c_p.l(_printf_char.o)
    0x08001f46   0x08001f46   0x0000002e   Code   RO          302    .text               c_p.l(_printf_wchar.o)
    0x08001f74   0x08001f74   0x00000042   Code   RO          305    .text               c_p.l(_c16rtomb.o)
    0x08001fb6   0x08001fb6   0x00000028   Code   RO          307    .text               c_p.l(rtudiv10.o)
    0x08001fde   0x08001fde   0x00000002   PAD
    0x08001fe0   0x08001fe0   0x000000a0   Code   RO          309    .text               fz_ps.l(dcmpin.o)
    0x08002080   0x08002080   0x00000064   Code   RO          311    .text               fz_ps.l(fcmpin.o)
    0x080020e4   0x080020e4   0x0000003e   Code   RO          313    .text               c_p.l(sys_stackheap_outer.o)
    0x08002122   0x08002122   0x00000002   PAD
    0x08002124   0x08002124   0x00000010   Code   RO          316    .text               c_p.l(rt_ctype_table.o)
    0x08002134   0x08002134   0x00000008   Code   RO          321    .text               c_p.l(rt_locale_intlibspace.o)
    0x0800213c   0x0800213c   0x00000088   Code   RO          323    .text               c_p.l(_printf_fp_infnan.o)
    0x080021c4   0x080021c4   0x000000d8   Code   RO          325    .text               c_p.l(bigflt0.o)
    0x0800229c   0x0800229c   0x00000580   Code   RO          328    .text               c_p.l(btod.o)
    0x0800281c   0x0800281c   0x00000010   Code   RO          337    .text               c_p.l(exit.o)
    0x0800282c   0x0800282c   0x0000002e   Code   RO          349    .text               fz_ps.l(cmpret.o)
    0x0800285a   0x0800285a   0x00000002   PAD
    0x0800285c   0x0800285c   0x00000014   Code   RO          351    .text               fz_ps.l(dnan2.o)
    0x08002870   0x08002870   0x00000010   Code   RO          353    .text               fz_ps.l(fnan2.o)
    0x08002880   0x08002880   0x00000008   Code   RO          359    .text               c_p.l(libspace.o)
    0x08002888   0x08002888   0x00000088   Code   RO          376    .text               c_p.l(strcmp.o)
    0x08002910   0x08002910   0x0000005e   Code   RO          425    .text               fz_ps.l(retnan.o)
    0x0800296e   0x0800296e   0x00000002   PAD
    0x08002970   0x08002970   0x0000000c   Code   RO          427    .text               c_p.l(sys_exit.o)
    0x0800297c   0x0800297c   0x00000002   Code   RO          452    .text               c_p.l(use_no_semi.o)
    0x0800297e   0x0800297e   0x00000000   Code   RO          454    .text               c_p.l(indicate_semi.o)
    0x0800297e   0x0800297e   0x00000002   PAD
    0x08002980   0x08002980   0x0000017c   Code   RO           14    .text.Calculate_PID_ZieglerNichols  main.o
    0x08002afc   0x08002afc   0x00000094   Code   RO            4    .text.Encoder_Init  main.o
    0x08002b90   0x08002b90   0x000000e4   Code   RO           16    .text.PID_Velocity_Control  main.o
    0x08002c74   0x08002c74   0x000000d0   Code   RO            6    .text.PWM_Init      main.o
    0x08002d44   0x08002d44   0x000001d0   Code   RO           12    .text.Relay_AutoTune  main.o
    0x08002f14   0x08002f14   0x00000094   Code   RO            8    .text.SysTick_Handler  main.o
    0x08002fa8   0x08002fa8   0x00000002   Code   RO            2    .text.SystemInit    main.o
    0x08002faa   0x08002faa   0x00000002   PAD
    0x08002fac   0x08002fac   0x000002a4   Code   RO           10    .text.main          main.o
    0x08003250   0x08003250   0x00000030   Code   RO          330    i.__ARM_common_ll_muluu  c_p.l(btod.o)
    0x08003280   0x08003280   0x0000002c   Code   RO          357    i.__ARM_fpclassify  m_ps.l(fpclassify.o)
    0x080032ac   0x080032ac   0x00000016   Code   RO           88    i._dgeq             fz_ps.l(dcmp.o)
    0x080032c2   0x080032c2   0x0000001a   Code   RO           90    i._dleq             fz_ps.l(dcmp.o)
    0x080032dc   0x080032dc   0x00000016   Code   RO          129    i._fgeq             fz_ps.l(fcmp.o)
    0x080032f2   0x080032f2   0x00000016   Code   RO          130    i._fgr              fz_ps.l(fcmp.o)
    0x08003308   0x08003308   0x0000001a   Code   RO          131    i._fleq             fz_ps.l(fcmp.o)
    0x08003322   0x08003322   0x0000000e   Code   RO          216    i._is_digit         c_p.l(__printf_wp.o)
    0x08003330   0x08003330   0x0000002c   Code   RO          335    locale$$code        c_p.l(lc_numeric_c.o)
    0x0800335c   0x0800335c   0x0000002c   Code   RO          370    locale$$code        c_p.l(lc_ctype_c.o)
    0x08003388   0x08003388   0x00000064   Code   RO          251    x$fpl$dgeqf         fz_ps.l(dgef.o)
    0x080033ec   0x080033ec   0x00000064   Code   RO          253    x$fpl$dleqf         fz_ps.l(dlef.o)
    0x08003450   0x08003450   0x0000008c   Code   RO          116    x$fpl$fadd          fz_ps.l(faddsub.o)
    0x080034dc   0x080034dc   0x00000054   Code   RO          257    x$fpl$fgeqf         fz_ps.l(fgef.o)
    0x08003530   0x08003530   0x00000054   Code   RO          259    x$fpl$fleqf         fz_ps.l(flef.o)
    0x08003584   0x08003584   0x000000b0   Code   RO          151    x$fpl$fmul          fz_ps.l(fmul.o)
    0x08003634   0x08003634   0x000000d0   Code   RO          118    x$fpl$fsub          fz_ps.l(faddsub.o)
    0x08003704   0x08003704   0x00000010   Code   RO          261    x$fpl$printf1       fz_ps.l(printf1.o)
    0x08003714   0x08003714   0x00000010   Code   RO          263    x$fpl$printf2       fz_ps.l(printf2.o)
    0x08003724   0x08003724   0x00000000   Code   RO          269    x$fpl$usenofp       fz_ps.l(usenofp.o)
    0x08003724   0x08003724   0x00000080   Data   RO          106    .constdata          fz_ps.l(ddiv.o)
    0x080037a4   0x080037a4   0x00000040   Data   RO          147    .constdata          fz_ps.l(fdiv.o)
    0x080037e4   0x080037e4   0x00000008   Data   RO          175    .constdata          c_p.l(_printf_wctomb.o)
    0x080037ec   0x080037ec   0x00000028   Data   RO          204    .constdata          c_p.l(_printf_hex_int_ll_ptr.o)
    0x08003814   0x08003814   0x00000011   Data   RO          224    .constdata          c_p.l(__printf_flags_ss_wp.o)
    0x08003825   0x08003825   0x00000026   Data   RO          296    .constdata          c_p.l(_printf_fp_hex.o)
    0x0800384b   0x0800384b   0x00000001   PAD
    0x0800384c   0x0800384c   0x00000094   Data   RO          326    .constdata          c_p.l(bigflt0.o)
    0x080038e0   0x080038e0   0x00000059   Data   RO           38    .rodata.str1.1      main.o
    0x08003939   0x08003939   0x00000003   PAD
    0x0800393c   0x0800393c   0x00000020   Data   RO          507    Region$$Table       anon$$obj.o
    0x0800395c   0x0800395c   0x0000001c   Data   RO          334    locale$$data        c_p.l(lc_numeric_c.o)
    0x08003978   0x08003978   0x00000110   Data   RO          369    locale$$data        c_p.l(lc_ctype_c.o)


    Execution Region ER_RW (Exec base: 0x20000000, Load base: 0x08003a88, Size: 0x00000014, Max: 0xffffffff, ABSOLUTE)

    Exec Addr    Load Addr    Size         Type   Attr      Idx    E Section Name        Object

    0x20000000   0x08003a88   0x00000004   Data   RW           19    .data.Setpoint      main.o
    0x20000004   0x08003a8c   0x00000004   Data   RW           18    .data.SystemCoreClock  main.o
    0x20000008   0x08003a90   0x00000004   Data   RW           20    .data.alpha_encoder  main.o
    0x2000000c   0x08003a94   0x00000004   Data   RW           21    .data.d             main.o
    0x20000010   0x08003a98   0x00000004   Data   RW           32    .data.speed_min     main.o


    Execution Region ER_ZI (Exec base: 0x20000018, Load base: 0x08003a9c, Size: 0x000006c0, Max: 0xffffffff, ABSOLUTE)

    Exec Addr    Load Addr    Size         Type   Attr      Idx    E Section Name        Object

    0x20000018        -       0x00000060   Zero   RW          360    .bss                c_p.l(libspace.o)
    0x20000078        -       0x00000004   Zero   RW           41    .bss.Kd             main.o
    0x2000007c        -       0x00000004   Zero   RW           40    .bss.Ki             main.o
    0x20000080        -       0x00000004   Zero   RW           39    .bss.Kp             main.o
    0x20000084        -       0x00000004   Zero   RW           24    .bss.Speed          main.o
    0x20000088        -       0x00000004   Zero   RW           43    .bss.Td             main.o
    0x2000008c        -       0x00000004   Zero   RW           42    .bss.Ti             main.o
    0x20000090        -       0x00000004   Zero   RW           26    .bss.Tu             main.o
    0x20000094        -       0x00000004   Zero   RW           25    .bss.a              main.o
    0x20000098        -       0x00000004   Zero   RW           30    .bss.crossing_count  main.o
    0x2000009c        -       0x00000004   Zero   RW           33    .bss.e0             main.o
    0x200000a0        -       0x00000004   Zero   RW           34    .bss.e1             main.o
    0x200000a4        -       0x00000004   Zero   RW           35    .bss.e2             main.o
    0x200000a8        -       0x00000002   Zero   RW           23    .bss.encoder_count_prev  main.o
    0x200000aa   0x08003a9c   0x00000002   PAD
    0x200000ac        -       0x00000004   Zero   RW           29    .bss.error_prev     main.o
    0x200000b0        -       0x00000004   Zero   RW           44    .bss.q0             main.o
    0x200000b4        -       0x00000004   Zero   RW           45    .bss.q1             main.o
    0x200000b8        -       0x00000004   Zero   RW           46    .bss.q2             main.o
    0x200000bc        -       0x00000004   Zero   RW           31    .bss.speed_max      main.o
    0x200000c0        -       0x00000004   Zero   RW           22    .bss.t_start        main.o
    0x200000c4        -       0x00000001   Zero   RW           36    .bss.tuning_done    main.o
    0x200000c5   0x08003a9c   0x00000003   PAD
    0x200000c8        -       0x00000004   Zero   RW           27    .bss.u              main.o
    0x200000cc        -       0x00000004   Zero   RW           28    .bss.u_prev         main.o
    0x200000d0        -       0x00000004   Zero   RW           37    .bss.uwTick         main.o
    0x200000d4   0x08003a9c   0x00000004   PAD
    0x200000d8        -       0x00000200   Zero   RW           55    HEAP                startup_stm32l073xx.o
    0x200002d8        -       0x00000400   Zero   RW           54    STACK               startup_stm32l073xx.o


==============================================================================

Image component sizes


      Code (inc. data)   RO Data    RW Data    ZI Data      Debug   Object Name

      2254        344         89         20         87       6292   main.o
        56         26        192          0       1536        596   startup_stm32l073xx.o

    ----------------------------------------------------------------------
      2312        370        316         20       1632       6888   Object Totals
         0          0         32          0          0          0   (incl. Generated)
         2          0          3          0          9          0   (incl. Padding)

    ----------------------------------------------------------------------

      Code (inc. data)   RO Data    RW Data    ZI Data      Debug   Library Member Name

         8          0          0          0          0         68   __main.o
       392          6         17          0          0         76   __printf_flags_ss_wp.o
        14          0          0          0          0         60   __printf_wp.o
         0          0          0          0          0          0   __rtentry.o
        12          0          0          0          0          0   __rtentry2.o
         6          0          0          0          0          0   __rtentry4.o
        86         10          0          0          0          0   __scatter.o
        26          0          0          0          0          0   __scatter_copy.o
        28          0          0          0          0          0   __scatter_zi.o
        66          0          0          0          0         76   _c16rtomb.o
        10          0          0          0          0          0   _printf_a.o
        10          0          0          0          0          0   _printf_c.o
        46          0          0          0          0        100   _printf_char.o
        48          6          0          0          0         88   _printf_char_common.o
        38          0          0          0          0         60   _printf_charcount.o
        10          0          0          0          0          0   _printf_d.o
       108         18          0          0          0         76   _printf_dec.o
        10          0          0          0          0          0   _printf_e.o
        10          0          0          0          0          0   _printf_f.o
      1044         12          0          0          0        116   _printf_fp_dec.o
       728         10         38          0          0         84   _printf_fp_hex.o
       136         16          0          0          0         76   _printf_fp_infnan.o
        10          0          0          0          0          0   _printf_g.o
       152          4         40          0          0        148   _printf_hex_int_ll_ptr.o
        10          0          0          0          0          0   _printf_i.o
       176          0          0          0          0         84   _printf_intcommon.o
        10          0          0          0          0          0   _printf_l.o
        10          0          0          0          0          0   _printf_lc.o
        10          0          0          0          0          0   _printf_ll.o
        10          0          0          0          0          0   _printf_lld.o
        10          0          0          0          0          0   _printf_lli.o
        10          0          0          0          0          0   _printf_llo.o
        10          0          0          0          0          0   _printf_llu.o
        10          0          0          0          0          0   _printf_llx.o
       112         18          0          0          0         76   _printf_longlong_dec.o
        10          0          0          0          0          0   _printf_ls.o
        10          0          0          0          0          0   _printf_n.o
        10          0          0          0          0          0   _printf_o.o
       112         10          0          0          0        112   _printf_oct_int_ll.o
        10          0          0          0          0          0   _printf_p.o
        78          0          0          0          0        100   _printf_pad.o
         2          0          0          0          0          0   _printf_percent.o
         4          0          0          0          0          0   _printf_percent_end.o
        10          0          0          0          0          0   _printf_s.o
        82          0          0          0          0         72   _printf_str.o
        36          0          0          0          0         76   _printf_truncate.o
        10          0          0          0          0          0   _printf_u.o
        46          0          0          0          0        100   _printf_wchar.o
       188          6          8          0          0         80   _printf_wctomb.o
        10          0          0          0          0          0   _printf_x.o
        10          0          0          0          0         60   _sputc.o
       364          4          0          0          0         92   aeabi_sdiv.o
       216          6        148          0          0         80   bigflt0.o
      1456         30          0          0          0        336   btod.o
        16          0          0          0          0         68   exit.o
         6          0          0          0          0        136   heapauxi.o
         0          0          0          0          0          0   indicate_semi.o
        44         10        272          0          0         76   lc_ctype_c.o
        44         10         28          0          0         76   lc_numeric_c.o
         2          0          0          0          0          0   libinit.o
        30          0          0          0          0          0   libinit2.o
         2          0          0          0          0          0   libshutdown.o
         2          0          0          0          0          0   libshutdown2.o
         8          4          0          0         96         68   libspace.o
       122          0          0          0          0         72   lludiv10.o
        16          4          0          0          0         76   rt_ctype_table.o
         8          4          0          0          0         68   rt_locale_intlibspace.o
         2          0          0          0          0          0   rtexit.o
        10          0          0          0          0          0   rtexit2.o
        40          0          0          0          0         60   rtudiv10.o
        44          4          0          0          0         84   sprintf.o
       136          4          0          0          0         72   strcmp.o
        68          6          0          0          0         72   strlen.o
        12          4          0          0          0         60   sys_exit.o
        62          0          0          0          0         80   sys_stackheap_outer.o
         2          0          0          0          0         68   use_no_semi.o
        46          0          0          0          0         60   cmpret.o
       124          4          0          0          0         72   d2f.o
       856         20          0          0          0        208   daddsub.o
        48          0          0          0          0        136   dcmp.o
       160          6          0          0          0         76   dcmpin.o
      1096         26        128          0          0        112   ddiv.o
        72          4          0          0          0         68   dfixui.o
        88          0          0          0          0         92   dflti.o
       100          4          0          0          0         92   dgef.o
       100          4          0          0          0         92   dlef.o
       584         26          0          0          0         84   dmul.o
        20          6          0          0          0         68   dnan2.o
        84          4          0          0          0         60   f2d.o
       348          8          0          0          0        160   faddsub.o
        70          0          0          0          0        204   fcmp.o
       100          4          0          0          0         68   fcmpin.o
       352         10         64          0          0         92   fdiv.o
        94          0          0          0          0         92   fflti.o
        84          4          0          0          0         76   fgef.o
        84          4          0          0          0         76   flef.o
       176          4          0          0          0         80   fmul.o
        16          6          0          0          0         68   fnan2.o
        16          4          0          0          0         76   printf1.o
        16          4          0          0          0         76   printf2.o
        94          0          0          0          0         68   retnan.o
         0          0          0          0          0          0   usenofp.o
        44          4          0          0          0         60   fpclassify.o

    ----------------------------------------------------------------------
     11612        362        744          0         96       5848   Library Totals
        24          0          1          0          0          0   (incl. Padding)

    ----------------------------------------------------------------------

      Code (inc. data)   RO Data    RW Data    ZI Data      Debug   Library Name

      6716        206        551          0         96       3432   c_p.l
      4828        152        192          0          0       2356   fz_ps.l
        44          4          0          0          0         60   m_ps.l

    ----------------------------------------------------------------------
     11612        362        744          0         96       5848   Library Totals

    ----------------------------------------------------------------------

==============================================================================


      Code (inc. data)   RO Data    RW Data    ZI Data      Debug   

     13924        732       1060         20       1728       9828   Grand Totals
     13924        732       1060         20       1728       9828   ELF Image Totals
     13924        732       1060         20          0          0   ROM Totals

==============================================================================

    Total RO  Size (Code + RO Data)                14984 (  14.63kB)
    Total RW  Size (RW Data + ZI Data)              1748 (   1.71kB)
    Total ROM Size (Code + RO Data + RW Data)      15004 (  14.65kB)

==============================================================================

